Component: ARM Compiler 5.06 update 7 (build 960) Tool: armlink [4d3601]

==============================================================================

Section Cross References

    main.o(i.HAL_TIM_PeriodElapsedCallback) refers to stm32f4xx_hal.o(i.HAL_IncTick) for HAL_IncTick
    main.o(i.SystemClock_Config) refers to rt_memclr_w.o(.text) for __aeabi_memclr4
    main.o(i.SystemClock_Config) refers to stm32f4xx_hal_rcc.o(i.HAL_RCC_OscConfig) for HAL_RCC_OscConfig
    main.o(i.SystemClock_Config) refers to main.o(i.Error_Handler) for Error_Handler
    main.o(i.SystemClock_Config) refers to stm32f4xx_hal_rcc.o(i.HAL_RCC_ClockConfig) for HAL_RCC_ClockConfig
    main.o(i.main) refers to stm32f4xx_hal.o(i.HAL_Init) for HAL_Init
    main.o(i.main) refers to main.o(i.SystemClock_Config) for SystemClock_Config
    main.o(i.main) refers to gpio.o(i.MX_GPIO_Init) for MX_GPIO_Init
    main.o(i.main) refers to dma.o(i.MX_DMA_Init) for MX_DMA_Init
    main.o(i.main) refers to spi.o(i.MX_SPI1_Init) for MX_SPI1_Init
    main.o(i.main) refers to tim.o(i.MX_TIM5_Init) for MX_TIM5_Init
    main.o(i.main) refers to i2c.o(i.MX_I2C3_Init) for MX_I2C3_Init
    main.o(i.main) refers to tim.o(i.MX_TIM10_Init) for MX_TIM10_Init
    main.o(i.main) refers to usart.o(i.MX_USART1_UART_Init) for MX_USART1_UART_Init
    main.o(i.main) refers to can.o(i.MX_CAN2_Init) for MX_CAN2_Init
    main.o(i.main) refers to tim.o(i.MX_TIM4_Init) for MX_TIM4_Init
    main.o(i.main) refers to usart.o(i.MX_USART3_UART_Init) for MX_USART3_UART_Init
    main.o(i.main) refers to can.o(i.MX_CAN1_Init) for MX_CAN1_Init
    main.o(i.main) refers to usart.o(i.MX_USART2_UART_Init) for MX_USART2_UART_Init
    main.o(i.main) refers to usart.o(i.MX_USART6_UART_Init) for MX_USART6_UART_Init
    main.o(i.main) refers to tim.o(i.MX_TIM3_Init) for MX_TIM3_Init
    main.o(i.main) refers to tim.o(i.MX_TIM1_Init) for MX_TIM1_Init
    main.o(i.main) refers to spi.o(i.MX_SPI2_Init) for MX_SPI2_Init
    main.o(i.main) refers to tim.o(i.MX_TIM8_Init) for MX_TIM8_Init
    main.o(i.main) refers to bsp_delay.o(i.delay_init) for delay_init
    main.o(i.main) refers to bsp_buzzer.o(i.Buzzer_Init) for Buzzer_Init
    main.o(i.main) refers to calibrate_task.o(i.cali_param_init) for cali_param_init
    main.o(i.main) refers to port.o(i.vPortEnterCritical) for vPortEnterCritical
    main.o(i.main) refers to control_vision.o(i.Vision_Init) for Vision_Init
    main.o(i.main) refers to control_vision.o(i.Vision_USART_Receive_DMA) for Vision_USART_Receive_DMA
    main.o(i.main) refers to can_control.o(i.CAN_IT_Init) for CAN_IT_Init
    main.o(i.main) refers to bsp_usart.o(i.HAL_UART_Receive_IT_IDLE) for HAL_UART_Receive_IT_IDLE
    main.o(i.main) refers to stm32f4xx_hal_tim.o(i.HAL_TIM_PWM_Start) for HAL_TIM_PWM_Start
    main.o(i.main) refers to shoot.o(i.Mag_Ctrl) for Mag_Ctrl
    main.o(i.main) refers to freertos.o(i.MX_FREERTOS_Init) for MX_FREERTOS_Init
    main.o(i.main) refers to cmsis_os.o(i.osKernelStart) for osKernelStart
    main.o(i.main) refers to usart.o(.bss) for huart6
    main.o(i.main) refers to can.o(.bss) for hcan1
    main.o(i.main) refers to bsp_usart.o(.bss) for UART_Buffer
    main.o(i.main) refers to tim.o(.bss) for htim1
    gpio.o(i.MX_GPIO_Init) refers to rt_memclr_w.o(.text) for __aeabi_memclr4
    gpio.o(i.MX_GPIO_Init) refers to stm32f4xx_hal_gpio.o(i.HAL_GPIO_WritePin) for HAL_GPIO_WritePin
    gpio.o(i.MX_GPIO_Init) refers to stm32f4xx_hal_gpio.o(i.HAL_GPIO_Init) for HAL_GPIO_Init
    gpio.o(i.MX_GPIO_Init) refers to stm32f4xx_hal_cortex.o(i.HAL_NVIC_SetPriority) for HAL_NVIC_SetPriority
    gpio.o(i.MX_GPIO_Init) refers to stm32f4xx_hal_cortex.o(i.HAL_NVIC_EnableIRQ) for HAL_NVIC_EnableIRQ
    freertos.o(i.ALL_Send) refers to control_vision.o(i.Update_VisionTarget) for Update_VisionTarget
    freertos.o(i.ALL_Send) refers to cmsis_os.o(i.osDelay) for osDelay
    freertos.o(i.Debug) refers to f2d.o(x$fpl$f2d) for __aeabi_f2d
    freertos.o(i.Debug) refers to dmul_clz.o(x$fpl$dmul) for __aeabi_dmul
    freertos.o(i.Debug) refers to d2f_clz.o(x$fpl$d2f) for __aeabi_d2f
    freertos.o(i.Debug) refers to debug_datascope.o(i.DataScope_Get_Channel_Data) for DataScope_Get_Channel_Data
    freertos.o(i.Debug) refers to debug_datascope.o(i.DataScope_Data_Generate) for DataScope_Data_Generate
    freertos.o(i.Debug) refers to cmsis_os.o(i.osDelay) for osDelay
    freertos.o(i.Debug) refers to shoot.o(.bss) for Frict_motor
    freertos.o(i.Debug) refers to freertos.o(.data) for Send_Count
    freertos.o(i.Debug) refers to debug_datascope.o(.bss) for DataScope_OutPut_Buffer
    freertos.o(i.IMU_Send) refers to tasks.o(i.xTaskGetTickCount) for xTaskGetTickCount
    freertos.o(i.IMU_Send) refers to freertos.o(i.Updata_Hand_Euler_Gyro_Data) for Updata_Hand_Euler_Gyro_Data
    freertos.o(i.IMU_Send) refers to tasks.o(i.vTaskDelayUntil) for vTaskDelayUntil
    freertos.o(i.MX_FREERTOS_Init) refers to rt_memcpy_w.o(.text) for __aeabi_memcpy4
[...]
    hdma_usart3_rx                           0x2000122c   Data          96  usart.o(.bss)
    hdma_usart6_rx                           0x2000128c   Data          96  usart.o(.bss)
    htim6                                    0x200012ec   Data          64  stm32f4xx_hal_timebase_tim.o(.bss)
    DataScope_OutPut_Buffer                  0x2000132c   Data          42  debug_datascope.o(.bss)
    DJIC_IMU                                 0x20001358   Data          40  dji_imu.o(.bss)
    remote_control                           0x20001380   Data          22  remote_control.o(.bss)
    DR16_Export_Data                         0x20001398   Data          68  remote_control.o(.bss)
    M6020s_Yaw                               0x200013dc   Data          36  m6020_motor.o(.bss)
    M6020s_Pitch                             0x20001400   Data          36  m6020_motor.o(.bss)
    M6020_motor                              0x20001424   Data          44  m6020_motor.o(.bss)
    PITCH_Use                                0x20001450   Data          36  m6020_motor.o(.bss)
    infantry_null                            0x20001474   Data          16  dev_oled.o(.bss)
    hero_null                                0x20001484   Data          16  dev_oled.o(.bss)
    engineer_null                            0x20001494   Data          16  dev_oled.o(.bss)
    sentry_null                              0x200014a4   Data          16  dev_oled.o(.bss)
    darts_null                               0x200014b4   Data          16  dev_oled.o(.bss)
    ADC_Value                                0x200014c4   Data         200  dev_oled.o(.bss)
    Buzzer                                   0x2000198c   Data          10  bsp_buzzer.o(.bss)
    UART_Buffer                              0x20001996   Data         100  bsp_usart.o(.bss)
    Can_Data                                 0x200019fc   Data         152  can_control.o(.bss)
    moto_chassis                             0x20001a94   Data         128  can_control.o(.bss)
    M6020moto_chassis                        0x20001b14   Data         128  can_control.o(.bss)
    M3508_Friction                           0x20001b94   Data          64  can_control.o(.bss)
    TXHeader                                 0x20001bd4   Data          24  can_control.o(.bss)
    RXHeader                                 0x20001bec   Data          28  can_control.o(.bss)
    M2006_Reload                             0x20001c08   Data          32  can_control.o(.bss)
    accel_dma_rx_buf                         0x20001ef0   Data           9  ins_task.o(.bss)
    bmi088_real_data                         0x20001efc   Data          36  ins_task.o(.bss)
    gyro_offset                              0x20001f20   Data          12  ins_task.o(.bss)
    gyro_cali_offset                         0x20001f2c   Data          12  ins_task.o(.bss)
    accel_offset                             0x20001f38   Data          12  ins_task.o(.bss)
    accel_cali_offset                        0x20001f44   Data          12  ins_task.o(.bss)
    ist8310_real_data                        0x20001f50   Data          16  ins_task.o(.bss)
    mag_offset                               0x20001f60   Data          12  ins_task.o(.bss)
    mag_cali_offset                          0x20001f6c   Data          12  ins_task.o(.bss)
    INS_angle                                0x2000200c   Data          12  ins_task.o(.bss)
    INS_gyro                                 0x20002018   Data          12  ins_task.o(.bss)
    cali_sensor                              0x20002058   Data          13  calibrate_task.o(.bss)
    pFlash                                   0x20002068   Data          32  stm32f4xx_hal_flash.o(.bss)
    xQueueRegistry                           0x20002088   Data          64  queue.o(.bss)
    YAWVision                                0x200082c8   Data          12  cloud_control.o(.bss)
    PITVision                                0x200082d4   Data          12  cloud_control.o(.bss)
    Kalman_CHASFollow_Speed                  0x200082e0   Data          48  cloud_control.o(.bss)
    first_order_filter_BIG_YAW               0x20008310   Data          16  cloud_control.o(.bss)
    first_order_filter_BIG_PIT               0x20008320   Data          16  cloud_control.o(.bss)
    Yaw_Vision_Out_Pid                       0x20008330   Data          64  cloud_control.o(.bss)
    Yaw_Vision_IN_Pid                        0x20008370   Data          64  cloud_control.o(.bss)
    PIT_Vision_Out_Pid                       0x200083b0   Data          64  cloud_control.o(.bss)
    PIT_Vision_IN_Pid                        0x200083f0   Data          64  cloud_control.o(.bss)
    Yaw_Vision_Out_Pid_t                     0x20008430   Data          64  cloud_control.o(.bss)
    Yaw_Vision_IN_Pid_t                      0x20008470   Data          64  cloud_control.o(.bss)
    PIT_Vision_Out_Pid_t                     0x200084b0   Data          64  cloud_control.o(.bss)
    PIT_Vision_IN_Pid_t                      0x200084f0   Data          64  cloud_control.o(.bss)
    Yaw_Vision_Out_Pid_spin                  0x20008530   Data          64  cloud_control.o(.bss)
    Yaw_Vision_IN_Pid_spin                   0x20008570   Data          64  cloud_control.o(.bss)
    PIT_Vision_Out_Pid_spin                  0x200085b0   Data          64  cloud_control.o(.bss)
    PIT_Vision_IN_Pid_spin                   0x200085f0   Data          64  cloud_control.o(.bss)
    M6020_Yaw_OUT                            0x20008630   Data          64  cloud_control.o(.bss)
    M6020_Yaw_IN                             0x20008670   Data          64  cloud_control.o(.bss)
    M6020_PIT_OUT                            0x200086b0   Data          64  cloud_control.o(.bss)
    M6020_PIT_IN                             0x200086f0   Data          64  cloud_control.o(.bss)
    tempSendData_t                           0x20008730   Data          32  robot_control.o(.bss)
    PCtempSendData_t                         0x20008750   Data          32  robot_control.o(.bss)
    Shoot                                    0x20008770   Data          16  robot_control.o(.bss)
    Send_Vision_data                         0x20008780   Data          13  control_vision.o(.bss)
    Vision_DataBuff                          0x2000878d   Data          15  control_vision.o(.bss)
    VisionData                               0x2000879c   Data          84  control_vision.o(.bss)
    VisionSend_IMU                           0x200087f0   Data          16  control_vision.o(.bss)
    RoboInfUartBuff                          0x20008800   Data          13  control_vision.o(.bss)
    Vision_TIME                              0x20008810   Data          16  control_vision.o(.bss)
    YAW_queue                                0x20008820   Data          20  control_vision.o(.bss)
    PIT_queue                                0x20008834   Data          20  control_vision.o(.bss)
    sz                                       0x20008848   Data          40  control_vision.o(.bss)
    FrictL_PID                               0x20008870   Data          56  shoot.o(.bss)
    FrictR_PID                               0x200088a8   Data          56  shoot.o(.bss)
    M2006_Dial_Ppid                          0x200088e0   Data          64  shoot.o(.bss)
    M2006_Dial_Ipid                          0x20008920   Data          64  shoot.o(.bss)
    M2006_motor                              0x20008960   Data          44  shoot.o(.bss)
    Frict_motor                              0x2000898c   Data          24  shoot.o(.bss)
    Reload                                   0x200089a4   Data          28  shoot.o(.bss)
    Fric_SpeedOffset                         0x200089c0   Data          16  shoot.o(.bss)
    Expt                                     0x200089d0   Data          20  dr16_control.o(.bss)
    FrameCounter                             0x200089e4   Data          20  devices_monitor.o(.bss)
    __libspace_start                         0x200089f8   Data          96  libspace.o(.bss)
    __temporary_stack_top$libspace           0x20008a58   Data           0  libspace.o(.bss)



==============================================================================

Memory Map of the image

  Image Entry point : 0x08000189

  Load Region LR_IROM1 (Base: 0x08000000, Size: 0x00017808, Max: 0x00100000, ABSOLUTE, COMPRESSED[0x00017450])

    Execution Region ER_IROM1 (Exec base: 0x08000000, Load base: 0x08000000, Size: 0x00017178, Max: 0x00100000, ABSOLUTE)

    Exec Addr    Load Addr    Size         Type   Attr      Idx    E Section Name        Object

    0x08000000   0x08000000   0x00000188   Data   RO         3520    RESET               startup_stm32f407xx.o
    0x08000188   0x08000188   0x00000008   Code   RO         9765  * !!!main             c_w.l(__main.o)
    0x08000190   0x08000190   0x00000034   Code   RO        10211    !!!scatter          c_w.l(__scatter.o)
    0x080001c4   0x080001c4   0x00000064   Code   RO        10209    !!dclz77c           c_w.l(__dclz77c.o)
    0x08000228   0x08000228   0x0000001c   Code   RO        10213    !!handler_zi        c_w.l(__scatter_zi.o)
    0x08000244   0x08000244   0x00000002   Code   RO        10077    .ARM.Collect$$libinit$$00000000  c_w.l(libinit.o)
    0x08000246   0x08000246   0x00000004   Code   RO        10078    .ARM.Collect$$libinit$$00000001  c_w.l(libinit2.o)
    0x0800024a   0x0800024a   0x00000000   Code   RO        10081    .ARM.Collect$$libinit$$00000004  c_w.l(libinit2.o)
    0x0800024a   0x0800024a   0x00000000   Code   RO        10084    .ARM.Collect$$libinit$$0000000A  c_w.l(libinit2.o)
    0x0800024a   0x0800024a   0x00000000   Code   RO        10086    .ARM.Collect$$libinit$$0000000C  c_w.l(libinit2.o)
    0x0800024a   0x0800024a   0x00000000   Code   RO        10088    .ARM.Collect$$libinit$$0000000E  c_w.l(libinit2.o)
    0x0800024a   0x0800024a   0x00000000   Code   RO        10091    .ARM.Collect$$libinit$$00000011  c_w.l(libinit2.o)
    0x0800024a   0x0800024a   0x00000000   Code   RO        10093    .ARM.Collect$$libinit$$00000013  c_w.l(libinit2.o)
    0x0800024a   0x0800024a   0x00000000   Code   RO        10095    .ARM.Collect$$libinit$$00000015  c_w.l(libinit2.o)
    0x0800024a   0x0800024a   0x00000000   Code   RO        10097    .ARM.Collect$$libinit$$00000017  c_w.l(libinit2.o)
    0x0800024a   0x0800024a   0x00000000   Code   RO        10099    .ARM.Collect$$libinit$$00000019  c_w.l(libinit2.o)
    0x0800024a   0x0800024a   0x00000000   Code   RO        10101    .ARM.Collect$$libinit$$0000001B  c_w.l(libinit2.o)
    0x0800024a   0x0800024a   0x00000000   Code   RO        10103    .ARM.Collect$$libinit$$0000001D  c_w.l(libinit2.o)
    0x0800024a   0x0800024a   0x00000000   Code   RO        10105    .ARM.Collect$$libinit$$0000001F  c_w.l(libinit2.o)
    0x0800024a   0x0800024a   0x00000000   Code   RO        10107    .ARM.Collect$$libinit$$00000021  c_w.l(libinit2.o)
    0x0800024a   0x0800024a   0x00000000   Code   RO        10109    .ARM.Collect$$libinit$$00000023  c_w.l(libinit2.o)
    0x0800024a   0x0800024a   0x00000000   Code   RO        10111    .ARM.Collect$$libinit$$00000025  c_w.l(libinit2.o)
    0x0800024a   0x0800024a   0x00000000   Code   RO        10115    .ARM.Collect$$libinit$$0000002C  c_w.l(libinit2.o)
    0x0800024a   0x0800024a   0x00000000   Code   RO        10117    .ARM.Collect$$libinit$$0000002E  c_w.l(libinit2.o)
    0x0800024a   0x0800024a   0x00000000   Code   RO        10119    .ARM.Collect$$libinit$$00000030  c_w.l(libinit2.o)
    0x0800024a   0x0800024a   0x00000000   Code   RO        10121    .ARM.Collect$$libinit$$00000032  c_w.l(libinit2.o)
    0x0800024a   0x0800024a   0x00000002   Code   RO        10122    .ARM.Collect$$libinit$$00000033  c_w.l(libinit2.o)
    0x0800024c   0x0800024c   0x00000002   Code   RO        10172    .ARM.Collect$$libshutdown$$00000000  c_w.l(libshutdown.o)
    0x0800024e   0x0800024e   0x00000000   Code   RO        10190    .ARM.Collect$$libshutdown$$00000002  c_w.l(libshutdown2.o)
    0x0800024e   0x0800024e   0x00000000   Code   RO        10192    .ARM.Collect$$libshutdown$$00000004  c_w.l(libshutdown2.o)
    0x0800024e   0x0800024e   0x00000000   Code   RO        10194    .ARM.Collect$$libshutdown$$00000006  c_w.l(libshutdown2.o)
    0x0800024e   0x0800024e   0x00000000   Code   RO        10197    .ARM.Collect$$libshutdown$$00000009  c_w.l(libshutdown2.o)
    0x0800024e   0x0800024e   0x00000000   Code   RO        10200    .ARM.Collect$$libshutdown$$0000000C  c_w.l(libshutdown2.o)
    0x0800024e   0x0800024e   0x00000000   Code   RO        10202    .ARM.Collect$$libshutdown$$0000000E  c_w.l(libshutdown2.o)
    0x0800024e   0x0800024e   0x00000000   Code   RO        10205    .ARM.Collect$$libshutdown$$00000011  c_w.l(libshutdown2.o)
    0x0800024e   0x0800024e   0x00000002   Code   RO        10206    .ARM.Collect$$libshutdown$$00000012  c_w.l(libshutdown2.o)
    0x08000250   0x08000250   0x00000000   Code   RO         9841    .ARM.Collect$$rtentry$$00000000  c_w.l(__rtentry.o)
    0x08000250   0x08000250   0x00000000   Code   RO         9978    .ARM.Collect$$rtentry$$00000002  c_w.l(__rtentry2.o)
    0x08000250   0x08000250   0x00000006   Code   RO         9990    .ARM.Collect$$rtentry$$00000004  c_w.l(__rtentry4.o)
    0x08000256   0x08000256   0x00000000   Code   RO         9980    .ARM.Collect$$rtentry$$00000009  c_w.l(__rtentry2.o)
    0x08000256   0x08000256   0x00000004   Code   RO         9981    .ARM.Collect$$rtentry$$0000000A  c_w.l(__rtentry2.o)
    0x0800025a   0x0800025a   0x00000000   Code   RO         9983    .ARM.Collect$$rtentry$$0000000C  c_w.l(__rtentry2.o)
    0x0800025a   0x0800025a   0x00000008   Code   RO         9984    .ARM.Collect$$rtentry$$0000000D  c_w.l(__rtentry2.o)
    0x08000262   0x08000262   0x00000002   Code   RO        10123    .ARM.Collect$$rtexit$$00000000  c_w.l(rtexit.o)
    0x08000264   0x08000264   0x00000000   Code   RO        10141    .ARM.Collect$$rtexit$$00000002  c_w.l(rtexit2.o)
    0x08000264   0x08000264   0x00000004   Code   RO        10142    .ARM.Collect$$rtexit$$00000003  c_w.l(rtexit2.o)
    0x08000268   0x08000268   0x00000006   Code   RO        10143    .ARM.Collect$$rtexit$$00000004  c_w.l(rtexit2.o)
    0x0800026e   0x0800026e   0x00000002   PAD
    0x08000270   0x08000270   0x000000be   Code   RO         8490    .emb_text           port.o
    0x0800032e   0x0800032e   0x00000002   PAD
    0x08000330   0x08000330   0x00000040   Code   RO         3521    .text               startup_stm32f407xx.o
    0x08000370   0x08000370   0x00000078   Code   RO         9420    .text               arm_cortexM4lf_math.lib(arm_cos_f32.o)
    0x080003e8   0x080003e8   0x00000094   Code   RO         9470    .text               arm_cortexM4lf_math.lib(arm_sin_f32.o)
    0x0800047c   0x0800047c   0x000000ee   Code   RO         9719    .text               c_w.l(lludivv7m.o)
    0x0800056a   0x0800056a   0x0000003e   Code   RO         9751    .text               c_w.l(strlen.o)
    0x080005a8   0x080005a8   0x0000008a   Code   RO         9753    .text               c_w.l(rt_memcpy_v6.o)
    0x08000632   0x08000632   0x00000064   Code   RO         9755    .text               c_w.l(rt_memcpy_w.o)
    0x08000696   0x08000696   0x00000010   Code   RO         9759    .text               c_w.l(aeabi_memset.o)
    0x080006a6   0x080006a6   0x0000004e   Code   RO         9761    .text               c_w.l(rt_memclr_w.o)
    0x080006f4   0x080006f4   0x00000006   Code   RO         9763    .text               c_w.l(heapauxi.o)
    0x080006fa   0x080006fa   0x00000016   Code   RO         9846    .text               c_w.l(_rserrno.o)
    0x08000710   0x08000710   0x00000044   Code   RO         9918    .text               c_w.l(rt_memclr.o)
    0x08000754   0x08000754   0x00000008   Code   RO        10002    .text               c_w.l(rt_errno_addr_intlibspace.o)
    0x0800075c   0x0800075c   0x00000030   Code   RO        10006    .text               c_w.l(_fptrap.o)
    0x0800078c   0x0800078c   0x00000008   Code   RO        10057    .text               c_w.l(libspace.o)
    0x08000794   0x08000794   0x0000004a   Code   RO        10060    .text               c_w.l(sys_stackheap_outer.o)
    0x080007de   0x080007de   0x00000012   Code   RO        10064    .text               c_w.l(exit.o)
    0x080007f0   0x080007f0   0x0000000e   Code   RO        10066    .text               c_w.l(defsig_fpe_outer.o)
    0x080007fe   0x080007fe   0x0000000a   Code   RO        10130    .text               c_w.l(defsig_exit.o)
    0x08000808   0x08000808   0x000000ac   Code   RO        10132    .text               c_w.l(defsig_fpe_inner.o)
    0x080008b4   0x080008b4   0x0000000c   Code   RO        10138    .text               c_w.l(sys_exit.o)
    0x080008c0   0x080008c0   0x00000032   Code   RO        10149    .text               c_w.l(defsig_general.o)
    0x080008f2   0x080008f2   0x0000000e   Code   RO        10155    .text               c_w.l(sys_wrch.o)
    0x08000900   0x08000900   0x00000002   Code   RO        10159    .text               c_w.l(use_no_semi.o)
    0x08000902   0x08000902   0x00000000   Code   RO        10161    .text               c_w.l(indicate_semi.o)
    0x08000902   0x08000902   0x00000002   PAD
    0x08000904   0x08000904   0x00000028   Code   RO         2817    i.AHRS_init         ins_task.o
    0x0800092c   0x0800092c   0x0000006a   Code   RO         2818    i.AHRS_update       ins_task.o
    0x08000996   0x08000996   0x0000000e   Code   RO          469    i.ALL_Send          freertos.o
    0x080009a4   0x080009a4   0x000001b0   Code   RO         9097    i.AttackMode_Ctrl   shoot.o
    0x08000b54   0x08000b54   0x00000014   Code   RO         1307    i.BMI088_ACCEL_NS_H  bmi088middleware.o
    0x08000b68   0x08000b68   0x00000014   Code   RO         1308    i.BMI088_ACCEL_NS_L  bmi088middleware.o
    0x08000b7c   0x08000b7c   0x00000002   Code   RO         1309    i.BMI088_GPIO_init  bmi088middleware.o
    0x08000b7e   0x08000b7e   0x00000002   PAD
    0x08000b80   0x08000b80   0x00000014   Code   RO         1310    i.BMI088_GYRO_NS_H  bmi088middleware.o
    0x08000b94   0x08000b94   0x00000014   Code   RO         1311    i.BMI088_GYRO_NS_L  bmi088middleware.o
    0x08000ba8   0x08000ba8   0x00000090   Code   RO         1099    i.BMI088_accel_read_over  bmi088driver.o
    0x08000c38   0x08000c38   0x00000002   Code   RO         1312    i.BMI088_com_init   bmi088middleware.o
    0x08000c3a   0x08000c3a   0x0000000c   Code   RO         1313    i.BMI088_delay_ms   bmi088middleware.o
    0x08000c46   0x08000c46   0x0000000c   Code   RO         1314    i.BMI088_delay_us   bmi088middleware.o
    0x08000c52   0x08000c52   0x00000002   PAD
    0x08000c54   0x08000c54   0x00000068   Code   RO         1100    i.BMI088_gyro_read_over  bmi088driver.o
    0x08000cbc   0x08000cbc   0x00000034   Code   RO         1101    i.BMI088_init       bmi088driver.o
    0x08000cf0   0x08000cf0   0x0000017c   Code   RO         1102    i.BMI088_read       bmi088driver.o
    0x08000e6c   0x08000e6c   0x00000026   Code   RO         1105    i.BMI088_read_muli_reg  bmi088driver.o
    0x08000e92   0x08000e92   0x00000018   Code   RO         1106    i.BMI088_read_single_reg  bmi088driver.o
    0x08000eaa   0x08000eaa   0x00000002   PAD
    0x08000eac   0x08000eac   0x00000020   Code   RO         1315    i.BMI088_read_write_byte  bmi088middleware.o
    0x08000ecc   0x08000ecc   0x00000034   Code   RO         1107    i.BMI088_temperature_read_over  bmi088driver.o
    0x08000f00   0x08000f00   0x00000014   Code   RO         1108    i.BMI088_write_single_reg  bmi088driver.o
    0x08000f14   0x08000f14   0x00000004   Code   RO          893    i.BusFault_Handler  stm32f4xx_it.o
    0x08000f18   0x08000f18   0x00000024   Code   RO         2376    i.Buzzer_Init       bsp_buzzer.o
    0x08000f3c   0x08000f3c   0x00000128   Code   RO         2377    i.Buzzer_Processing  bsp_buzzer.o
    0x08001064   0x08001064   0x0000001c   Code   RO          894    i.CAN1_RX0_IRQHandler  stm32f4xx_it.o
    0x08001080   0x08001080   0x0000001c   Code   RO          895    i.CAN2_RX0_IRQHandler  stm32f4xx_it.o
    0x0800109c   0x0800109c   0x0000002a   Code   RO         2454    i.CAN_FILTER_Init   can_control.o
    0x080010c6   0x080010c6   0x00000002   PAD
    0x080010c8   0x080010c8   0x00000038   Code   RO         2455    i.CAN_IT_Init       can_control.o
    0x08001100   0x08001100   0x00000034   Code   RO         2456    i.CAN_Senddata      can_control.o
    0x08001134   0x08001134   0x00000058   Code   RO         2457    i.CAN_senddata      can_control.o
    0x0800118c   0x0800118c   0x00000058   Code   RO         2458    i.CAN_senddata_6020  can_control.o
    0x080011e4   0x080011e4   0x00000018   Code   RO         8845    i.CHAS_Max_Get_Power  chassis_control.o
    0x080011fc   0x080011fc   0x00000178   Code   RO         1632    i.Callback_RC_Handle  remote_control.o
    0x08001374   0x08001374   0x0000000c   Code   RO         8846    i.ChassisCap_Ctrl   chassis_control.o
    0x08001380   0x08001380   0x000001bc   Code   RO         8847    i.Chassis_Drv_Slow  chassis_control.o
    0x0800153c   0x0800153c   0x0000005c   Code   RO         8848    i.Chassis_control   chassis_control.o
    0x08001598   0x08001598   0x0000002c   Code   RO         8939    i.Check_Vision      control_vision.o
    0x080015c4   0x080015c4   0x00000024   Code   RO         3485    i.Checksum_CRC8     crc.o
    0x080015e8   0x080015e8   0x00000020   Code   RO         8571    i.Cloud_PID_Init    cloud_control.o
    0x08001608   0x08001608   0x00000194   Code   RO         8572    i.Cloud_PITIMUVisionPID  cloud_control.o
    0x0800179c   0x0800179c   0x00000190   Code   RO         8573    i.Cloud_YAWIMUVisionPID  cloud_control.o
    0x0800192c   0x0800192c   0x00000308   Code   RO         8574    i.Cloud_control     cloud_control.o
    0x08001c34   0x08001c34   0x0000000c   Code   RO         9281    i.CtrlSource_Switch  dr16_control.o
    0x08001c40   0x08001c40   0x00000010   Code   RO          896    i.DMA1_Stream1_IRQHandler  stm32f4xx_it.o
    0x08001c50   0x08001c50   0x00000010   Code   RO          897    i.DMA2_Stream1_IRQHandler  stm32f4xx_it.o
    0x08001c60   0x08001c60   0x00000898   Code   RO         2819    i.DMA2_Stream2_IRQHandler  ins_task.o
    0x080024f8   0x080024f8   0x00000010   Code   RO          898    i.DMA2_Stream4_IRQHandler  stm32f4xx_it.o
    0x08002508   0x08002508   0x00000034   Code   RO         4303    i.DMA_CalcBaseAndBitshift  stm32f4xx_hal_dma.o
    0x0800253c   0x0800253c   0x000000aa   Code   RO         4304    i.DMA_CheckFifoParam  stm32f4xx_hal_dma.o
    0x080025e6   0x080025e6   0x0000002c   Code   RO         4305    i.DMA_SetConfig     stm32f4xx_hal_dma.o
    0x08002612   0x08002612   0x00000002   PAD
    0x08002614   0x08002614   0x0000070c   Code   RO         9282    i.DR16PCCtrl_Update  dr16_control.o
    0x08002d20   0x08002d20   0x0000029c   Code   RO         9283    i.DR16RCCtrl_Update  dr16_control.o
    0x08002fbc   0x08002fbc   0x0000002c   Code   RO         9284    i.DR16_CTRLSource_Update  dr16_control.o
    0x08002fe8   0x08002fe8   0x0000000c   Code   RO         9285    i.DR16_Get_ExptPit  dr16_control.o
    0x08002ff4   0x08002ff4   0x0000000c   Code   RO         9289    i.DR16_Get_ExptYaw  dr16_control.o
    0x08003000   0x08003000   0x000005f0   Code   RO         9290    i.DR16_LeverMode_Update  dr16_control.o
    0x080035f0   0x080035f0   0x00000098   Code   RO         1533    i.DataScope_Data_Generate  debug_datascope.o
    0x08003688   0x08003688   0x000000a8   Code   RO         1534    i.DataScope_Get_Channel_Data  debug_datascope.o
    0x08003730   0x08003730   0x00000148   Code   RO          470    i.Debug             freertos.o
    0x08003878   0x08003878   0x00000002   Code   RO          899    i.DebugMon_Handler  stm32f4xx_it.o
    0x0800387a   0x0800387a   0x00000002   PAD
    0x0800387c   0x0800387c   0x00000030   Code   RO         9380    i.DevicesGet_State  devices_monitor.o
    0x080038ac   0x080038ac   0x00000014   Code   RO         9381    i.DevicesUpdate     devices_monitor.o
    0x080038c0   0x080038c0   0x00000054   Code   RO         9382    i.Devices_Detec     devices_monitor.o
    0x08003914   0x08003914   0x00000060   Code   RO         9098    i.Dial_PID_Init     shoot.o
    0x08003974   0x08003974   0x00000294   Code   RO         9099    i.Dial_PID_calc     shoot.o
    0x08003c08   0x08003c08   0x0000000a   Code   RO          900    i.EXTI0_IRQHandler  stm32f4xx_it.o
    0x08003c12   0x08003c12   0x0000000a   Code   RO          901    i.EXTI3_IRQHandler  stm32f4xx_it.o
    0x08003c1c   0x08003c1c   0x0000000a   Code   RO          902    i.EXTI4_IRQHandler  stm32f4xx_it.o
    0x08003c26   0x08003c26   0x0000000a   Code   RO          903    i.EXTI9_5_IRQHandler  stm32f4xx_it.o
    0x08003c30   0x08003c30   0x00000002   Code   RO            4    i.Error_Handler     main.o
    0x08003c32   0x08003c32   0x00000002   PAD
    0x08003c34   0x08003c34   0x0000005c   Code   RO         4073    i.FLASH_Erase_Sector  stm32f4xx_hal_flash_ex.o
    0x08003c90   0x08003c90   0x00000078   Code   RO         4074    i.FLASH_FlushCaches  stm32f4xx_hal_flash_ex.o
    0x08003d08   0x08003d08   0x00000030   Code   RO         4075    i.FLASH_MassErase   stm32f4xx_hal_flash_ex.o
    0x08003d38   0x08003d38   0x00000024   Code   RO         3955    i.FLASH_Program_Byte  stm32f4xx_hal_flash.o
    0x08003d5c   0x08003d5c   0x0000003c   Code   RO         3956    i.FLASH_Program_DoubleWord  stm32f4xx_hal_flash.o
    0x08003d98   0x08003d98   0x00000028   Code   RO         3957    i.FLASH_Program_HalfWord  stm32f4xx_hal_flash.o
    0x08003dc0   0x08003dc0   0x00000028   Code   RO         3958    i.FLASH_Program_Word  stm32f4xx_hal_flash.o
    0x08003de8   0x08003de8   0x00000098   Code   RO         3959    i.FLASH_SetErrorCode  stm32f4xx_hal_flash.o
    0x08003e80   0x08003e80   0x00000064   Code   RO         3960    i.FLASH_WaitForLastOperation  stm32f4xx_hal_flash.o
    0x08003ee4   0x08003ee4   0x00000050   Code   RO         8940    i.FPS_Calculate     control_vision.o
    0x08003f34   0x08003f34   0x00000018   Code   RO         8941    i.FiringRate        control_vision.o
    0x08003f4c   0x08003f4c   0x0000001c   Code   RO         1535    i.Float2Byte        debug_datascope.o
    0x08003f68   0x08003f68   0x0000012c   Code   RO         8849    i.Follow_Ctrl       chassis_control.o
    0x08004094   0x08004094   0x0000000e   Code   RO         9383    i.Frame_Detec       devices_monitor.o
    0x080040a2   0x080040a2   0x00000002   PAD
    0x080040a4   0x080040a4   0x0000044c   Code   RO         9101    i.Fric_processing   shoot.o
    0x080044f0   0x080044f0   0x00000044   Code   RO         9102    i.Frict_PID_Init    shoot.o
    0x08004534   0x08004534   0x00000048   Code   RO         1633    i.GetKeyMouseAction  remote_control.o
    0x0800457c   0x0800457c   0x0000000c   Code   RO         8942    i.GetVisionDiscMode  control_vision.o
    0x08004588   0x08004588   0x00000018   Code   RO         8943    i.GetVisionHitMode  control_vision.o
    0x080045a0   0x080045a0   0x0000000c   Code   RO         1634    i.Get_CH0           remote_control.o
    0x080045ac   0x080045ac   0x0000000c   Code   RO         1635    i.Get_CH1           remote_control.o
    0x080045b8   0x080045b8   0x0000000c   Code   RO         1636    i.Get_CH2           remote_control.o
    0x080045c4   0x080045c4   0x0000000c   Code   RO         1637    i.Get_CH3           remote_control.o
    0x080045d0   0x080045d0   0x00000054   Code   RO         8575    i.Get_CloudMeasured  cloud_control.o
    0x08004624   0x08004624   0x0000000c   Code   RO         1638    i.Get_DW            remote_control.o
    0x08004630   0x08004630   0x00000020   Code   RO         8945    i.Get_FPS           control_vision.o
    0x08004650   0x08004650   0x0000000c   Code   RO         1639    i.Get_MouseX        remote_control.o
    0x0800465c   0x0800465c   0x0000000c   Code   RO         1640    i.Get_MouseY        remote_control.o
    0x08004668   0x08004668   0x0000002c   Code   RO         8576    i.Get_PitDeviateH   cloud_control.o
    0x08004694   0x08004694   0x0000002c   Code   RO         8577    i.Get_PitDeviateH1  cloud_control.o
    0x080046c0   0x080046c0   0x0000002c   Code   RO         8578    i.Get_PitDeviateL   cloud_control.o
    0x080046ec   0x080046ec   0x0000002c   Code   RO         8579    i.Get_PitDeviateL1  cloud_control.o
    0x08004718   0x08004718   0x0000000c   Code   RO         1645    i.Get_S1_L          remote_control.o
    0x08004724   0x08004724   0x0000000c   Code   RO         1646    i.Get_S2_R          remote_control.o
    0x08004730   0x08004730   0x00000156   Code   RO         3567    i.HAL_CAN_AddTxMessage  stm32f4xx_hal_can.o
    0x08004886   0x08004886   0x00000002   PAD
    0x08004888   0x08004888   0x00000124   Code   RO         3568    i.HAL_CAN_ConfigFilter  stm32f4xx_hal_can.o
    0x080049ac   0x080049ac   0x00000002   Code   RO         3571    i.HAL_CAN_ErrorCallback  stm32f4xx_hal_can.o
    0x080049ae   0x080049ae   0x0000017a   Code   RO         3574    i.HAL_CAN_GetRxMessage  stm32f4xx_hal_can.o
    0x08004b28   0x08004b28   0x0000024e   Code   RO         3578    i.HAL_CAN_IRQHandler  stm32f4xx_hal_can.o
    0x08004d76   0x08004d76   0x00000174   Code   RO         3579    i.HAL_CAN_Init      stm32f4xx_hal_can.o
    0x08004eea   0x08004eea   0x00000002   PAD
    0x08004eec   0x08004eec   0x00000160   Code   RO          590    i.HAL_CAN_MspInit   can.o
    0x0800504c   0x0800504c   0x00000002   Code   RO         3586    i.HAL_CAN_RxFifo0FullCallback  stm32f4xx_hal_can.o
    0x0800504e   0x0800504e   0x00000002   Code   RO         3587    i.HAL_CAN_RxFifo0MsgPendingCallback  stm32f4xx_hal_can.o
    0x08005050   0x08005050   0x0000008c   Code   RO         2459    i.HAL_CAN_RxFifo0MsgPendingCallback_1  can_control.o
    0x080050dc   0x080050dc   0x00000090   Code   RO         2460    i.HAL_CAN_RxFifo0MsgPendingCallback_2  can_control.o
    0x0800516c   0x0800516c   0x00000002   Code   RO         3588    i.HAL_CAN_RxFifo1FullCallback  stm32f4xx_hal_can.o
    0x0800516e   0x0800516e   0x00000002   Code   RO         3589    i.HAL_CAN_RxFifo1MsgPendingCallback  stm32f4xx_hal_can.o
    0x08005170   0x08005170   0x00000002   Code   RO         3590    i.HAL_CAN_SleepCallback  stm32f4xx_hal_can.o
    0x08005172   0x08005172   0x0000005e   Code   RO         3591    i.HAL_CAN_Start     stm32f4xx_hal_can.o
    0x080051d0   0x080051d0   0x00000002   Code   RO         3593    i.HAL_CAN_TxMailbox0AbortCallback  stm32f4xx_hal_can.o
    0x080051d2   0x080051d2   0x00000002   Code   RO         3594    i.HAL_CAN_TxMailbox0CompleteCallback  stm32f4xx_hal_can.o
    0x080051d4   0x080051d4   0x00000002   Code   RO         3595    i.HAL_CAN_TxMailbox1AbortCallback  stm32f4xx_hal_can.o
    0x080051d6   0x080051d6   0x00000002   Code   RO         3596    i.HAL_CAN_TxMailbox1CompleteCallback  stm32f4xx_hal_can.o
    0x080051d8   0x080051d8   0x00000002   Code   RO         3597    i.HAL_CAN_TxMailbox2AbortCallback  stm32f4xx_hal_can.o
    0x080051da   0x080051da   0x00000002   Code   RO         3598    i.HAL_CAN_TxMailbox2CompleteCallback  stm32f4xx_hal_can.o
    0x080051dc   0x080051dc   0x00000002   Code   RO         3600    i.HAL_CAN_WakeUpFromRxMsgCallback  stm32f4xx_hal_can.o
    0x080051de   0x080051de   0x00000028   Code   RO         4307    i.HAL_DMA_Abort_IT  stm32f4xx_hal_dma.o
    0x08005206   0x08005206   0x00000002   PAD
    0x08005208   0x08005208   0x00000240   Code   RO         4311    i.HAL_DMA_IRQHandler  stm32f4xx_hal_dma.o
    0x08005448   0x08005448   0x000000ec   Code   RO         4312    i.HAL_DMA_Init      stm32f4xx_hal_dma.o
    0x08005534   0x08005534   0x00000066   Code   RO         4315    i.HAL_DMA_Start     stm32f4xx_hal_dma.o
    0x0800559a   0x0800559a   0x00000092   Code   RO         4316    i.HAL_DMA_Start_IT  stm32f4xx_hal_dma.o
    0x0800562c   0x0800562c   0x000000ac   Code   RO         4085    i.HAL_FLASHEx_Erase  stm32f4xx_hal_flash_ex.o
    0x080056d8   0x080056d8   0x00000014   Code   RO         3964    i.HAL_FLASH_Lock    stm32f4xx_hal_flash.o
    0x080056ec   0x080056ec   0x00000098   Code   RO         3969    i.HAL_FLASH_Program  stm32f4xx_hal_flash.o
    0x08005784   0x08005784   0x00000034   Code   RO         3971    i.HAL_FLASH_Unlock  stm32f4xx_hal_flash.o
    0x080057b8   0x080057b8   0x000000a8   Code   RO         2820    i.HAL_GPIO_EXTI_Callback  ins_task.o
    0x08005860   0x08005860   0x0000001c   Code   RO         4198    i.HAL_GPIO_EXTI_IRQHandler  stm32f4xx_hal_gpio.o
    0x0800587c   0x0800587c   0x00000200   Code   RO         4199    i.HAL_GPIO_Init     stm32f4xx_hal_gpio.o
    0x08005a7c   0x08005a7c   0x00000010   Code   RO         4201    i.HAL_GPIO_ReadPin  stm32f4xx_hal_gpio.o
    0x08005a8c   0x08005a8c   0x00000012   Code   RO         4202    i.HAL_GPIO_TogglePin  stm32f4xx_hal_gpio.o
    0x08005a9e   0x08005a9e   0x0000000c   Code   RO         4203    i.HAL_GPIO_WritePin  stm32f4xx_hal_gpio.o
    0x08005aaa   0x08005aaa   0x00000002   PAD
    0x08005aac   0x08005aac   0x0000000c   Code   RO         4736    i.HAL_GetTick       stm32f4xx_hal.o
    0x08005ab8   0x08005ab8   0x000001d0   Code   RO         4992    i.HAL_I2C_Init      stm32f4xx_hal_i2c.o
    0x08005c88   0x08005c88   0x000002f4   Code   RO         5010    i.HAL_I2C_Mem_Read  stm32f4xx_hal_i2c.o
    0x08005f7c   0x08005f7c   0x00000164   Code   RO         5013    i.HAL_I2C_Mem_Write  stm32f4xx_hal_i2c.o
    0x080060e0   0x080060e0   0x000000c8   Code   RO          666    i.HAL_I2C_MspInit   i2c.o
    0x080061a8   0x080061a8   0x00000018   Code   RO         4742    i.HAL_IncTick       stm32f4xx_hal.o
    0x080061c0   0x080061c0   0x0000003c   Code   RO         4743    i.HAL_Init          stm32f4xx_hal.o
    0x080061fc   0x080061fc   0x0000008c   Code   RO         1060    i.HAL_InitTick      stm32f4xx_hal_timebase_tim.o
    0x08006288   0x08006288   0x00000054   Code   RO         1036    i.HAL_MspInit       stm32f4xx_hal_msp.o
    0x080062dc   0x080062dc   0x00000020   Code   RO         4588    i.HAL_NVIC_EnableIRQ  stm32f4xx_hal_cortex.o
    0x080062fc   0x080062fc   0x0000007c   Code   RO         4594    i.HAL_NVIC_SetPriority  stm32f4xx_hal_cortex.o
    0x08006378   0x08006378   0x00000028   Code   RO         4595    i.HAL_NVIC_SetPriorityGrouping  stm32f4xx_hal_cortex.o
    0x080063a0   0x080063a0   0x00000044   Code   RO         4596    i.HAL_NVIC_SystemReset  stm32f4xx_hal_cortex.o
    0x080063e4   0x080063e4   0x00000184   Code   RO         3800    i.HAL_RCC_ClockConfig  stm32f4xx_hal_rcc.o
    0x08006568   0x08006568   0x00000044   Code   RO         3804    i.HAL_RCC_GetClockConfig  stm32f4xx_hal_rcc.o
    0x080065ac   0x080065ac   0x0000000c   Code   RO         3805    i.HAL_RCC_GetHCLKFreq  stm32f4xx_hal_rcc.o
    0x080065b8   0x080065b8   0x00000020   Code   RO         3807    i.HAL_RCC_GetPCLK1Freq  stm32f4xx_hal_rcc.o
    0x080065d8   0x080065d8   0x00000020   Code   RO         3808    i.HAL_RCC_GetPCLK2Freq  stm32f4xx_hal_rcc.o
    0x080065f8   0x080065f8   0x000000b0   Code   RO         3809    i.HAL_RCC_GetSysClockFreq  stm32f4xx_hal_rcc.o
    0x080066a8   0x080066a8   0x00000488   Code   RO         3812    i.HAL_RCC_OscConfig  stm32f4xx_hal_rcc.o
    0x08006b30   0x08006b30   0x0000008c   Code   RO         5482    i.HAL_SPI_Init      stm32f4xx_hal_spi.o
    0x08006bbc   0x08006bbc   0x00000208   Code   RO          708    i.HAL_SPI_MspInit   spi.o
    0x08006dc4   0x08006dc4   0x000001a2   Code   RO         5490    i.HAL_SPI_Transmit  stm32f4xx_hal_spi.o
    0x08006f66   0x08006f66   0x0000022a   Code   RO         5491    i.HAL_SPI_TransmitReceive  stm32f4xx_hal_spi.o
    0x08007190   0x08007190   0x00000002   Code   RO         6481    i.HAL_TIMEx_BreakCallback  stm32f4xx_hal_tim_ex.o
    0x08007192   0x08007192   0x00000002   Code   RO         6482    i.HAL_TIMEx_CommutCallback  stm32f4xx_hal_tim_ex.o
    0x08007194   0x08007194   0x00000074   Code   RO         6484    i.HAL_TIMEx_ConfigBreakDeadTime  stm32f4xx_hal_tim_ex.o
    0x08007208   0x08007208   0x000000b4   Code   RO         6499    i.HAL_TIMEx_MasterConfigSynchronization  stm32f4xx_hal_tim_ex.o
    0x080072bc   0x080072bc   0x00000034   Code   RO         5795    i.HAL_TIM_Base_Init  stm32f4xx_hal_tim.o
    0x080072f0   0x080072f0   0x0000017c   Code   RO          756    i.HAL_TIM_Base_MspInit  tim.o
    0x0800746c   0x0800746c   0x0000002a   Code   RO         5798    i.HAL_TIM_Base_Start  stm32f4xx_hal_tim.o
    0x08007496   0x08007496   0x0000002a   Code   RO         5800    i.HAL_TIM_Base_Start_IT  stm32f4xx_hal_tim.o
    0x080074c0   0x080074c0   0x00000108   Code   RO         5804    i.HAL_TIM_ConfigClockSource  stm32f4xx_hal_tim.o
    0x080075c8   0x080075c8   0x00000002   Code   RO         5822    i.HAL_TIM_ErrorCallback  stm32f4xx_hal_tim.o
    0x080075ca   0x080075ca   0x00000002   PAD
    0x080075cc   0x080075cc   0x00000094   Code   RO         1647    i.HAL_TIM_IC_CaptureCallback  remote_control.o
    0x08007660   0x08007660   0x00000196   Code   RO         5838    i.HAL_TIM_IRQHandler  stm32f4xx_hal_tim.o
    0x080077f6   0x080077f6   0x00000002   PAD
    0x080077f8   0x080077f8   0x000001cc   Code   RO          757    i.HAL_TIM_MspPostInit  tim.o
    0x080079c4   0x080079c4   0x00000002   Code   RO         5841    i.HAL_TIM_OC_DelayElapsedCallback  stm32f4xx_hal_tim.o
    0x080079c6   0x080079c6   0x00000108   Code   RO         5862    i.HAL_TIM_PWM_ConfigChannel  stm32f4xx_hal_tim.o
    0x08007ace   0x08007ace   0x00000034   Code   RO         5865    i.HAL_TIM_PWM_Init  stm32f4xx_hal_tim.o
    0x08007b02   0x08007b02   0x00000002   Code   RO         5867    i.HAL_TIM_PWM_MspInit  stm32f4xx_hal_tim.o
    0x08007b04   0x08007b04   0x00000002   Code   RO         5868    i.HAL_TIM_PWM_PulseFinishedCallback  stm32f4xx_hal_tim.o
    0x08007b06   0x08007b06   0x00000002   Code   RO         5869    i.HAL_TIM_PWM_PulseFinishedHalfCpltCallback  stm32f4xx_hal_tim.o
    0x08007b08   0x08007b08   0x00000058   Code   RO         5870    i.HAL_TIM_PWM_Start  stm32f4xx_hal_tim.o
    0x08007b60   0x08007b60   0x00000178   Code   RO         5871    i.HAL_TIM_PWM_Start_DMA  stm32f4xx_hal_tim.o
    0x08007cd8   0x08007cd8   0x00000018   Code   RO            5    i.HAL_TIM_PeriodElapsedCallback  main.o
    0x08007cf0   0x08007cf0   0x00000002   Code   RO         5881    i.HAL_TIM_TriggerCallback  stm32f4xx_hal_tim.o
    0x08007cf2   0x08007cf2   0x00000002   Code   RO         6753    i.HAL_UART_ErrorCallback  stm32f4xx_hal_uart.o
    0x08007cf4   0x08007cf4   0x00000168   Code   RO         2412    i.HAL_UART_IDLE_IRQHandler  bsp_usart.o
    0x08007e5c   0x08007e5c   0x00000154   Code   RO         6756    i.HAL_UART_IRQHandler  stm32f4xx_hal_uart.o
    0x08007fb0   0x08007fb0   0x00000072   Code   RO         6757    i.HAL_UART_Init     stm32f4xx_hal_uart.o
    0x08008022   0x08008022   0x00000002   PAD
    0x08008024   0x08008024   0x000002d8   Code   RO          834    i.HAL_UART_MspInit  usart.o
    0x080082fc   0x080082fc   0x00000020   Code   RO         2413    i.HAL_UART_Receive_IT_IDLE  bsp_usart.o
    0x0800831c   0x0800831c   0x00000002   Code   RO         6763    i.HAL_UART_RxCpltCallback  stm32f4xx_hal_uart.o
    0x0800831e   0x0800831e   0x000000d8   Code   RO         6765    i.HAL_UART_Transmit  stm32f4xx_hal_uart.o
    0x080083f6   0x080083f6   0x00000002   Code   RO         6768    i.HAL_UART_TxCpltCallback  stm32f4xx_hal_uart.o
    0x080083f8   0x080083f8   0x00000054   Code   RO         2657    i.Handle_Angle8191_PID_Over_Zero  pid.o
    0x0800844c   0x0800844c   0x00000004   Code   RO          904    i.HardFault_Handler  stm32f4xx_it.o
    0x08008450   0x08008450   0x0000003e   Code   RO         5035    i.I2C_IsAcknowledgeFailed  stm32f4xx_hal_i2c.o
    0x0800848e   0x0800848e   0x00000002   PAD
    0x08008490   0x08008490   0x00000160   Code   RO         5046    i.I2C_RequestMemoryRead  stm32f4xx_hal_i2c.o
    0x080085f0   0x080085f0   0x000000e0   Code   RO         5047    i.I2C_RequestMemoryWrite  stm32f4xx_hal_i2c.o
    0x080086d0   0x080086d0   0x0000005c   Code   RO         5055    i.I2C_WaitOnBTFFlagUntilTimeout  stm32f4xx_hal_i2c.o
    0x0800872c   0x0800872c   0x00000086   Code   RO         5056    i.I2C_WaitOnFlagUntilTimeout  stm32f4xx_hal_i2c.o
    0x080087b2   0x080087b2   0x000000c4   Code   RO         5057    i.I2C_WaitOnMasterAddressFlagUntilTimeout  stm32f4xx_hal_i2c.o
    0x08008876   0x08008876   0x00000080   Code   RO         5058    i.I2C_WaitOnRXNEFlagUntilTimeout  stm32f4xx_hal_i2c.o
    0x080088f6   0x080088f6   0x0000005c   Code   RO         5061    i.I2C_WaitOnTXEFlagUntilTimeout  stm32f4xx_hal_i2c.o
    0x08008952   0x08008952   0x0000001a   Code   RO          471    i.IMU_Send          freertos.o
    0x0800896c   0x0800896c   0x0000004c   Code   RO         8580    i.IMU_control_PITCH  cloud_control.o
    0x080089b8   0x080089b8   0x0000004c   Code   RO         8581    i.IMU_control_YAW   cloud_control.o
    0x08008a04   0x08008a04   0x0000007c   Code   RO         2821    i.INS_cali_gyro     ins_task.o
    0x08008a80   0x08008a80   0x00000048   Code   RO         2822    i.INS_set_cali_gyro  ins_task.o
    0x08008ac8   0x08008ac8   0x00000304   Code   RO         2823    i.INS_task          ins_task.o
    0x08008dcc   0x08008dcc   0x00000048   Code   RO         2659    i.IncrementalPID_paraReset  pid.o
    0x08008e14   0x08008e14   0x000000ce   Code   RO         2660    i.Incremental_PID   pid.o
    0x08008ee2   0x08008ee2   0x00000002   PAD
    0x08008ee4   0x08008ee4   0x00000028   Code   RO         9107    i.Judge_ReloadStall  shoot.o
    0x08008f0c   0x08008f0c   0x00000040   Code   RO         3427    i.KalmanCreate      kalman_filter.o
    0x08008f4c   0x08008f4c   0x000000cc   Code   RO         1648    i.KeyMouseFlag_Update  remote_control.o
    0x08009018   0x08009018   0x00000018   Code   RO         8582    i.Laser_Ctrl        cloud_control.o
    0x08009030   0x08009030   0x00000048   Code   RO          591    i.MX_CAN1_Init      can.o
    0x08009078   0x08009078   0x00000048   Code   RO          592    i.MX_CAN2_Init      can.o
    0x080090c0   0x080090c0   0x00000098   Code   RO          638    i.MX_DMA_Init       dma.o
    0x08009158   0x08009158   0x00000124   Code   RO          472    i.MX_FREERTOS_Init  freertos.o
    0x0800927c   0x0800927c   0x00000258   Code   RO          340    i.MX_GPIO_Init      gpio.o
    0x080094d4   0x080094d4   0x0000003c   Code   RO          667    i.MX_I2C3_Init      i2c.o
    0x08009510   0x08009510   0x00000048   Code   RO          709    i.MX_SPI1_Init      spi.o
    0x08009558   0x08009558   0x00000044   Code   RO          710    i.MX_SPI2_Init      spi.o
    0x0800959c   0x0800959c   0x0000006c   Code   RO          758    i.MX_TIM10_Init     tim.o
    0x08009608   0x08009608   0x000000e8   Code   RO          759    i.MX_TIM1_Init      tim.o
    0x080096f0   0x080096f0   0x00000070   Code   RO          760    i.MX_TIM3_Init      tim.o
    0x08009760   0x08009760   0x000000a4   Code   RO          761    i.MX_TIM4_Init      tim.o
    0x08009804   0x08009804   0x000000c4   Code   RO          762    i.MX_TIM5_Init      tim.o
    0x080098c8   0x080098c8   0x000000d4   Code   RO          763    i.MX_TIM8_Init      tim.o
    0x0800999c   0x0800999c   0x00000038   Code   RO          835    i.MX_USART1_UART_Init  usart.o
    0x080099d4   0x080099d4   0x00000038   Code   RO          836    i.MX_USART2_UART_Init  usart.o
    0x08009a0c   0x08009a0c   0x00000040   Code   RO          837    i.MX_USART3_UART_Init  usart.o
    0x08009a4c   0x08009a4c   0x00000038   Code   RO          838    i.MX_USART6_UART_Init  usart.o
    0x08009a84   0x08009a84   0x00000054   Code   RO         9108    i.Mag_Ctrl          shoot.o
    0x08009ad8   0x08009ad8   0x000005ac   Code   RO         3393    i.MahonyAHRSupdate  mahonyahrs.o
    0x0800a084   0x0800a084   0x000002fc   Code   RO         3394    i.MahonyAHRSupdateIMU  mahonyahrs.o
    0x0800a380   0x0800a380   0x00000004   Code   RO          905    i.MemManage_Handler  stm32f4xx_it.o
    0x0800a384   0x0800a384   0x00000002   Code   RO          906    i.NMI_Handler       stm32f4xx_it.o
    0x0800a386   0x0800a386   0x00000002   PAD
    0x0800a388   0x0800a388   0x00000098   Code   RO         8851    i.NotfollowMode     chassis_control.o
    0x0800a420   0x0800a420   0x000000a0   Code   RO         1986    i.OLED_ShowChinese  dev_oled.o
    0x0800a4c0   0x0800a4c0   0x00000240   Code   RO         1987    i.OLED_ShowMessage  dev_oled.o
    0x0800a700   0x0800a700   0x000000a8   Code   RO         8852    i.Omnidirectional_Formula  chassis_control.o
    0x0800a7a8   0x0800a7a8   0x000000a8   Code   RO         8853    i.Omnidirectional_Formula1  chassis_control.o
    0x0800a850   0x0800a850   0x0000011a   Code   RO         2661    i.PICTH_IN_PID      pid.o
    0x0800a96a   0x0800a96a   0x000000ba   Code   RO         2662    i.PICTH_OUT_PID     pid.o
    0x0800aa24   0x0800aa24   0x0000010e   Code   RO         2663    i.PICTH_Vis_IN_PID  pid.o
    0x0800ab32   0x0800ab32   0x000000ae   Code   RO         2664    i.PICTH_Vis_OUT_PID  pid.o
    0x0800abe0   0x0800abe0   0x000001f0   Code   RO         2665    i.PID_calc          pid.o
    0x0800add0   0x0800add0   0x00000060   Code   RO         2667    i.PID_init          pid.o
    0x0800ae30   0x0800ae30   0x0000015c   Code   RO         8583    i.PITCH_PID_Init    cloud_control.o
    0x0800af8c   0x0800af8c   0x00000110   Code   RO         8584    i.Pit_AngleLimit    cloud_control.o
    0x0800b09c   0x0800b09c   0x00000110   Code   RO         8585    i.Pit_AngleLimit2   cloud_control.o
    0x0800b1ac   0x0800b1ac   0x00000050   Code   RO         2669    i.PositionPID_Reset  pid.o
    0x0800b1fc   0x0800b1fc   0x00000048   Code   RO         2670    i.PositionPID_paraReset  pid.o
    0x0800b244   0x0800b244   0x00000070   Code   RO         1988    i.RM_LOGO           dev_oled.o
    0x0800b2b4   0x0800b2b4   0x000000e0   Code   RO         8755    i.RefereeMsg_Write  robot_control.o
    0x0800b394   0x0800b394   0x00000024   Code   RO         9109    i.Reload_Reset      shoot.o
    0x0800b3b8   0x0800b3b8   0x0000002a   Code   RO         3108    i.RobotControl      task_robotcontr.o
    0x0800b3e2   0x0800b3e2   0x0000001c   Code   RO         8756    i.Robot_Disable     robot_control.o
    0x0800b3fe   0x0800b3fe   0x00000010   Code   RO         9291    i.Robot_Reset       dr16_control.o
    0x0800b40e   0x0800b40e   0x00000028   Code   RO         8757    i.Robot_control     robot_control.o
    0x0800b436   0x0800b436   0x00000002   PAD
    0x0800b438   0x0800b438   0x0000273c   Code   RO         2246    i.SPI1_DMA_enable   bsp_spi.o
    0x0800db74   0x0800db74   0x00000180   Code   RO         2247    i.SPI1_DMA_init     bsp_spi.o
    0x0800dcf4   0x0800dcf4   0x0000006c   Code   RO         5520    i.SPI_EndRxTxTransaction  stm32f4xx_hal_spi.o
    0x0800dd60   0x0800dd60   0x000000a8   Code   RO         5525    i.SPI_WaitFlagStateUntilTimeout  stm32f4xx_hal_spi.o
    0x0800de08   0x0800de08   0x000001d8   Code   RO         8758    i.SendMsgtoCHAS     robot_control.o
    0x0800dfe0   0x0800dfe0   0x00000034   Code   RO         8946    i.SendVisionData    control_vision.o
    0x0800e014   0x0800e014   0x000000b0   Code   RO         8759    i.Set_AttackMode    robot_control.o
    0x0800e0c4   0x0800e0c4   0x0000000c   Code   RO         8760    i.Set_ChassisMode   robot_control.o
    0x0800e0d0   0x0800e0d0   0x0000000c   Code   RO         8761    i.Set_GimbalMode    robot_control.o
    0x0800e0dc   0x0800e0dc   0x0000006c   Code   RO         8586    i.Set_InitAngle     cloud_control.o
    0x0800e148   0x0800e148   0x00000044   Code   RO         9110    i.Set_ReloadNum     shoot.o
    0x0800e18c   0x0800e18c   0x0000000c   Code   RO         8762    i.Set_VisionMode    robot_control.o
    0x0800e198   0x0800e198   0x00000018   Code   RO         9111    i.ShootGet_SpeedLimit  shoot.o
    0x0800e1b0   0x0800e1b0   0x000000ba   Code   RO         2672    i.Shoot_Position_PID  pid.o
    0x0800e26a   0x0800e26a   0x00000002   PAD
    0x0800e26c   0x0800e26c   0x0000008c   Code   RO         9112    i.Shoot_control     shoot.o
    0x0800e2f8   0x0800e2f8   0x000000ac   Code   RO         8854    i.Spin_Ctrl         chassis_control.o
    0x0800e3a4   0x0800e3a4   0x00000034   Code   RO         8491    i.SysTick_Handler   port.o
    0x0800e3d8   0x0800e3d8   0x000000b4   Code   RO            6    i.SystemClock_Config  main.o
    0x0800e48c   0x0800e48c   0x00000064   Code   RO         3529    i.SystemInit        system_stm32f4xx.o
    0x0800e4f0   0x0800e4f0   0x00000010   Code   RO          907    i.TIM3_IRQHandler   stm32f4xx_it.o
    0x0800e500   0x0800e500   0x00000010   Code   RO          908    i.TIM6_DAC_IRQHandler  stm32f4xx_it.o
    0x0800e510   0x0800e510   0x000000d8   Code   RO         5883    i.TIM_Base_SetConfig  stm32f4xx_hal_tim.o
    0x0800e5e8   0x0800e5e8   0x00000022   Code   RO         5884    i.TIM_CCxChannelCmd  stm32f4xx_hal_tim.o
    0x0800e60a   0x0800e60a   0x00000046   Code   RO         5887    i.TIM_DMADelayPulseCplt  stm32f4xx_hal_tim.o
    0x0800e650   0x0800e650   0x00000046   Code   RO         5888    i.TIM_DMADelayPulseHalfCplt  stm32f4xx_hal_tim.o
    0x0800e696   0x0800e696   0x00000014   Code   RO         5889    i.TIM_DMAError      stm32f4xx_hal_tim.o
    0x0800e6aa   0x0800e6aa   0x00000016   Code   RO         5894    i.TIM_ETR_SetConfig  stm32f4xx_hal_tim.o
    0x0800e6c0   0x0800e6c0   0x00000012   Code   RO         5895    i.TIM_ITRx_SetConfig  stm32f4xx_hal_tim.o
    0x0800e6d2   0x0800e6d2   0x00000002   PAD
    0x0800e6d4   0x0800e6d4   0x00000070   Code   RO         5896    i.TIM_OC1_SetConfig  stm32f4xx_hal_tim.o
    0x0800e744   0x0800e744   0x0000007c   Code   RO         5897    i.TIM_OC2_SetConfig  stm32f4xx_hal_tim.o
    0x0800e7c0   0x0800e7c0   0x00000078   Code   RO         5898    i.TIM_OC3_SetConfig  stm32f4xx_hal_tim.o
    0x0800e838   0x0800e838   0x00000054   Code   RO         5899    i.TIM_OC4_SetConfig  stm32f4xx_hal_tim.o
    0x0800e88c   0x0800e88c   0x00000026   Code   RO         5901    i.TIM_TI1_ConfigInputStage  stm32f4xx_hal_tim.o
    0x0800e8b2   0x0800e8b2   0x00000028   Code   RO         5903    i.TIM_TI2_ConfigInputStage  stm32f4xx_hal_tim.o
    0x0800e8da   0x0800e8da   0x00000002   PAD
    0x0800e8dc   0x0800e8dc   0x00000050   Code   RO         8587    i.TargetAngle_Update  cloud_control.o
    0x0800e92c   0x0800e92c   0x0000001e   Code   RO         3285    i.Task_DR16_Recv    task_dr16.o
    0x0800e94a   0x0800e94a   0x00000002   PAD
    0x0800e94c   0x0800e94c   0x000000b8   Code   RO         9243    i.Task_DevicesMonitor  task_monitor.o
    0x0800ea04   0x0800ea04   0x00000014   Code   RO         6770    i.UART_DMAAbortOnError  stm32f4xx_hal_uart.o
    0x0800ea18   0x0800ea18   0x00000020   Code   RO         6780    i.UART_EndRxTransfer  stm32f4xx_hal_uart.o
    0x0800ea38   0x0800ea38   0x00000020   Code   RO         6781    i.UART_EndTransmit_IT  stm32f4xx_hal_uart.o
    0x0800ea58   0x0800ea58   0x000000a4   Code   RO         2414    i.UART_Receive_DMA_NoIT  bsp_usart.o
    0x0800eafc   0x0800eafc   0x000000a6   Code   RO         6783    i.UART_Receive_IT   stm32f4xx_hal_uart.o
    0x0800eba2   0x0800eba2   0x00000002   PAD
    0x0800eba4   0x0800eba4   0x000003e8   Code   RO         6784    i.UART_SetConfig    stm32f4xx_hal_uart.o
    0x0800ef8c   0x0800ef8c   0x00000068   Code   RO         6785    i.UART_Transmit_IT  stm32f4xx_hal_uart.o
    0x0800eff4   0x0800eff4   0x0000006c   Code   RO         6786    i.UART_WaitOnFlagUntilTimeout  stm32f4xx_hal_uart.o
    0x0800f060   0x0800f060   0x0000001c   Code   RO          909    i.USART3_IRQHandler  stm32f4xx_it.o
    0x0800f07c   0x0800f07c   0x00000048   Code   RO          910    i.USART6_IRQHandler  stm32f4xx_it.o
    0x0800f0c4   0x0800f0c4   0x00000044   Code   RO         8947    i.USART_Receive_DMA_NO_IT  control_vision.o
    0x0800f108   0x0800f108   0x00000148   Code   RO          473    i.Updata_Hand_Euler_Gyro_Data  freertos.o
    0x0800f250   0x0800f250   0x00000010   Code   RO         8948    i.Update_Vision     control_vision.o
    0x0800f260   0x0800f260   0x00000038   Code   RO         8949    i.Update_VisionTarget  control_vision.o
    0x0800f298   0x0800f298   0x00000004   Code   RO          911    i.UsageFault_Handler  stm32f4xx_it.o
    0x0800f29c   0x0800f29c   0x000001d4   Code   RO         8588    i.Vision_Angle_Update  cloud_control.o
    0x0800f470   0x0800f470   0x00000014   Code   RO         8950    i.Vision_CP         control_vision.o
    0x0800f484   0x0800f484   0x00000168   Code   RO         8951    i.Vision_DataReceive  control_vision.o
    0x0800f5ec   0x0800f5ec   0x00000054   Code   RO         8952    i.Vision_Handler    control_vision.o
    0x0800f640   0x0800f640   0x00000002   Code   RO         8953    i.Vision_ID_Init    control_vision.o
    0x0800f642   0x0800f642   0x00000002   Code   RO         8954    i.Vision_Init       control_vision.o
    0x0800f644   0x0800f644   0x0000004c   Code   RO         8955    i.Vision_SendBufFunction  control_vision.o
    0x0800f690   0x0800f690   0x00000044   Code   RO         8956    i.Vision_USART_Receive_DMA  control_vision.o
    0x0800f6d4   0x0800f6d4   0x00000024   Code   RO         8957    i.Vision_processing  control_vision.o
    0x0800f6f8   0x0800f6f8   0x000000ba   Code   RO         2673    i.YAW_IN_PID        pid.o
    0x0800f7b2   0x0800f7b2   0x000000ba   Code   RO         2674    i.YAW_OUT_PID       pid.o
    0x0800f86c   0x0800f86c   0x00000130   Code   RO         8589    i.YAW_PID_Init      cloud_control.o
    0x0800f99c   0x0800f99c   0x0000010e   Code   RO         2675    i.YAW_Vision_IN_PID  pid.o
    0x0800faaa   0x0800faaa   0x000000ae   Code   RO         2676    i.YAW_Vision_OUT_PID  pid.o
    0x0800fb58   0x0800fb58   0x00000026   Code   RO         9949    i.__ARM_fpclassifyf  m_wm.l(fpclassifyf.o)
    0x0800fb7e   0x0800fb7e   0x0000000e   Code   RO         8958    i.__ARM_isnanf      control_vision.o
    0x0800fb8c   0x0800fb8c   0x00000010   Code   RO         4601    i.__NVIC_GetPriorityGrouping  stm32f4xx_hal_cortex.o
    0x0800fb9c   0x0800fb9c   0x00000028   Code   RO         4602    i.__NVIC_SetPriority  stm32f4xx_hal_cortex.o
    0x0800fbc4   0x0800fbc4   0x0000012c   Code   RO         9799    i.__hardfp_asinf    m_wm.l(asinf.o)
    0x0800fcf0   0x0800fcf0   0x000002ac   Code   RO         9811    i.__hardfp_atan2f   m_wm.l(atan2f.o)
    0x0800ff9c   0x0800ff9c   0x00000014   Code   RO         9823    i.__hardfp_fabs     m_wm.l(fabs.o)
    0x0800ffb0   0x0800ffb0   0x0000007a   Code   RO         9829    i.__hardfp_sqrt     m_wm.l(sqrt_full.o)
    0x0801002a   0x0801002a   0x00000006   Code   RO         9952    i.__mathlib_flt_infnan  m_wm.l(funder.o)
    0x08010030   0x08010030   0x00000006   Code   RO         9953    i.__mathlib_flt_infnan2  m_wm.l(funder.o)
    0x08010036   0x08010036   0x00000002   PAD
    0x08010038   0x08010038   0x00000010   Code   RO         9954    i.__mathlib_flt_invalid  m_wm.l(funder.o)
    0x08010048   0x08010048   0x00000010   Code   RO         9957    i.__mathlib_flt_underflow  m_wm.l(funder.o)
    0x08010058   0x08010058   0x00000068   Code   RO         2217    i.aRGB_led_show     bsp_led.o
    0x080100c0   0x080100c0   0x0000002e   Code   RO         2677    i.abs_limit_PID     pid.o
    0x080100ee   0x080100ee   0x00000002   PAD
    0x080100f0   0x080100f0   0x00000134   Code   RO         1109    i.bmi088_accel_init  bmi088driver.o
    0x08010224   0x08010224   0x000002fc   Code   RO         1110    i.bmi088_accel_self_test  bmi088driver.o
    0x08010520   0x08010520   0x000000f4   Code   RO         1111    i.bmi088_gyro_init  bmi088driver.o
    0x08010614   0x08010614   0x000000d0   Code   RO         1112    i.bmi088_gyro_self_test  bmi088driver.o
    0x080106e4   0x080106e4   0x000000ec   Code   RO         3009    i.cali_data_read    calibrate_task.o
    0x080107d0   0x080107d0   0x0000008c   Code   RO         3010    i.cali_data_write   calibrate_task.o
    0x0801085c   0x0801085c   0x0000004c   Code   RO         3011    i.cali_gyro_hook    calibrate_task.o
    0x080108a8   0x080108a8   0x000000c4   Code   RO         3012    i.cali_param_init   calibrate_task.o
    0x0801096c   0x0801096c   0x000001a4   Code   RO         3013    i.calibrate_task    calibrate_task.o
    0x08010b10   0x08010b10   0x00000030   Code   RO         2151    i.delay_init        bsp_delay.o
    0x08010b40   0x08010b40   0x00000050   Code   RO         2153    i.delay_us          bsp_delay.o
    0x08010b90   0x08010b90   0x0000002e   Code   RO         2280    i.flash_erase_address  bsp_flash.o
    0x08010bbe   0x08010bbe   0x00000014   Code   RO         2281    i.flash_read        bsp_flash.o
    0x08010bd2   0x08010bd2   0x00000002   PAD
    0x08010bd4   0x08010bd4   0x00000098   Code   RO         2283    i.flash_write_single_address  bsp_flash.o
    0x08010c6c   0x08010c6c   0x000000f4   Code   RO         2284    i.ger_sector        bsp_flash.o
    0x08010d60   0x08010d60   0x000000dc   Code   RO         2824    i.get_angle         ins_task.o
    0x08010e3c   0x08010e3c   0x0000005c   Code   RO         2461    i.get_moto_measure  can_control.o
    0x08010e98   0x08010e98   0x00000090   Code   RO         2462    i.get_moto_measure_2006  can_control.o
    0x08010f28   0x08010f28   0x00000090   Code   RO         2463    i.get_moto_measure_6020  can_control.o
    0x08010fb8   0x08010fb8   0x000000e8   Code   RO         2285    i.get_next_flash_address  bsp_flash.o
    0x080110a0   0x080110a0   0x00000054   Code   RO         2825    i.gyro_offset_calc  ins_task.o
    0x080110f4   0x080110f4   0x0000012c   Code   RO         2826    i.imu_cali_slove    ins_task.o
    0x08011220   0x08011220   0x00000168   Code   RO         2827    i.imu_cmd_spi_dma   ins_task.o
    0x08011388   0x08011388   0x0000000c   Code   RO         2189    i.imu_pwm_set       bsp_imu_pwm.o
    0x08011394   0x08011394   0x000000a4   Code   RO         2828    i.imu_temp_control  ins_task.o
    0x08011438   0x08011438   0x0000003c   Code   RO         3395    i.invSqrt           mahonyahrs.o
    0x08011474   0x08011474   0x00000002   Code   RO         1457    i.ist8310_GPIO_init  ist8310driver_middleware.o
    0x08011476   0x08011476   0x00000002   PAD
    0x08011478   0x08011478   0x00000028   Code   RO         1459    i.ist8310_IIC_read_single_reg  ist8310driver_middleware.o
    0x080114a0   0x080114a0   0x00000028   Code   RO         1461    i.ist8310_IIC_write_single_reg  ist8310driver_middleware.o
    0x080114c8   0x080114c8   0x00000014   Code   RO         1462    i.ist8310_RST_H     ist8310driver_middleware.o
    0x080114dc   0x080114dc   0x00000014   Code   RO         1463    i.ist8310_RST_L     ist8310driver_middleware.o
    0x080114f0   0x080114f0   0x00000002   Code   RO         1464    i.ist8310_com_init  ist8310driver_middleware.o
    0x080114f2   0x080114f2   0x0000000c   Code   RO         1465    i.ist8310_delay_ms  ist8310driver_middleware.o
    0x080114fe   0x080114fe   0x00000002   PAD
    0x08011500   0x08011500   0x00000094   Code   RO         1422    i.ist8310_init      ist8310driver.o
    0x08011594   0x08011594   0x000001b0   Code   RO         2944    i.led_RGB_flow_task  led_flow_task.o
    0x08011744   0x08011744   0x000000bc   Code   RO            7    i.main              main.o
    0x08011800   0x08011800   0x0000000e   Code   RO         8062    i.makeFreeRtosPriority  cmsis_os.o
    0x0801180e   0x0801180e   0x00000002   Code   RO         8959    i.minimum_HP        control_vision.o
    0x08011810   0x08011810   0x00000002   Code   RO         8960    i.minimum_HP_clean  control_vision.o
    0x08011812   0x08011812   0x00000002   PAD
    0x08011814   0x08011814   0x00000054   Code   RO         1990    i.oled_clear        dev_oled.o
    0x08011868   0x08011868   0x0000008c   Code   RO         1995    i.oled_drawpoint    dev_oled.o
    0x080118f4   0x080118f4   0x00000038   Code   RO         1999    i.oled_refresh_gram  dev_oled.o
    0x0801192c   0x0801192c   0x0000002e   Code   RO         2000    i.oled_set_pos      dev_oled.o
    0x0801195a   0x0801195a   0x00000002   PAD
    0x0801195c   0x0801195c   0x00000094   Code   RO         2001    i.oled_showchar     dev_oled.o
    0x080119f0   0x080119f0   0x00000030   Code   RO         2004    i.oled_showstring   dev_oled.o
    0x08011a20   0x08011a20   0x00000034   Code   RO         2005    i.oled_write_byte   dev_oled.o
    0x08011a54   0x08011a54   0x00000018   Code   RO         8064    i.osDelay           cmsis_os.o
    0x08011a6c   0x08011a6c   0x0000000a   Code   RO         8067    i.osKernelStart     cmsis_os.o
    0x08011a76   0x08011a76   0x0000005e   Code   RO         8101    i.osThreadCreate    cmsis_os.o
    0x08011ad4   0x08011ad4   0x00000030   Code   RO         7547    i.pcTaskGetName     tasks.o
    0x08011b04   0x08011b04   0x000000a4   Code   RO         7548    i.prvAddCurrentTaskToDelayedList  tasks.o
    0x08011ba8   0x08011ba8   0x000000b4   Code   RO         7549    i.prvAddNewTaskToReadyList  tasks.o
    0x08011c5c   0x08011c5c   0x00000074   Code   RO         7900    i.prvCheckForValidListAndQueue  timers.o
    0x08011cd0   0x08011cd0   0x00000048   Code   RO         7550    i.prvCheckTasksWaitingTermination  tasks.o
    0x08011d18   0x08011d18   0x0000002a   Code   RO         7198    i.prvCopyDataFromQueue  queue.o
    0x08011d42   0x08011d42   0x0000007e   Code   RO         7199    i.prvCopyDataToQueue  queue.o
    0x08011dc0   0x08011dc0   0x00000050   Code   RO         7551    i.prvDeleteTCB      tasks.o
    0x08011e10   0x08011e10   0x00000028   Code   RO         7901    i.prvGetNextExpireTime  timers.o
    0x08011e38   0x08011e38   0x0000007c   Code   RO         8441    i.prvHeapInit       heap_4.o
    0x08011eb4   0x08011eb4   0x00000028   Code   RO         7552    i.prvIdleTask       tasks.o
    0x08011edc   0x08011edc   0x00000026   Code   RO         7202    i.prvInitialiseNewQueue  queue.o
    0x08011f02   0x08011f02   0x000000c2   Code   RO         7553    i.prvInitialiseNewTask  tasks.o
    0x08011fc4   0x08011fc4   0x00000068   Code   RO         7554    i.prvInitialiseTaskLists  tasks.o
    0x0801202c   0x0801202c   0x00000068   Code   RO         8442    i.prvInsertBlockIntoFreeList  heap_4.o
    0x08012094   0x08012094   0x00000058   Code   RO         7903    i.prvInsertTimerInActiveList  timers.o
    0x080120ec   0x080120ec   0x0000001a   Code   RO         7203    i.prvIsQueueEmpty   queue.o
    0x08012106   0x08012106   0x0000001e   Code   RO         7204    i.prvIsQueueFull    queue.o
    0x08012124   0x08012124   0x00000074   Code   RO         7904    i.prvProcessExpiredTimer  timers.o
    0x08012198   0x08012198   0x00000164   Code   RO         7905    i.prvProcessReceivedCommands  timers.o
    0x080122fc   0x080122fc   0x00000074   Code   RO         7906    i.prvProcessTimerOrBlockTask  timers.o
    0x08012370   0x08012370   0x00000034   Code   RO         7555    i.prvResetNextTaskUnblockTime  tasks.o
    0x080123a4   0x080123a4   0x0000002c   Code   RO         7907    i.prvSampleTimeNow  timers.o
    0x080123d0   0x080123d0   0x000000b0   Code   RO         7556    i.prvSearchForNameWithinSingleList  tasks.o
    0x08012480   0x08012480   0x000000a4   Code   RO         7908    i.prvSwitchTimerLists  timers.o
    0x08012524   0x08012524   0x00000016   Code   RO         7557    i.prvTaskCheckFreeStackSpace  tasks.o
    0x0801253a   0x0801253a   0x00000002   PAD
    0x0801253c   0x0801253c   0x00000040   Code   RO         8492    i.prvTaskExitError  port.o
    0x0801257c   0x0801257c   0x0000001a   Code   RO         7909    i.prvTimerTask      timers.o
    0x08012596   0x08012596   0x0000007e   Code   RO         7205    i.prvUnlockQueue    queue.o
    0x08012614   0x08012614   0x0000013c   Code   RO         8443    i.pvPortMalloc      heap_4.o
    0x08012750   0x08012750   0x0000002c   Code   RO         8493    i.pxPortInitialiseStack  port.o
    0x0801277c   0x0801277c   0x0000003e   Code   RO         9967    i.sqrtf             m_wm.l(sqrtf_full.o)
    0x080127ba   0x080127ba   0x0000000a   Code   RO         2982    i.test_task         test_task.o
    0x080127c4   0x080127c4   0x00000074   Code   RO         7560    i.ulTaskNotifyTake  tasks.o
    0x08012838   0x08012838   0x00000028   Code   RO         7158    i.uxListRemove      list.o
    0x08012860   0x08012860   0x00000028   Code   RO         7562    i.uxTaskGetStackHighWaterMark  tasks.o
    0x08012888   0x08012888   0x00000018   Code   RO          475    i.vApplicationGetIdleTaskMemory  freertos.o
    0x080128a0   0x080128a0   0x00000018   Code   RO          476    i.vApplicationGetTimerTaskMemory  freertos.o
    0x080128b8   0x080128b8   0x0000001a   Code   RO         7159    i.vListInitialise   list.o
    0x080128d2   0x080128d2   0x00000006   Code   RO         7160    i.vListInitialiseItem  list.o
    0x080128d8   0x080128d8   0x00000034   Code   RO         7161    i.vListInsert       list.o
    0x0801290c   0x0801290c   0x00000018   Code   RO         7162    i.vListInsertEnd    list.o
    0x08012924   0x08012924   0x00000054   Code   RO         8495    i.vPortEnterCritical  port.o
    0x08012978   0x08012978   0x0000003c   Code   RO         8496    i.vPortExitCritical  port.o
    0x080129b4   0x080129b4   0x00000094   Code   RO         8444    i.vPortFree         heap_4.o
    0x08012a48   0x08012a48   0x00000028   Code   RO         8497    i.vPortSetupTimerInterrupt  port.o
    0x08012a70   0x08012a70   0x00000078   Code   RO         8498    i.vPortValidateInterruptPriority  port.o
    0x08012ae8   0x08012ae8   0x0000002c   Code   RO         7209    i.vQueueAddToRegistry  queue.o
    0x08012b14   0x08012b14   0x0000004a   Code   RO         7212    i.vQueueWaitForMessageRestricted  queue.o
    0x08012b5e   0x08012b5e   0x00000002   PAD
    0x08012b60   0x08012b60   0x0000005c   Code   RO         7566    i.vTaskDelay        tasks.o
    0x08012bbc   0x08012bbc   0x000000d4   Code   RO         7567    i.vTaskDelayUntil   tasks.o
    0x08012c90   0x08012c90   0x00000018   Code   RO         7570    i.vTaskInternalSetTimeOutState  tasks.o
    0x08012ca8   0x08012ca8   0x0000000c   Code   RO         7571    i.vTaskMissedYield  tasks.o
    0x08012cb4   0x08012cb4   0x000000f0   Code   RO         7572    i.vTaskNotifyGiveFromISR  tasks.o
    0x08012da4   0x08012da4   0x00000038   Code   RO         7573    i.vTaskPlaceOnEventList  tasks.o
    0x08012ddc   0x08012ddc   0x00000040   Code   RO         7574    i.vTaskPlaceOnEventListRestricted  tasks.o
    0x08012e1c   0x08012e1c   0x000000b8   Code   RO         7581    i.vTaskStartScheduler  tasks.o
    0x08012ed4   0x08012ed4   0x00000010   Code   RO         7583    i.vTaskSuspendAll   tasks.o
    0x08012ee4   0x08012ee4   0x0000008c   Code   RO         7584    i.vTaskSwitchContext  tasks.o
    0x08012f70   0x08012f70   0x000000e4   Code   RO         2540    i.ws2812_Cap_call   ws2812.o
    0x08013054   0x08013054   0x00000074   Code   RO         2544    i.ws2812_chassis    ws2812.o
    0x080130c8   0x080130c8   0x00000018   Code   RO         2545    i.ws2812_contril    ws2812.o
    0x080130e0   0x080130e0   0x0000003c   Code   RO         2548    i.ws2812_init       ws2812.o
    0x0801311c   0x0801311c   0x00000068   Code   RO         2550    i.ws2812_set_RGB    ws2812.o
    0x08013184   0x08013184   0x00000040   Code   RO         2552    i.ws2812_shot       ws2812.o
    0x080131c4   0x080131c4   0x00000074   Code   RO         2553    i.ws2812_vision     ws2812.o
    0x08013238   0x08013238   0x00000048   Code   RO         2554    i.ws2812_vision_01  ws2812.o
    0x08013280   0x08013280   0x00000168   Code   RO         8499    i.xPortStartScheduler  port.o
    0x080133e8   0x080133e8   0x000000e0   Code   RO         7216    i.xQueueGenericCreateStatic  queue.o
    0x080134c8   0x080134c8   0x00000098   Code   RO         7217    i.xQueueGenericReset  queue.o
    0x08013560   0x08013560   0x000001a8   Code   RO         7218    i.xQueueGenericSend  queue.o
    0x08013708   0x08013708   0x000000f8   Code   RO         7219    i.xQueueGenericSendFromISR  queue.o
    0x08013800   0x08013800   0x00000168   Code   RO         7227    i.xQueueReceive     queue.o
    0x08013968   0x08013968   0x000000a8   Code   RO         7586    i.xTaskCheckForTimeOut  tasks.o
    0x08013a10   0x08013a10   0x00000064   Code   RO         7587    i.xTaskCreate       tasks.o
    0x08013a74   0x08013a74   0x000000ba   Code   RO         7588    i.xTaskCreateStatic  tasks.o
    0x08013b2e   0x08013b2e   0x00000002   PAD
    0x08013b30   0x08013b30   0x000000a4   Code   RO         7592    i.xTaskGetHandle    tasks.o
    0x08013bd4   0x08013bd4   0x00000020   Code   RO         7593    i.xTaskGetSchedulerState  tasks.o
    0x08013bf4   0x08013bf4   0x0000000c   Code   RO         7594    i.xTaskGetTickCount  tasks.o
    0x08013c00   0x08013c00   0x00000148   Code   RO         7596    i.xTaskIncrementTick  tasks.o
    0x08013d48   0x08013d48   0x000000c8   Code   RO         7599    i.xTaskPriorityDisinherit  tasks.o
    0x08013e10   0x08013e10   0x00000098   Code   RO         7601    i.xTaskRemoveFromEventList  tasks.o
    0x08013ea8   0x08013ea8   0x00000104   Code   RO         7602    i.xTaskResumeAll    tasks.o
    0x08013fac   0x08013fac   0x00000078   Code   RO         7915    i.xTimerCreateTimerTask  timers.o
    0x08014024   0x08014024   0x00000084   Code   RO         7916    i.xTimerGenericCommand  timers.o
    0x080140a8   0x080140a8   0x000002c4   Code   RO         9767    x$fpl$d2f           g_wm.l(d2f_clz.o)
    0x0801436c   0x0801436c   0x0000024c   Code   RO         9769    x$fpl$dadd          g_wm.l(daddsub_clz.o)
    0x080145b8   0x080145b8   0x00000018   Code   RO         9920    x$fpl$dcmpinf       g_wm.l(dcmpi.o)
    0x080145d0   0x080145d0   0x0000037c   Code   RO         9776    x$fpl$ddiv          g_wm.l(ddiv_clz.o)
    0x0801494c   0x0801494c   0x000000dc   Code   RO         9779    x$fpl$dfixu         g_wm.l(dfixu.o)
    0x08014a28   0x08014a28   0x0000002e   Code   RO         9784    x$fpl$dflt          g_wm.l(dflt_clz.o)
    0x08014a56   0x08014a56   0x0000001a   Code   RO         9785    x$fpl$dfltn         g_wm.l(dflt_clz.o)
    0x08014a70   0x08014a70   0x00000026   Code   RO         9783    x$fpl$dfltu         g_wm.l(dflt_clz.o)
    0x08014a96   0x08014a96   0x00000002   PAD
    0x08014a98   0x08014a98   0x00000078   Code   RO         9789    x$fpl$dleqf         g_wm.l(dleqf.o)
    0x08014b10   0x08014b10   0x000001c0   Code   RO         9791    x$fpl$dmul          g_wm.l(dmul_clz.o)
    0x08014cd0   0x08014cd0   0x00000102   Code   RO         9922    x$fpl$dnaninf       g_wm.l(dnaninf.o)
    0x08014dd2   0x08014dd2   0x00000070   Code   RO         9924    x$fpl$drenorm       g_wm.l(drenorm_clz.o)
    0x08014e42   0x08014e42   0x0000000c   Code   RO         9926    x$fpl$dretinf       g_wm.l(dretinf.o)
    0x08014e4e   0x08014e4e   0x00000062   Code   RO         9793    x$fpl$drleqf        g_wm.l(drleqf.o)
    0x08014eb0   0x08014eb0   0x00000208   Code   RO         9928    x$fpl$dsqrt         g_wm.l(dsqrt_umaalclz.o)
    0x080150b8   0x080150b8   0x0000029c   Code   RO         9771    x$fpl$dsub          g_wm.l(daddsub_clz.o)
    0x08015354   0x08015354   0x0000017a   Code   RO         9930    x$fpl$dunder        g_wm.l(dunder_clz.o)
    0x080154ce   0x080154ce   0x00000002   PAD
    0x080154d0   0x080154d0   0x000001ec   Code   RO         9932    x$fpl$exception     g_wm.l(except.o)
    0x080156bc   0x080156bc   0x0000007a   Code   RO         9795    x$fpl$f2d           g_wm.l(f2d.o)
    0x08015736   0x08015736   0x000000f2   Code   RO         9934    x$fpl$fnaninf       g_wm.l(fnaninf.o)
    0x08015828   0x08015828   0x0000000a   Code   RO        10136    x$fpl$fpinit        g_wm.l(fpinit.o)
    0x08015832   0x08015832   0x0000000a   Code   RO         9936    x$fpl$fretinf       g_wm.l(fretinf.o)
    0x0801583c   0x0801583c   0x0000013c   Code   RO         9938    x$fpl$funder        g_wm.l(funder_clz.o)
    0x08015978   0x08015978   0x000000b2   Code   RO        10053    x$fpl$retnan        g_wm.l(retnan.o)
    0x08015a2a   0x08015a2a   0x0000007e   Code   RO         9946    x$fpl$trapveneer    g_wm.l(trapv.o)
    0x08015aa8   0x08015aa8   0x00000000   Code   RO         9948    x$fpl$usenofp       g_wm.l(usenofp.o)
    0x08015aa8   0x08015aa8   0x00000118   Data   RO          478    .constdata          freertos.o
    0x08015bc0   0x08015bc0   0x00000012   Data   RO         1117    .constdata          bmi088driver.o
    0x08015bd2   0x08015bd2   0x0000000c   Data   RO         1425    .constdata          ist8310driver.o
    0x08015bde   0x08015bde   0x00000bb4   Data   RO         2007    .constdata          dev_oled.o
    0x08016792   0x08016792   0x00000002   PAD
    0x08016794   0x08016794   0x00000018   Data   RO         2830    .constdata          ins_task.o
    0x080167ac   0x080167ac   0x00000003   Data   RO         3015    .constdata          calibrate_task.o
    0x080167af   0x080167af   0x00000100   Data   RO         3487    .constdata          crc.o
    0x080168af   0x080168af   0x00000018   Data   RO         3530    .constdata          system_stm32f4xx.o
    0x080168c7   0x080168c7   0x00000008   Data   RO         4318    .constdata          stm32f4xx_hal_dma.o
    0x080168cf   0x080168cf   0x00000001   PAD
    0x080168d0   0x080168d0   0x00000804   Data   RO         9694    .constdata          arm_cortexM4lf_math.lib(arm_common_tables.o)
    0x080170d4   0x080170d4   0x00000071   Data   RO          479    .conststring        freertos.o
    0x08017145   0x08017145   0x00000003   PAD
    0x08017148   0x08017148   0x0000000f   Data   RO         2008    .conststring        dev_oled.o
    0x08017157   0x08017157   0x00000001   PAD
    0x08017158   0x08017158   0x00000020   Data   RO        10207    Region$$Table       anon$$obj.o


    Execution Region RW_IRAM1 (Exec base: 0x20000000, Load base: 0x08017178, Size: 0x0000ca58, Max: 0x00020000, ABSOLUTE, COMPRESSED[0x000002d8])

    Exec Addr    Load Addr    Size         Type   Attr      Idx    E Section Name        Object

    0x20000000   COMPRESSED   0x00000038   Data   RW          480    .data               freertos.o
    0x20000038   COMPRESSED   0x00000004   Data   RW          594    .data               can.o
    0x2000003c   COMPRESSED   0x0000002c   Data   RW         1118    .data               bmi088driver.o
    0x20000068   COMPRESSED   0x00000024   Data   RW         1570    .data               dji_imu.o
    0x2000008c   COMPRESSED   0x00000010   Data   RW         1650    .data               remote_control.o
    0x2000009c   COMPRESSED   0x0000022c   Data   RW         2009    .data               dev_oled.o
    0x200002c8   COMPRESSED   0x00000008   Data   RW         2154    .data               bsp_delay.o
    0x200002d0   COMPRESSED   0x00000008   Data   RW         2218    .data               bsp_led.o
    0x200002d8   COMPRESSED   0x00000010   Data   RW         2286    .data               bsp_flash.o
    0x200002e8   COMPRESSED   0x00000018   Data   RW         2465    .data               can_control.o
    0x20000300   COMPRESSED   0x000000a0   Data   RW         2831    .data               ins_task.o
    0x200003a0   COMPRESSED   0x0000001c   Data   RW         2945    .data               led_flow_task.o
    0x200003bc   COMPRESSED   0x00000014   Data   RW         3016    .data               calibrate_task.o
    0x200003d0   COMPRESSED   0x00000014   Data   RW         3396    .data               mahonyahrs.o
    0x200003e4   COMPRESSED   0x00000004   Data   RW         3531    .data               system_stm32f4xx.o
    0x200003e8   COMPRESSED   0x00000009   Data   RW         4750    .data               stm32f4xx_hal.o
    0x200003f1   COMPRESSED   0x00000003   PAD
    0x200003f4   COMPRESSED   0x0000003c   Data   RW         7605    .data               tasks.o
    0x20000430   COMPRESSED   0x00000014   Data   RW         7924    .data               timers.o
    0x20000444   COMPRESSED   0x00000018   Data   RW         8449    .data               heap_4.o
    0x2000045c   COMPRESSED   0x0000000c   Data   RW         8500    .data               port.o
    0x20000468   COMPRESSED   0x0000004c   Data   RW         8592    .data               cloud_control.o
    0x200004b4   COMPRESSED   0x0000002c   Data   RW         8764    .data               robot_control.o
    0x200004e0   COMPRESSED   0x0000001c   Data   RW         8856    .data               chassis_control.o
    0x200004fc   COMPRESSED   0x000000bc   Data   RW         8962    .data               control_vision.o
    0x200005b8   COMPRESSED   0x0000008f   Data   RW         9114    .data               shoot.o
    0x20000647   COMPRESSED   0x00000001   PAD
    0x20000648   COMPRESSED   0x00000006   Data   RW         9244    .data               task_monitor.o
    0x2000064e   COMPRESSED   0x00000002   PAD
    0x20000650   COMPRESSED   0x00000028   Data   RW         9293    .data               dr16_control.o
    0x20000678   COMPRESSED   0x00000018   Data   RW         9385    .data               devices_monitor.o
    0x20000690        -       0x000006a8   Zero   RW          477    .bss                freertos.o
    0x20000d38        -       0x00000050   Zero   RW          593    .bss                can.o
    0x20000d88        -       0x00000054   Zero   RW          668    .bss                i2c.o
    0x20000ddc        -       0x00000170   Zero   RW          711    .bss                spi.o
    0x20000f4c        -       0x000001e0   Zero   RW          764    .bss                tim.o
    0x2000112c        -       0x000001c0   Zero   RW          839    .bss                usart.o
    0x200012ec        -       0x00000040   Zero   RW         1063    .bss                stm32f4xx_hal_timebase_tim.o
    0x2000132c        -       0x0000002a   Zero   RW         1536    .bss                debug_datascope.o
    0x20001356   COMPRESSED   0x00000002   PAD
    0x20001358        -       0x00000028   Zero   RW         1569    .bss                dji_imu.o
    0x20001380        -       0x0000005c   Zero   RW         1649    .bss                remote_control.o
    0x200013dc        -       0x00000098   Zero   RW         1764    .bss                m6020_motor.o
    0x20001474        -       0x00000518   Zero   RW         2006    .bss                dev_oled.o
    0x2000198c        -       0x0000000a   Zero   RW         2378    .bss                bsp_buzzer.o
    0x20001996        -       0x00000064   Zero   RW         2415    .bss                bsp_usart.o
    0x200019fa   COMPRESSED   0x00000002   PAD
    0x200019fc        -       0x00000244   Zero   RW         2464    .bss                can_control.o
    0x20001c40        -       0x000002b0   Zero   RW         2555    .bss                ws2812.o
    0x20001ef0        -       0x00000134   Zero   RW         2829    .bss                ins_task.o
    0x20002024        -       0x00000041   Zero   RW         3014    .bss                calibrate_task.o
    0x20002065   COMPRESSED   0x00000003   PAD
    0x20002068        -       0x00000020   Zero   RW         3972    .bss                stm32f4xx_hal_flash.o
    0x20002088        -       0x00000040   Zero   RW         7230    .bss                queue.o
    0x200020c8        -       0x000000f0   Zero   RW         7604    .bss                tasks.o
    0x200021b8        -       0x00000110   Zero   RW         7923    .bss                timers.o
    0x200022c8        -       0x00006000   Zero   RW         8448    .bss                heap_4.o
    0x200082c8        -       0x00000468   Zero   RW         8591    .bss                cloud_control.o
    0x20008730        -       0x00000050   Zero   RW         8763    .bss                robot_control.o
    0x20008780        -       0x000000f0   Zero   RW         8961    .bss                control_vision.o
    0x20008870        -       0x00000160   Zero   RW         9113    .bss                shoot.o
    0x200089d0        -       0x00000014   Zero   RW         9292    .bss                dr16_control.o
    0x200089e4        -       0x00000014   Zero   RW         9384    .bss                devices_monitor.o
    0x200089f8        -       0x00000060   Zero   RW        10058    .bss                c_w.l(libspace.o)
    0x20008a58        -       0x00002000   Zero   RW         3519    HEAP                startup_stm32f407xx.o
    0x2000aa58        -       0x00002000   Zero   RW         3518    STACK               startup_stm32f407xx.o


==============================================================================

Image component sizes


      Code (inc. data)   RO Data    RW Data    ZI Data      Debug   Object Name

      2338         40         18         44          0     596099   bmi088driver.o
       140         28          0          0          0      18260   bmi088middleware.o
       332         18          0          0         10       2135   bsp_buzzer.o
       128         20          0          8          0       1464   bsp_delay.o
       694        108          0         16          0       4329   bsp_flash.o
        12          4          0          0          0        546   bsp_imu_pwm.o
       104         22          0          8          0        636   bsp_led.o
     10428        170          0          0          0       5750   bsp_spi.o
       556         14          0          0        100       3088   bsp_usart.o
      1068         86          3         20         65       6132   calibrate_task.o
       496         44          0          4         80       2638   can.o
       990        118          0         24        580       9710   can_control.o
      1532        184          0         28          0       6971   chassis_control.o
      3900        554          0         76       1128      16842   cloud_control.o
       142          0          0          0          0      23107   cmsis_os.o
      1074        132          0        188        240      21838   control_vision.o
        36          6        256          0          0       1376   crc.o
       348         34          0          0         42       3046   debug_datascope.o
         0          0          0          0          0       2524   dev_buzzer.o
      1422        246       3011        556       1304      11444   dev_oled.o
       166         22          0         24         20       4223   devices_monitor.o
         0          0          0         36         40       6927   dji_imu.o
       152          6          0          0          0        906   dma.o
      4088        256          0         40         20      13760   dr16_control.o
         0          0          0          0          0      17260   event_groups.o
      1036        122        393         56       1704      11556   freertos.o
       600         28          0          0          0     715131   gpio.o
       692         62          0         24      24576       5055   heap_4.o
       260         30          0          0         84       1869   i2c.o
      4610        332         24        160        308      14467   ins_task.o
       148          6         12          0          0       2127   ist8310driver.o
       136         22          0          0          0       4315   ist8310driver_middleware.o
        64          6          0          0          0       1071   kalman_filter.o
       432         10          0         28          0       1797   led_flow_task.o
       148          0          0          0          0       3846   list.o
         0          0          0          0        152       6230   m6020_motor.o
      2276         72          0         20          0       5105   mahonyahrs.o
       394         42          0          0          0     746023   main.o
      3066         38          0          0          0      14911   pid.o
      1014         92          0         12          0      12601   port.o
      1914         20          0          0         64      18024   queue.o
       908         90          0         16         92      10745   remote_control.o
       976        108          0         44         80       8295   robot_control.o
      2748        290          0        143        352      12627   shoot.o
       660         56          0          0        368       2832   spi.o
        64         26        392          0      16384        860   startup_stm32f407xx.o
        96         20          0          9          0       8350   stm32f4xx_hal.o
      2094          6          0          0          0      15060   stm32f4xx_hal_can.o
       320         30          0          0          0      34641   stm32f4xx_hal_cortex.o
      1366         16          8          0          0       7506   stm32f4xx_hal_dma.o
       652         64          0          0         32       6446   stm32f4xx_hal_flash.o
       432         26          0          0          0       3486   stm32f4xx_hal_flash_ex.o
       586         50          0          0          0       4519   stm32f4xx_hal_gpio.o
      2856         46          0          0          0      12230   stm32f4xx_hal_i2c.o
        84          6          0          0          0        926   stm32f4xx_hal_msp.o
      1868         94          0          0          0       6633   stm32f4xx_hal_rcc.o
      1388          8          0          0          0       6064   stm32f4xx_hal_spi.o
      2566        110          0          0          0      21671   stm32f4xx_hal_tim.o
       300         30          0          0          0       3549   stm32f4xx_hal_tim_ex.o
       140         18          0          0         64       1587   stm32f4xx_hal_timebase_tim.o
      2138         12          0          0          0      10427   stm32f4xx_hal_uart.o
       296         52          0          0          0      15467   stm32f4xx_it.o
         0          0          0          0          0        392   stream_buffer.o
       100         18         24          4          0       1295   system_stm32f4xx.o
        30          0          0          0          0       1061   task_dr16.o
       184         14          0          6          0       1571   task_monitor.o
        42          0          0          0          0      21407   task_robotcontr.o
      3930        432          0         60        240      36511   tasks.o
        10          0          0          0          0        564   test_task.o
      1864        146          0          0        480       7061   tim.o
      1318        124          0         20        272      31247   timers.o
       960         98          0          0        448       4219   usart.o
       784         88          0          0        688       5688   ws2812.o

    ----------------------------------------------------------------------
     78764       5072       4180       1680      50024    2650076   Object Totals
         0          0         32          0          0          0   (incl. Generated)
        68          0          7          6          7          0   (incl. Padding)

    ----------------------------------------------------------------------

      Code (inc. data)   RO Data    RW Data    ZI Data      Debug   Library Member Name

         0          0       2052          0          0       4704   arm_common_tables.o
       120         12          0          0          0      17170   arm_cos_f32.o
       148         18          0          0          0        814   arm_sin_f32.o
       100          0          0          0          0          0   __dclz77c.o
         8          0          0          0          0         68   __main.o
         0          0          0          0          0          0   __rtentry.o
        12          0          0          0          0          0   __rtentry2.o
         6          0          0          0          0          0   __rtentry4.o
        52          8          0          0          0          0   __scatter.o
        28          0          0          0          0          0   __scatter_zi.o
        48          4          0          0          0         84   _fptrap.o
        22          0          0          0          0        100   _rserrno.o
        16          0          0          0          0         68   aeabi_memset.o
        10          0          0          0          0         68   defsig_exit.o
       172        110          0          0          0         76   defsig_fpe_inner.o
        14          0          0          0          0         80   defsig_fpe_outer.o
        50          0          0          0          0         88   defsig_general.o
        18          0          0          0          0         80   exit.o
         6          0          0          0          0        152   heapauxi.o
         0          0          0          0          0          0   indicate_semi.o
         2          0          0          0          0          0   libinit.o
         6          0          0          0          0          0   libinit2.o
         2          0          0          0          0          0   libshutdown.o
         2          0          0          0          0          0   libshutdown2.o
         8          4          0          0         96         68   libspace.o
       238          0          0          0          0        100   lludivv7m.o
         8          4          0          0          0         68   rt_errno_addr_intlibspace.o
        68          0          0          0          0         68   rt_memclr.o
        78          0          0          0          0         80   rt_memclr_w.o
       138          0          0          0          0         68   rt_memcpy_v6.o
       100          0          0          0          0         80   rt_memcpy_w.o
         2          0          0          0          0          0   rtexit.o
        10          0          0          0          0          0   rtexit2.o
        62          0          0          0          0         76   strlen.o
        12          4          0          0          0         68   sys_exit.o
        74          0          0          0          0         80   sys_stackheap_outer.o
        14          0          0          0          0         76   sys_wrch.o
         2          0          0          0          0         68   use_no_semi.o
       708         16          0          0          0        140   d2f_clz.o
      1256         28          0          0          0        408   daddsub_clz.o
        24          0          0          0          0        116   dcmpi.o
       892        152          0          0          0        292   ddiv_clz.o
       220         16          0          0          0        192   dfixu.o
       110          0          0          0          0        348   dflt_clz.o
       120          8          0          0          0        140   dleqf.o
       448         16          0          0          0        164   dmul_clz.o
       258          4          0          0          0        156   dnaninf.o
       112          0          0          0          0        160   drenorm_clz.o
        12          0          0          0          0        116   dretinf.o
        98          0          0          0          0        128   drleqf.o
       520         56          0          0          0        180   dsqrt_umaalclz.o
       378          0          0          0          0        168   dunder_clz.o
       492         36          0          0          0        148   except.o
       122          8          0          0          0        132   f2d.o
       242          4          0          0          0        144   fnaninf.o
        10          0          0          0          0        116   fpinit.o
        10          0          0          0          0        116   fretinf.o
       316          0          0          0          0        132   funder_clz.o
       178          0          0          0          0        116   retnan.o
       126          0          0          0          0        148   trapv.o
         0          0          0          0          0          0   usenofp.o
       300         42          0          0          0        176   asinf.o
       684         90          0          0          0        208   atan2f.o
        20          0          0          0          0        124   fabs.o
        38          0          0          0          0        116   fpclassifyf.o
        44         12          0          0          0        464   funder.o
       122          0          0          0          0        148   sqrt_full.o
        62          0          0          0          0        136   sqrtf_full.o

    ----------------------------------------------------------------------
      9588        652       2052          0         96      29584   Library Totals
        10          0          0          0          0          0   (incl. Padding)

    ----------------------------------------------------------------------

      Code (inc. data)   RO Data    RW Data    ZI Data      Debug   Library Name

       268         30       2052          0          0      22688   arm_cortexM4lf_math.lib
      1388        134          0          0         96       1764   c_w.l
      6652        344          0          0          0       3760   g_wm.l
      1270        144          0          0          0       1372   m_wm.l

    ----------------------------------------------------------------------
      9588        652       2052          0         96      29584   Library Totals

    ----------------------------------------------------------------------

==============================================================================


      Code (inc. data)   RO Data    RW Data    ZI Data      Debug   

     88352       5724       6232       1680      50120    2630024   Grand Totals
     88352       5724       6232        728      50120    2630024   ELF Image Totals (compressed)
     88352       5724       6232        728          0          0   ROM Totals

==============================================================================

    Total RO  Size (Code + RO Data)                94584 (  92.37kB)
    Total RW  Size (RW Data + ZI Data)             51800 (  50.59kB)
    Total ROM Size (Code + RO Data + RW Data)      95312 (  93.08kB)

==============================================================================

