Component: ARM Compiler 5.06 update 7 (build 960) Tool: armlink [4d3601]

==============================================================================

Section Cross References

    startup_stm32f427xx.o(RESET) refers to startup_stm32f427xx.o(STACK) for __initial_sp
    startup_stm32f427xx.o(RESET) refers to startup_stm32f427xx.o(.text) for Reset_Handler
    startup_stm32f427xx.o(RESET) refers to stm32f4xx_it.o(i.NMI_Handler) for NMI_Handler
    startup_stm32f427xx.o(RESET) refers to stm32f4xx_it.o(i.HardFault_Handler) for HardFault_Handler
    startup_stm32f427xx.o(RESET) refers to stm32f4xx_it.o(i.MemManage_Handler) for MemManage_Handler
    startup_stm32f427xx.o(RESET) refers to stm32f4xx_it.o(i.BusFault_Handler) for BusFault_Handler
    startup_stm32f427xx.o(RESET) refers to stm32f4xx_it.o(i.UsageFault_Handler) for UsageFault_Handler
    startup_stm32f427xx.o(RESET) refers to port.o(.emb_text) for SVC_Handler
    startup_stm32f427xx.o(RESET) refers to stm32f4xx_it.o(i.DebugMon_Handler) for DebugMon_Handler
    startup_stm32f427xx.o(RESET) refers to port.o(i.SysTick_Handler) for SysTick_Handler
    startup_stm32f427xx.o(RESET) refers to stm32f4xx_it.o(i.DMA1_Stream1_IRQHandler) for DMA1_Stream1_IRQHandler
    startup_stm32f427xx.o(RESET) refers to stm32f4xx_it.o(i.DMA1_Stream3_IRQHandler) for DMA1_Stream3_IRQHandler
    startup_stm32f427xx.o(RESET) refers to stm32f4xx_it.o(i.CAN1_RX0_IRQHandler) for CAN1_RX0_IRQHandler
    startup_stm32f427xx.o(RESET) refers to stm32f4xx_it.o(i.TIM1_UP_TIM10_IRQHandler) for TIM1_UP_TIM10_IRQHandler
    startup_stm32f427xx.o(RESET) refers to stm32f4xx_it.o(i.USART3_IRQHandler) for USART3_IRQHandler
    startup_stm32f427xx.o(RESET) refers to stm32f4xx_it.o(i.CAN2_RX0_IRQHandler) for CAN2_RX0_IRQHandler
    startup_stm32f427xx.o(.text) refers to system_stm32f4xx.o(i.SystemInit) for SystemInit
    startup_stm32f427xx.o(.text) refers to entry.o(.ARM.Collect$$$$00000000) for __main
    main.o(i.HAL_TIM_PeriodElapsedCallback) refers to stm32f4xx_hal.o(i.HAL_IncTick) for HAL_IncTick
    main.o(i.SystemClock_Config) refers to memseta.o(.text) for __aeabi_memclr4
    main.o(i.SystemClock_Config) refers to stm32f4xx_hal_rcc.o(i.HAL_RCC_OscConfig) for HAL_RCC_OscConfig
    main.o(i.SystemClock_Config) refers to main.o(i.Error_Handler) for Error_Handler
    main.o(i.SystemClock_Config) refers to stm32f4xx_hal_rcc.o(i.HAL_RCC_ClockConfig) for HAL_RCC_ClockConfig
    main.o(i.main) refers to stm32f4xx_hal.o(i.HAL_Init) for HAL_Init
    main.o(i.main) refers to main.o(i.SystemClock_Config) for SystemClock_Config
    main.o(i.main) refers to gpio.o(i.MX_GPIO_Init) for MX_GPIO_Init
    main.o(i.main) refers to dma.o(i.MX_DMA_Init) for MX_DMA_Init
    main.o(i.main) refers to can.o(i.MX_CAN1_Init) for MX_CAN1_Init
    main.o(i.main) refers to can.o(i.MX_CAN2_Init) for MX_CAN2_Init
    main.o(i.main) refers to usart.o(i.MX_USART6_UART_Init) for MX_USART6_UART_Init
    main.o(i.main) refers to usart.o(i.MX_USART3_UART_Init) for MX_USART3_UART_Init
    main.o(i.main) refers to usart.o(i.MX_UART8_Init) for MX_UART8_Init
    main.o(i.main) refers to can_control.o(i.CAN_IT_Init) for CAN_IT_Init
    main.o(i.main) refers to rm_judgesystem.o(i.JudgeSystem_USART_Receive_DMA) for JudgeSystem_USART_Receive_DMA
    main.o(i.main) refers to freertos.o(i.MX_FREERTOS_Init) for MX_FREERTOS_Init
    main.o(i.main) refers to cmsis_os.o(i.osKernelStart) for osKernelStart
    main.o(i.main) refers to can.o(.bss) for hcan1
    main.o(i.main) refers to usart.o(.bss) for huart3
    freertos.o(i.All_Init) refers to cmsis_os.o(i.osDelay) for osDelay
    freertos.o(i.DBG) refers to debug_datascope.o(i.DataScope_Get_Channel_Data) for DataScope_Get_Channel_Data
    freertos.o(i.DBG) refers to debug_datascope.o(i.DataScope_Data_Generate) for DataScope_Data_Generate
    freertos.o(i.DBG) refers to cmsis_os.o(i.osDelay) for osDelay
    freertos.o(i.DBG) refers to rm_judgesystem.o(.bss) for ext_power_heat_data
    freertos.o(i.DBG) refers to freertos.o(.data) for Send_Count
    freertos.o(i.DBG) refers to debug_datascope.o(.bss) for DataScope_OutPut_Buffer
    freertos.o(i.MX_FREERTOS_Init) refers to memcpya.o(.text) for __aeabi_memcpy4
    freertos.o(i.MX_FREERTOS_Init) refers to cmsis_os.o(i.osThreadCreate) for osThreadCreate
    freertos.o(i.MX_FREERTOS_Init) refers to freertos.o(.constdata) for .constdata
    freertos.o(i.MX_FREERTOS_Init) refers to freertos.o(.data) for defaultTaskHandle
    freertos.o(i.StartDefaultTask) refers to cmsis_os.o(i.osDelay) for osDelay
    freertos.o(i.vApplicationGetIdleTaskMemory) refers to freertos.o(.bss) for xIdleTaskTCBBuffer
    freertos.o(.constdata) refers to freertos.o(.conststring) for .conststring
    freertos.o(.constdata) refers to freertos.o(i.StartDefaultTask) for StartDefaultTask
    freertos.o(.constdata) refers to task_robotcontr.o(i.RobotControl) for RobotControl
    freertos.o(.constdata) refers to freertos.o(i.All_Init) for All_Init
[...]
    DebugMon_Handler                         0x08001e15   Thumb Code     2  stm32f4xx_it.o(i.DebugMon_Handler)
    DevicesGet_State                         0x08001e19   Thumb Code    42  devices_monitor.o(i.DevicesGet_State)
    DevicesUpdate                            0x08001e49   Thumb Code    16  devices_monitor.o(i.DevicesUpdate)
    Devices_Detec                            0x08001e5d   Thumb Code    72  devices_monitor.o(i.Devices_Detec)
    Error_Handler                            0x08001eb1   Thumb Code     2  main.o(i.Error_Handler)
    Ex_CrossHair                             0x08001eb5   Thumb Code   786  rm_judgesystem.o(i.Ex_CrossHair)
    Float2Byte                               0x080021e1   Thumb Code    28  debug_datascope.o(i.Float2Byte)
    Follow_IN_PID                            0x080021fd   Thumb Code   206  pid.o(i.Follow_IN_PID)
    Follow_OUT_PID                           0x080022cd   Thumb Code   236  pid.o(i.Follow_OUT_PID)
    Frame_Detec                              0x080023bd   Thumb Code    14  devices_monitor.o(i.Frame_Detec)
    Get_CRC16_Check_Sum                      0x080023cd   Thumb Code    46  rm_judgesystem.o(i.Get_CRC16_Check_Sum)
    Get_CRC8_Check_Sum                       0x08002401   Thumb Code    30  rm_judgesystem.o(i.Get_CRC8_Check_Sum)
    Get_Cell                                 0x08002425   Thumb Code     6  dev_supercapacitor.o(i.Get_Cell)
    Get_CoolingLimit                         0x08002431   Thumb Code     6  robot_control.o(i.Get_CoolingLimit)
    Get_CoolingRate                          0x0800243d   Thumb Code     6  robot_control.o(i.Get_CoolingRate)
    Get_GunHeat                              0x08002449   Thumb Code     6  robot_control.o(i.Get_GunHeat)
    Green_ShowOn                             0x08002455   Thumb Code     8  rm_judgesystem.o(i.Green_ShowOn)
    HAL_CAN_AddTxMessage                     0x0800245d   Thumb Code   342  stm32f4xx_hal_can.o(i.HAL_CAN_AddTxMessage)
    HAL_CAN_ConfigFilter                     0x080025b5   Thumb Code   286  stm32f4xx_hal_can.o(i.HAL_CAN_ConfigFilter)
    HAL_CAN_ErrorCallback                    0x080026d9   Thumb Code     2  stm32f4xx_hal_can.o(i.HAL_CAN_ErrorCallback)
    HAL_CAN_GetRxMessage                     0x080026db   Thumb Code   378  stm32f4xx_hal_can.o(i.HAL_CAN_GetRxMessage)
    HAL_CAN_IRQHandler                       0x08002855   Thumb Code   590  stm32f4xx_hal_can.o(i.HAL_CAN_IRQHandler)
    HAL_CAN_Init                             0x08002aa3   Thumb Code   372  stm32f4xx_hal_can.o(i.HAL_CAN_Init)
    HAL_CAN_MspInit                          0x08002c19   Thumb Code   330  can.o(i.HAL_CAN_MspInit)
    HAL_CAN_RxFifo0FullCallback              0x08002d7d   Thumb Code     2  stm32f4xx_hal_can.o(i.HAL_CAN_RxFifo0FullCallback)
    HAL_CAN_RxFifo0MsgPendingCallback        0x08002d7f   Thumb Code     2  stm32f4xx_hal_can.o(i.HAL_CAN_RxFifo0MsgPendingCallback)
    HAL_CAN_RxFifo0MsgPendingCallback1       0x08002d81   Thumb Code   256  can_control.o(i.HAL_CAN_RxFifo0MsgPendingCallback1)
    HAL_CAN_RxFifo0MsgPendingCallback2       0x08002ea1   Thumb Code   172  can_control.o(i.HAL_CAN_RxFifo0MsgPendingCallback2)
    HAL_CAN_RxFifo1FullCallback              0x08002f69   Thumb Code     2  stm32f4xx_hal_can.o(i.HAL_CAN_RxFifo1FullCallback)
    HAL_CAN_RxFifo1MsgPendingCallback        0x08002f6b   Thumb Code     2  stm32f4xx_hal_can.o(i.HAL_CAN_RxFifo1MsgPendingCallback)
    HAL_CAN_SleepCallback                    0x08002f6d   Thumb Code     2  stm32f4xx_hal_can.o(i.HAL_CAN_SleepCallback)
    HAL_CAN_Start                            0x08002f6f   Thumb Code    94  stm32f4xx_hal_can.o(i.HAL_CAN_Start)
    HAL_CAN_TxMailbox0AbortCallback          0x08002fcd   Thumb Code     2  stm32f4xx_hal_can.o(i.HAL_CAN_TxMailbox0AbortCallback)
    HAL_CAN_TxMailbox0CompleteCallback       0x08002fcf   Thumb Code     2  stm32f4xx_hal_can.o(i.HAL_CAN_TxMailbox0CompleteCallback)
    HAL_CAN_TxMailbox1AbortCallback          0x08002fd1   Thumb Code     2  stm32f4xx_hal_can.o(i.HAL_CAN_TxMailbox1AbortCallback)
    HAL_CAN_TxMailbox1CompleteCallback       0x08002fd3   Thumb Code     2  stm32f4xx_hal_can.o(i.HAL_CAN_TxMailbox1CompleteCallback)
    HAL_CAN_TxMailbox2AbortCallback          0x08002fd5   Thumb Code     2  stm32f4xx_hal_can.o(i.HAL_CAN_TxMailbox2AbortCallback)
    HAL_CAN_TxMailbox2CompleteCallback       0x08002fd7   Thumb Code     2  stm32f4xx_hal_can.o(i.HAL_CAN_TxMailbox2CompleteCallback)
    HAL_CAN_WakeUpFromRxMsgCallback          0x08002fd9   Thumb Code     2  stm32f4xx_hal_can.o(i.HAL_CAN_WakeUpFromRxMsgCallback)
    HAL_DMA_Abort_IT                         0x08002fdb   Thumb Code    40  stm32f4xx_hal_dma.o(i.HAL_DMA_Abort_IT)
    HAL_DMA_IRQHandler                       0x08003005   Thumb Code   570  stm32f4xx_hal_dma.o(i.HAL_DMA_IRQHandler)
    HAL_DMA_Init                             0x08003245   Thumb Code   232  stm32f4xx_hal_dma.o(i.HAL_DMA_Init)
    HAL_DMA_Start                            0x08003331   Thumb Code   102  stm32f4xx_hal_dma.o(i.HAL_DMA_Start)
    HAL_GPIO_Init                            0x08003399   Thumb Code   486  stm32f4xx_hal_gpio.o(i.HAL_GPIO_Init)
    HAL_GetTick                              0x080035b5   Thumb Code     6  stm32f4xx_hal.o(i.HAL_GetTick)
    HAL_IncTick                              0x080035c1   Thumb Code    16  stm32f4xx_hal.o(i.HAL_IncTick)
    HAL_Init                                 0x080035d9   Thumb Code    54  stm32f4xx_hal.o(i.HAL_Init)
    HAL_InitTick                             0x08003615   Thumb Code   122  stm32f4xx_hal_timebase_tim.o(i.HAL_InitTick)
    HAL_MspInit                              0x080036a1   Thumb Code    68  stm32f4xx_hal_msp.o(i.HAL_MspInit)
    HAL_NVIC_EnableIRQ                       0x080036e9   Thumb Code    32  stm32f4xx_hal_cortex.o(i.HAL_NVIC_EnableIRQ)
    HAL_NVIC_SetPriority                     0x08003709   Thumb Code   124  stm32f4xx_hal_cortex.o(i.HAL_NVIC_SetPriority)
    HAL_NVIC_SetPriorityGrouping             0x08003785   Thumb Code    32  stm32f4xx_hal_cortex.o(i.HAL_NVIC_SetPriorityGrouping)
    HAL_NVIC_SystemReset                     0x080037ad   Thumb Code    60  stm32f4xx_hal_cortex.o(i.HAL_NVIC_SystemReset)
    HAL_RCC_ClockConfig                      0x080037f1   Thumb Code   368  stm32f4xx_hal_rcc.o(i.HAL_RCC_ClockConfig)
    HAL_RCC_GetClockConfig                   0x08003975   Thumb Code    58  stm32f4xx_hal_rcc.o(i.HAL_RCC_GetClockConfig)
    HAL_RCC_GetHCLKFreq                      0x080039b9   Thumb Code     6  stm32f4xx_hal_rcc.o(i.HAL_RCC_GetHCLKFreq)
    HAL_RCC_GetPCLK1Freq                     0x080039c5   Thumb Code    22  stm32f4xx_hal_rcc.o(i.HAL_RCC_GetPCLK1Freq)
    HAL_RCC_GetPCLK2Freq                     0x080039e5   Thumb Code    22  stm32f4xx_hal_rcc.o(i.HAL_RCC_GetPCLK2Freq)
    HAL_RCC_GetSysClockFreq                  0x08003a05   Thumb Code   162  stm32f4xx_hal_rcc.o(i.HAL_RCC_GetSysClockFreq)
    HAL_RCC_OscConfig                        0x08003ab5   Thumb Code  1152  stm32f4xx_hal_rcc.o(i.HAL_RCC_OscConfig)
    HAL_TIMEx_BreakCallback                  0x08003f3d   Thumb Code     2  stm32f4xx_hal_tim_ex.o(i.HAL_TIMEx_BreakCallback)
    HAL_TIMEx_CommutCallback                 0x08003f3f   Thumb Code     2  stm32f4xx_hal_tim_ex.o(i.HAL_TIMEx_CommutCallback)
    HAL_TIM_Base_Init                        0x08003f41   Thumb Code    52  stm32f4xx_hal_tim.o(i.HAL_TIM_Base_Init)
    HAL_TIM_Base_MspInit                     0x08003f75   Thumb Code     2  stm32f4xx_hal_tim.o(i.HAL_TIM_Base_MspInit)
    HAL_TIM_Base_Start_IT                    0x08003f77   Thumb Code    42  stm32f4xx_hal_tim.o(i.HAL_TIM_Base_Start_IT)
    HAL_TIM_IC_CaptureCallback               0x08003fa1   Thumb Code     2  stm32f4xx_hal_tim.o(i.HAL_TIM_IC_CaptureCallback)
    HAL_TIM_IRQHandler                       0x08003fa3   Thumb Code   406  stm32f4xx_hal_tim.o(i.HAL_TIM_IRQHandler)
    HAL_TIM_OC_DelayElapsedCallback          0x08004139   Thumb Code     2  stm32f4xx_hal_tim.o(i.HAL_TIM_OC_DelayElapsedCallback)
    HAL_TIM_PWM_PulseFinishedCallback        0x0800413b   Thumb Code     2  stm32f4xx_hal_tim.o(i.HAL_TIM_PWM_PulseFinishedCallback)
    HAL_TIM_PeriodElapsedCallback            0x0800413d   Thumb Code    18  main.o(i.HAL_TIM_PeriodElapsedCallback)
    HAL_TIM_TriggerCallback                  0x08004155   Thumb Code     2  stm32f4xx_hal_tim.o(i.HAL_TIM_TriggerCallback)
    HAL_UART_ErrorCallback                   0x08004157   Thumb Code     2  stm32f4xx_hal_uart.o(i.HAL_UART_ErrorCallback)
    HAL_UART_IRQHandler                      0x08004159   Thumb Code   336  stm32f4xx_hal_uart.o(i.HAL_UART_IRQHandler)
    HAL_UART_Init                            0x080042ad   Thumb Code   114  stm32f4xx_hal_uart.o(i.HAL_UART_Init)
    HAL_UART_MspInit                         0x08004321   Thumb Code   486  usart.o(i.HAL_UART_MspInit)
    HAL_UART_RxCpltCallback                  0x08004531   Thumb Code     2  stm32f4xx_hal_uart.o(i.HAL_UART_RxCpltCallback)
    HAL_UART_Transmit                        0x08004533   Thumb Code   216  stm32f4xx_hal_uart.o(i.HAL_UART_Transmit)
    HAL_UART_TxCpltCallback                  0x0800460b   Thumb Code     2  stm32f4xx_hal_uart.o(i.HAL_UART_TxCpltCallback)
    HardFault_Handler                        0x0800460d   Thumb Code     4  stm32f4xx_it.o(i.HardFault_Handler)
    IncrementPID_Reset                       0x08004611   Thumb Code    74  pid.o(i.IncrementPID_Reset)
    IncrementalPID_paraReset                 0x08004661   Thumb Code    66  pid.o(i.IncrementalPID_paraReset)
    JudgeSystem_Handler                      0x080046a9   Thumb Code   104  rm_judgesystem.o(i.JudgeSystem_Handler)
    JudgeSystem_USART_Receive_DMA            0x08004719   Thumb Code    64  rm_judgesystem.o(i.JudgeSystem_USART_Receive_DMA)
    Judge_GetMessage                         0x0800475d   Thumb Code  1088  rm_judgesystem.o(i.Judge_GetMessage)
    LEDGreen_Mean                            0x08004b9d   Thumb Code   268  rm_judgesystem.o(i.LEDGreen_Mean)
    LEDGreen_MeanUpdate                      0x08004cd9   Thumb Code   172  rm_judgesystem.o(i.LEDGreen_MeanUpdate)
    LEDOrange_Mean                           0x08004dbd   Thumb Code   268  rm_judgesystem.o(i.LEDOrange_Mean)
    LEDOrange_MeanUpdate                     0x08004efd   Thumb Code   218  rm_judgesystem.o(i.LEDOrange_MeanUpdate)
    LEDPink_MeanUpdate                       0x08005061   Thumb Code     2  rm_judgesystem.o(i.LEDPink_MeanUpdate)
    LEDPurple_Mean                           0x08005065   Thumb Code   268  rm_judgesystem.o(i.LEDPurple_Mean)
    LEDPurple_MeanUpdate                     0x080051a1   Thumb Code   220  rm_judgesystem.o(i.LEDPurple_MeanUpdate)
    LEDYellow_Mean                           0x08005301   Thumb Code   268  rm_judgesystem.o(i.LEDYellow_Mean)
    LEDYellow_MeanUpdate                     0x08005439   Thumb Code   240  rm_judgesystem.o(i.LEDYellow_MeanUpdate)
    MX_CAN1_Init                             0x080055a1   Thumb Code    58  can.o(i.MX_CAN1_Init)
    MX_CAN2_Init                             0x080055e5   Thumb Code    58  can.o(i.MX_CAN2_Init)
    MX_DMA_Init                              0x08005629   Thumb Code    68  dma.o(i.MX_DMA_Init)
    MX_FREERTOS_Init                         0x08005671   Thumb Code   174  freertos.o(i.MX_FREERTOS_Init)
    MX_GPIO_Init                             0x08005741   Thumb Code   186  gpio.o(i.MX_GPIO_Init)
    MX_UART8_Init                            0x08005801   Thumb Code    46  usart.o(i.MX_UART8_Init)
    MX_USART3_UART_Init                      0x08005839   Thumb Code    46  usart.o(i.MX_USART3_UART_Init)
    MX_USART6_UART_Init                      0x08005871   Thumb Code    46  usart.o(i.MX_USART6_UART_Init)
    MemManage_Handler                        0x080058a9   Thumb Code     4  stm32f4xx_it.o(i.MemManage_Handler)
    NMI_Handler                              0x080058ad   Thumb Code     2  stm32f4xx_it.o(i.NMI_Handler)
    Orange_ShowOn                            0x080058af   Thumb Code     8  rm_judgesystem.o(i.Orange_ShowOn)
    Pink_ShowOn                              0x080058b7   Thumb Code     2  rm_judgesystem.o(i.Pink_ShowOn)
    PositionPID_Reset                        0x080058b9   Thumb Code    74  pid.o(i.PositionPID_Reset)
    PositionPID_paraReset                    0x08005909   Thumb Code    66  pid.o(i.PositionPID_paraReset)
    PowerMeter_Get_Power_Val                 0x08005951   Thumb Code    20  power_meter.o(i.PowerMeter_Get_Power_Val)
    PowerMeter_Get_Shunt_Current             0x08005965   Thumb Code    16  power_meter.o(i.PowerMeter_Get_Shunt_Current)
    PowerMeter_Get_voltageVal                0x0800597d   Thumb Code    16  power_meter.o(i.PowerMeter_Get_voltageVal)
    Power_Update                             0x08005995   Thumb Code    12  power_meter.o(i.Power_Update)
    Process                                  0x080059a5   Thumb Code   850  chassis_control.o(i.Process)
    Purple_ShowOn                            0x08005d59   Thumb Code     8  rm_judgesystem.o(i.Purple_ShowOn)
    RUDTargetAngle_Calc                      0x08005d61   Thumb Code   594  chassis_control.o(i.RUDTargetAngle_Calc)
    RUD_IN_PID                               0x08005fe5   Thumb Code   186  pid.o(i.RUD_IN_PID)
    RUD_OUT_PID                              0x0800609f   Thumb Code   186  pid.o(i.RUD_OUT_PID)
    RefereeMsg_Send                          0x08006159   Thumb Code   120  robot_control.o(i.RefereeMsg_Send)
    RobotControl                             0x080061e9   Thumb Code    30  task_robotcontr.o(i.RobotControl)
    RobotReset                               0x08006207   Thumb Code    16  can_control.o(i.RobotReset)
    Robot_control                            0x08006219   Thumb Code   140  robot_control.o(i.Robot_control)
    RudAngle_Calc                            0x080062b1   Thumb Code  1762  chassis_control.o(i.RudAngle_Calc)
    Rudder_Solve                             0x080069ad   Thumb Code  1612  chassis_control.o(i.Rudder_Solve)
    Set_MaxSpeed                             0x08007009   Thumb Code   262  chassis_control.o(i.Set_MaxSpeed)
    Set_RudMaxOut                            0x08007135   Thumb Code    28  chassis_control.o(i.Set_RudMaxOut)
    ShootFreq_Calc                           0x08007155   Thumb Code   170  robot_control.o(i.ShootFreq_Calc)
    ShootLv_Init                             0x08007209   Thumb Code   252  rm_judgesystem.o(i.ShootLv_Init)
    ShootLv_Updata                           0x0800731d   Thumb Code   258  rm_judgesystem.o(i.ShootLv_Updata)
    ShootLv_show                             0x08007435   Thumb Code    12  rm_judgesystem.o(i.ShootLv_show)
    Show_CrossHair                           0x08007441   Thumb Code    12  rm_judgesystem.o(i.Show_CrossHair)
    Show_ShootLevel                          0x0800744d   Thumb Code   264  rm_judgesystem.o(i.Show_ShootLevel)
    Standard_CrossHair                       0x08007579   Thumb Code   806  rm_judgesystem.o(i.Standard_CrossHair)
    StartDefaultTask                         0x080078b9   Thumb Code    10  freertos.o(i.StartDefaultTask)
    SupCap_ChargeControl                     0x080078c5   Thumb Code     8  dev_supercapacitor.o(i.SupCap_ChargeControl)
    SupCap_Control                           0x080078d1   Thumb Code   412  dev_supercapacitor.o(i.SupCap_Control)
    SupCap_Get_Usable                        0x08007a91   Thumb Code    14  dev_supercapacitor.o(i.SupCap_Get_Usable)
    SupCap_Get_UseSup                        0x08007aa5   Thumb Code    14  dev_supercapacitor.o(i.SupCap_Get_UseSup)
    SupCap_Main_Switch                       0x08007ab9   Thumb Code    12  dev_supercapacitor.o(i.SupCap_Main_Switch)
    SupCap_Send_Msg                          0x08007acd   Thumb Code    28  dev_supercapacitor.o(i.SupCap_Send_Msg)
    SupCap_SupplySwitch                      0x08007aed   Thumb Code     6  dev_supercapacitor.o(i.SupCap_SupplySwitch)
    SupCap_Update                            0x08007af9   Thumb Code    12  dev_supercapacitor.o(i.SupCap_Update)
    SysTick_Handler                          0x08007b09   Thumb Code    46  port.o(i.SysTick_Handler)
    SystemClock_Config                       0x08007b3d   Thumb Code   170  main.o(i.SystemClock_Config)
    SystemInit                               0x08007bf1   Thumb Code    24  system_stm32f4xx.o(i.SystemInit)
    TIM1_UP_TIM10_IRQHandler                 0x08007c0d   Thumb Code    10  stm32f4xx_it.o(i.TIM1_UP_TIM10_IRQHandler)
    TIM_Base_SetConfig                       0x08007c1d   Thumb Code   170  stm32f4xx_hal_tim.o(i.TIM_Base_SetConfig)
    Task_CAN_Send                            0x08007cf5   Thumb Code    32  task_can_send.o(i.Task_CAN_Send)
    Task_DevicesMonitor                      0x08007d19   Thumb Code    58  task_monitor.o(i.Task_DevicesMonitor)
    Task_UserDefined_UI                      0x08007d59   Thumb Code    26  task_referee.o(i.Task_UserDefined_UI)
    Turn_InferiorArc                         0x08007d75   Thumb Code    66  chassis_control.o(i.Turn_InferiorArc)
    USART3_IRQHandler                        0x0800837d   Thumb Code    74  stm32f4xx_it.o(i.USART3_IRQHandler)
    UsageFault_Handler                       0x08008411   Thumb Code     4  stm32f4xx_it.o(i.UsageFault_Handler)
    UserDefined_UI                           0x08008415   Thumb Code    82  rmclient_ui.o(i.UserDefined_UI)
    Verify_CRC16_Check_Sum                   0x08008479   Thumb Code    60  rm_judgesystem.o(i.Verify_CRC16_Check_Sum)
    WriteMsgFromGimbal                       0x080084b9   Thumb Code   130  can_control.o(i.WriteMsgFromGimbal)
    Yellow_ShowOn                            0x08008545   Thumb Code     8  rm_judgesystem.o(i.Yellow_ShowOn)
    __0sprintf$1                             0x0800854d   Thumb Code    34  printf1.o(i.__0sprintf$1)
    __1sprintf$1                             0x0800854d   Thumb Code     0  printf1.o(i.__0sprintf$1)
    __2sprintf                               0x0800854d   Thumb Code     0  printf1.o(i.__0sprintf$1)
    __ARM_fpclassify                         0x08008575   Thumb Code    48  fpclassify.o(i.__ARM_fpclassify)
    __hardfp_atan                            0x080085e1   Thumb Code   622  atan.o(i.__hardfp_atan)
    __hardfp_atan2                           0x080088b9   Thumb Code   448  atan2.o(i.__hardfp_atan2)
    __hardfp_fabs                            0x08008ab9   Thumb Code    20  fabs.o(i.__hardfp_fabs)
    __hardfp_pow                             0x08008ad1   Thumb Code  3072  pow.o(i.__hardfp_pow)
    __hardfp_sqrt                            0x08009721   Thumb Code   122  sqrt_full.o(i.__hardfp_sqrt)
    __kernel_poly                            0x0800979b   Thumb Code   248  poly.o(i.__kernel_poly)
    __mathlib_dbl_divzero                    0x08009899   Thumb Code    28  dunder.o(i.__mathlib_dbl_divzero)
    __mathlib_dbl_infnan                     0x080098c9   Thumb Code    20  dunder.o(i.__mathlib_dbl_infnan)
    __mathlib_dbl_infnan2                    0x080098dd   Thumb Code    20  dunder.o(i.__mathlib_dbl_infnan2)
    __mathlib_dbl_invalid                    0x080098f1   Thumb Code    24  dunder.o(i.__mathlib_dbl_invalid)
    __mathlib_dbl_overflow                   0x08009911   Thumb Code    24  dunder.o(i.__mathlib_dbl_overflow)
    __mathlib_dbl_underflow                  0x08009931   Thumb Code    24  dunder.o(i.__mathlib_dbl_underflow)
    __scatterload_copy                       0x08009951   Thumb Code    14  handlers.o(i.__scatterload_copy)
    __scatterload_null                       0x0800995f   Thumb Code     2  handlers.o(i.__scatterload_null)
    __scatterload_zeroinit                   0x08009961   Thumb Code    14  handlers.o(i.__scatterload_zeroinit)
    __set_errno                              0x08009971   Thumb Code     6  errno.o(i.__set_errno)
    abs_limit                                0x08009adb   Thumb Code    46  pid.o(i.abs_limit)
    atan                                     0x08009b09   Thumb Code    16  atan.o(i.atan)
    determine_ID                             0x08009b19   Thumb Code    52  rm_judgesystem.o(i.determine_ID)
    fabs                                     0x08009b59   Thumb Code    24  fabs.o(i.fabs)
    get_moto_measure_3508                    0x08009b71   Thumb Code   130  can_control.o(i.get_moto_measure_3508)
    get_moto_measure_6020                    0x08009c01   Thumb Code   130  can_control.o(i.get_moto_measure_6020)
    int_into_char                            0x08009c91   Thumb Code    26  rm_judgesystem.o(i.int_into_char)
    is_red_or_blue                           0x08009cb1   Thumb Code    24  rm_judgesystem.o(i.is_red_or_blue)
    main                                     0x08009cd1   Thumb Code    70  main.o(i.main)
    osDelay                                  0x08009d33   Thumb Code    24  cmsis_os.o(i.osDelay)
    osKernelStart                            0x08009d4b   Thumb Code    10  cmsis_os.o(i.osKernelStart)
    osThreadCreate                           0x08009d55   Thumb Code    94  cmsis_os.o(i.osThreadCreate)
    pvPortMalloc                             0x0800a235   Thumb Code   296  heap_4.o(i.pvPortMalloc)
    pxPortInitialiseStack                    0x0800a371   Thumb Code    38  port.o(i.pxPortInitialiseStack)
    sqrt                                     0x0800a39d   Thumb Code   110  sqrt_full.o(i.sqrt)
    uxListRemove                             0x0800a40b   Thumb Code    40  list.o(i.uxListRemove)
    vApplicationGetIdleTaskMemory            0x0800a435   Thumb Code    14  freertos.o(i.vApplicationGetIdleTaskMemory)
    vListInitialise                          0x0800a44d   Thumb Code    26  list.o(i.vListInitialise)
    vListInitialiseItem                      0x0800a467   Thumb Code     6  list.o(i.vListInitialiseItem)
    vListInsert                              0x0800a46d   Thumb Code    52  list.o(i.vListInsert)
    vListInsertEnd                           0x0800a4a1   Thumb Code    24  list.o(i.vListInsertEnd)
    vPortEnterCritical                       0x0800a4b9   Thumb Code    76  port.o(i.vPortEnterCritical)
    vPortExitCritical                        0x0800a50d   Thumb Code    56  port.o(i.vPortExitCritical)
    vPortFree                                0x0800a549   Thumb Code   140  heap_4.o(i.vPortFree)
    vPortSetupTimerInterrupt                 0x0800a5dd   Thumb Code    36  port.o(i.vPortSetupTimerInterrupt)
    vTaskDelay                               0x0800a605   Thumb Code    82  tasks.o(i.vTaskDelay)
    vTaskDelayUntil                          0x0800a661   Thumb Code   200  tasks.o(i.vTaskDelayUntil)
    vTaskStartScheduler                      0x0800a735   Thumb Code   146  tasks.o(i.vTaskStartScheduler)
    vTaskSuspendAll                          0x0800a7e5   Thumb Code    12  tasks.o(i.vTaskSuspendAll)
    vTaskSwitchContext                       0x0800a7f5   Thumb Code   118  tasks.o(i.vTaskSwitchContext)
    xPortStartScheduler                      0x0800a881   Thumb Code   330  port.o(i.xPortStartScheduler)
    xTaskCreate                              0x0800a9e9   Thumb Code   100  tasks.o(i.xTaskCreate)
    xTaskCreateStatic                        0x0800aa4d   Thumb Code   186  tasks.o(i.xTaskCreateStatic)
    xTaskGetTickCount                        0x0800ab09   Thumb Code     6  tasks.o(i.xTaskGetTickCount)
    xTaskIncrementTick                       0x0800ab15   Thumb Code   282  tasks.o(i.xTaskIncrementTick)
    xTaskResumeAll                           0x0800ac5d   Thumb Code   224  tasks.o(i.xTaskResumeAll)
    AHBPrescTable                            0x0800ae2c   Data          16  system_stm32f4xx.o(.constdata)
    APBPrescTable                            0x0800ae3c   Data           8  system_stm32f4xx.o(.constdata)
    CRC8_INIT                                0x0800ae44   Data           1  rm_judgesystem.o(.constdata)
    CRC8_TAB                                 0x0800ae45   Data         256  rm_judgesystem.o(.constdata)
    wCRC_Table                               0x0800af46   Data         512  rm_judgesystem.o(.constdata)
    sinTable_f32                             0x0800b148   Data        2052  arm_common_tables.o(.constdata)
    __mathlib_zero                           0x0800ba70   Data           8  qnan.o(.constdata)
    Region$$Table$$Base                      0x0800bad8   Number         0  anon$$obj.o(Region$$Table)
    Region$$Table$$Limit                     0x0800baf8   Number         0  anon$$obj.o(Region$$Table)
    DBGHandle                                0x20000000   Data           4  freertos.o(.data)
    Task_DevicesMonitorHandle                0x20000004   Data           4  freertos.o(.data)
    Task_UserDefined_UIHandle                0x20000008   Data           4  freertos.o(.data)
    defaultTaskHandle                        0x2000000c   Data           4  freertos.o(.data)
    Task_RobotContrHandle                    0x20000010   Data           4  freertos.o(.data)
    Task_InitHandle                          0x20000014   Data           4  freertos.o(.data)
    CAN_SENDHandle                           0x20000018   Data           4  freertos.o(.data)
    x                                        0x2000001c   Data           1  freertos.o(.data)
    Send_Count                               0x2000001d   Data           1  freertos.o(.data)
    uwTick                                   0x20000024   Data           4  stm32f4xx_hal.o(.data)
    uwTickPrio                               0x20000028   Data           4  stm32f4xx_hal.o(.data)
    uwTickFreq                               0x2000002c   Data           1  stm32f4xx_hal.o(.data)
    SystemCoreClock                          0x20000030   Data           4  system_stm32f4xx.o(.data)
    pxCurrentTCB                             0x20000034   Data           4  tasks.o(.data)
    RefereeData                              0x20000096   Data           8  task_can_send.o(.data)
    Frame_rate                               0x200000a0   Data           4  can_control.o(.data)
    TxData                                   0x200000a4   Data           8  can_control.o(.data)
    RXmessage                                0x200000ac   Data           8  can_control.o(.data)
    pTxMailbox                               0x200000b4   Data           4  can_control.o(.data)
    JudgeSystem_FUN                          0x200000c0   Data          12  rm_judgesystem.o(.data)
    RM_Judge                                 0x200000cc   Data           6  rm_judgesystem.o(.data)
    DMA_Counter                              0x200000d2   Data           2  rm_judgesystem.o(.data)
    JudgeSystem                              0x200000d4   Data           6  rm_judgesystem.o(.data)
    ext_game_result                          0x200000da   Data           2  rm_judgesystem.o(.data)
    ext_dart_status                          0x200000dc   Data           4  rm_judgesystem.o(.data)
    ext_even_data                            0x200000e0   Data           5  rm_judgesystem.o(.data)
    ext_supply_projectile_action             0x200000e5   Data           5  rm_judgesystem.o(.data)
    ext_referee_warning                      0x200000ea   Data           3  rm_judgesystem.o(.data)
    ext_dart_remaining_time                  0x200000ed   Data           2  rm_judgesystem.o(.data)
    Buff                                     0x200000ef   Data           2  rm_judgesystem.o(.data)
    aerial_robot_energy                      0x200000f1   Data           3  rm_judgesystem.o(.data)
    ext_robot_hurt                           0x200000f4   Data           2  rm_judgesystem.o(.data)
    ext_shoot_data                           0x200000f6   Data           8  rm_judgesystem.o(.data)
    ext_bullet_remaining                     0x200000fe   Data           7  rm_judgesystem.o(.data)
    ext_rfid_status                          0x20000105   Data           5  rm_judgesystem.o(.data)
    Judge_Self_ID                            0x2000010a   Data           1  rm_judgesystem.o(.data)
    Judge_SelfClient_ID                      0x2000010c   Data           2  rm_judgesystem.o(.data)
    SenrtyMode_Flag                          0x2000010e   Data           1  rm_judgesystem.o(.data)
    DartMode_Flag                            0x2000010f   Data           1  rm_judgesystem.o(.data)
    YellowFlag                               0x20000110   Data           4  rm_judgesystem.o(.data)
    GreenFlag                                0x20000114   Data           4  rm_judgesystem.o(.data)
    OrangeFlag                               0x20000118   Data           4  rm_judgesystem.o(.data)
    PurpleFlag                               0x2000011c   Data           4  rm_judgesystem.o(.data)
    PinkFlag                                 0x20000120   Data           4  rm_judgesystem.o(.data)
    wExpected                                0x20000124   Data           2  rm_judgesystem.o(.data)
    CRC_INIT                                 0x20000126   Data           2  rm_judgesystem.o(.data)
    Send_Color                               0x20000128   Data           1  rm_judgesystem.o(.data)
    send_time                                0x2000012a   Data           2  rm_judgesystem.o(.data)
    Color                                    0x2000012c   Data           1  rm_judgesystem.o(.data)
    Status_Datalength                        0x2000012d   Data           1  rm_judgesystem.o(.data)
    ShootLV_Datalength                       0x2000012e   Data           1  rm_judgesystem.o(.data)
    Cell                                     0x20000130   Data           4  rm_judgesystem.o(.data)
    RecvData                                 0x2000014c   Data           8  dev_supercapacitor.o(.data)
    SendData                                 0x20000154   Data           8  dev_supercapacitor.o(.data)
    State                                    0x2000015c   Data           1  dev_supercapacitor.o(.data)
    Charging_Power                           0x20000160   Data           4  dev_supercapacitor.o(.data)
    charge_flag                              0x20000164   Data           1  dev_supercapacitor.o(.data)
    ChassisPower_Limit                       0x20000166   Data           2  dev_supercapacitor.o(.data)
    Self_RecvData                            0x20000168   Data           8  power_meter.o(.data)
    i                                        0x20000170   Data           4  chassis_control.o(.data)
    j                                        0x20000174   Data           4  chassis_control.o(.data)
    angle_diff                               0x20000178   Data           4  chassis_control.o(.data)
    Radius                                   0x2000017c   Data           4  chassis_control.o(.data)
    RUD_InitAngle                            0x20000180   Data          16  chassis_control.o(.data)
    VxVy_Limit                               0x20000190   Data           4  chassis_control.o(.data)
    Vw_Limit                                 0x20000194   Data           4  chassis_control.o(.data)
    Move_flag                                0x20000198   Data           1  chassis_control.o(.data)
    temp_Vw                                  0x2000019a   Data           2  chassis_control.o(.data)
    Cal_Speed                                0x2000019c   Data           8  chassis_control.o(.data)
    Chassis_Mode                             0x200001a4   Data           1  chassis_control.o(.data)
    drv_tempcurrent                          0x200001a6   Data           8  chassis_control.o(.data)
    temp_spin                                0x200001b0   Data           4  chassis_control.o(.data)
    spin_foloow_speed                        0x200001b4   Data           4  chassis_control.o(.data)
    Ramp_Vy                                  0x200001b8   Data           4  chassis_control.o(.data)
    Ramp_Vx                                  0x200001bc   Data           4  chassis_control.o(.data)
    Ramp_Vw                                  0x200001c0   Data           4  chassis_control.o(.data)
    ACCCCC_VAL1                              0x200001c4   Data           4  chassis_control.o(.data)
    DECCCCC_VAL                              0x200001c8   Data           4  chassis_control.o(.data)
    PreChassMode                             0x200001cc   Data           1  chassis_control.o(.data)
    ramp_count                               0x200001ce   Data           2  chassis_control.o(.data)
    Vw_temp                                  0x200001d0   Data           4  chassis_control.o(.data)
    No_move_flag                             0x200001d4   Data           1  chassis_control.o(.data)
    spin_flag                                0x200001d5   Data           1  chassis_control.o(.data)
    Brake_cnt                                0x200001d6   Data           2  chassis_control.o(.data)
    error_                                   0x200001d8   Data           4  chassis_control.o(.data)
    kkl                                      0x200001dc   Data           4  chassis_control.o(.data)
    VxVy_Coe                                 0x200001e0   Data           4  chassis_control.o(.data)
    Vision_Mode                              0x20000200   Data           1  robot_control.o(.data)
    Infantry                                 0x20000201   Data           1  robot_control.o(.data)
    Robot                                    0x20000202   Data           5  robot_control.o(.data)
    Shoot_Freq                               0x20000207   Data           1  robot_control.o(.data)
    Onebullet_heat                           0x20000208   Data           1  robot_control.o(.data)
    reset_cnt                                0x2000020c   Data           4  robot_control.o(.data)
    mmll                                     0x20000210   Data           4  robot_control.o(.data)
    Dispaly_Init                             0x20000214   Data          36  rmclient_ui.o(.data)
    Display_Updata                           0x20000238   Data          28  rmclient_ui.o(.data)
    RMClient_UI                              0x20000254   Data           8  rmclient_ui.o(.data)
    Updata_TimeWait                          0x2000025c   Data           1  rmclient_ui.o(.data)
    InitShow_Flag                            0x2000025d   Data           1  rmclient_ui.o(.data)
    powerBuffErr                             0x20000260   Data           2  chassis_power.o(.data)
    debug_powercoe                           0x20000264   Data           4  chassis_power.o(.data)
    Critical_Val                             0x20000268   Data          30  devices_monitor.o(.data)
    Devices_Frame                            0x20000288   Data           4  devices_monitor.o(.data)
    hcan1                                    0x200004e4   Data          40  can.o(.bss)
    hcan2                                    0x2000050c   Data          40  can.o(.bss)
    huart8                                   0x20000534   Data          64  usart.o(.bss)
    huart3                                   0x20000574   Data          64  usart.o(.bss)
    huart6                                   0x200005b4   Data          64  usart.o(.bss)
    hdma_usart3_rx                           0x200005f4   Data          96  usart.o(.bss)
    hdma_usart3_tx                           0x20000654   Data          96  usart.o(.bss)
    htim1                                    0x200006b4   Data          64  stm32f4xx_hal_timebase_tim.o(.bss)
    Can_Data                                 0x200043e4   Data         152  can_control.o(.bss)
    Robot_Receive                            0x2000447c   Data          18  can_control.o(.bss)
    moto_chassis                             0x20004490   Data         128  can_control.o(.bss)
    M6020moto_chassis                        0x20004510   Data         128  can_control.o(.bss)
    M3508moto_chassis                        0x20004590   Data         128  can_control.o(.bss)
    TXHeader                                 0x20004610   Data          24  can_control.o(.bss)
    RXHeader                                 0x20004628   Data          28  can_control.o(.bss)
    M6020s_Yaw                               0x2000465c   Data          36  m6020_motor.o(.bss)
    M6020s_Pitch                             0x20004680   Data          36  m6020_motor.o(.bss)
    M6020_RUD_motor                          0x200046a4   Data          64  m6020_motor.o(.bss)
    M6020s_RUD                               0x200046e4   Data         144  m6020_motor.o(.bss)
    M6020_motor                              0x20004774   Data          44  m6020_motor.o(.bss)
    PITCH_Use                                0x200047a0   Data          36  m6020_motor.o(.bss)
    YAWVision                                0x200047c4   Data          16  m6020_motor.o(.bss)
    DataScope_OutPut_Buffer                  0x200047d4   Data          42  debug_datascope.o(.bss)
    Judge_SendRobot                          0x20004800   Data          20  rm_judgesystem.o(.bss)
    ext_game_status                          0x20004814   Data          12  rm_judgesystem.o(.bss)
    ext_game_robot_HP                        0x20004820   Data          33  rm_judgesystem.o(.bss)
    ext_ICRA_buff_debuff_zone_status         0x20004841   Data          12  rm_judgesystem.o(.bss)
    ext_game_robot_state                     0x2000484d   Data          28  rm_judgesystem.o(.bss)
    ext_power_heat_data                      0x20004869   Data          17  rm_judgesystem.o(.bss)
    ext_game_robot_pos                       0x2000487a   Data          17  rm_judgesystem.o(.bss)
    ext_dart_client_cmd                      0x2000488b   Data          13  rm_judgesystem.o(.bss)
    CommuData                                0x20004898   Data          35  rm_judgesystem.o(.bss)
    ShowData                                 0x200048bb   Data         120  rm_judgesystem.o(.bss)
    Ex_ShowData                              0x20004933   Data          90  rm_judgesystem.o(.bss)
    DeleteClient                             0x2000498d   Data          17  rm_judgesystem.o(.bss)
    ShowshootLv                              0x2000499e   Data          60  rm_judgesystem.o(.bss)
    ShootLvInit                              0x200049da   Data          60  rm_judgesystem.o(.bss)
    Cap_Energyvalue                          0x20004a16   Data          60  rm_judgesystem.o(.bss)
    Cap_Energyshow                           0x20004a52   Data          60  rm_judgesystem.o(.bss)
    Uplift_Height                            0x20004a8e   Data          60  rm_judgesystem.o(.bss)
    Uplift_HeightValue                       0x20004aca   Data          60  rm_judgesystem.o(.bss)
    Clip_Angle                               0x20004b06   Data          60  rm_judgesystem.o(.bss)
    Clip_AngleValue                          0x20004b42   Data          60  rm_judgesystem.o(.bss)
    SentryStatus_Data                        0x20004b7e   Data          60  rm_judgesystem.o(.bss)
    Sentry_Status                            0x20004bba   Data          60  rm_judgesystem.o(.bss)
    Sentry_CommuData                         0x20004bf6   Data          35  rm_judgesystem.o(.bss)
    DartStatus_Data                          0x20004c19   Data          60  rm_judgesystem.o(.bss)
    Dart_Status                              0x20004c55   Data          60  rm_judgesystem.o(.bss)
    Dart_CommuData                           0x20004c91   Data          35  rm_judgesystem.o(.bss)
    Car_Distance                             0x20004cb4   Data          90  rm_judgesystem.o(.bss)
    Led_Meaning                              0x20004d0e   Data          60  rm_judgesystem.o(.bss)
    Led_Yellow                               0x20004d4a   Data          60  rm_judgesystem.o(.bss)
    Led_Green                                0x20004d86   Data          60  rm_judgesystem.o(.bss)
    Led_Orange                               0x20004dc2   Data          60  rm_judgesystem.o(.bss)
    Led_Purple                               0x20004dfe   Data          60  rm_judgesystem.o(.bss)
    Led_Pink                                 0x20004e3a   Data          60  rm_judgesystem.o(.bss)
    MapCommunate                             0x20004e76   Data          23  rm_judgesystem.o(.bss)
    Robot_Command                            0x20004e8d   Data          16  rm_judgesystem.o(.bss)
    JudgeSystem_rxBuff                       0x20004e9d   Data         389  rm_judgesystem.o(.bss)
    Robot_Commute                            0x20005022   Data          26  rm_judgesystem.o(.bss)
    Map_Commute                              0x2000503c   Data          15  rm_judgesystem.o(.bss)
    TeammateTxBuffer                         0x2000504b   Data          40  rm_judgesystem.o(.bss)
    DeleteBuffer                             0x20005073   Data          20  rm_judgesystem.o(.bss)
    CliendTxBuffer                           0x20005087   Data         120  rm_judgesystem.o(.bss)
    CrossHairBuffer                          0x200050ff   Data          90  rm_judgesystem.o(.bss)
    ColorMeanBuffer                          0x20005159   Data         100  rm_judgesystem.o(.bss)
    YellowMeanBuffer                         0x200051bd   Data         100  rm_judgesystem.o(.bss)
    GreenMeanBuffer                          0x20005221   Data         100  rm_judgesystem.o(.bss)
    OrangeMeanBuffer                         0x20005285   Data         100  rm_judgesystem.o(.bss)
    PurpleMeanBuffer                         0x200052e9   Data         100  rm_judgesystem.o(.bss)
    PinkMeanBuffer                           0x2000534d   Data         100  rm_judgesystem.o(.bss)
    CliendShowBuffer                         0x200053b1   Data         100  rm_judgesystem.o(.bss)
    Cap_EnergyBuff                           0x20005415   Data         100  rm_judgesystem.o(.bss)
    Uplift_HeightBuff                        0x20005479   Data         100  rm_judgesystem.o(.bss)
    Clip_AngleBuff                           0x200054dd   Data         100  rm_judgesystem.o(.bss)
    Car_DistanBuff                           0x20005541   Data         150  rm_judgesystem.o(.bss)
    SentryBuff                               0x200055d7   Data         100  rm_judgesystem.o(.bss)
    DartBuff                                 0x2000563b   Data         100  rm_judgesystem.o(.bss)
    Radar_ReceiveBuffer                      0x2000569f   Data          40  rm_judgesystem.o(.bss)
    SenrtyCommuBuff                          0x200056c7   Data          40  rm_judgesystem.o(.bss)
    DartCommuBuff                            0x200056ef   Data          40  rm_judgesystem.o(.bss)
    Class_OUT                                0x20005718   Data         240  chassis_control.o(.bss)
    Class_IN                                 0x20005808   Data         224  chassis_control.o(.bss)
    M3508_Chassis_Follow_PTZ_Ppid            0x200058e8   Data          60  chassis_control.o(.bss)
    M3508_Chassis_Follow_PTZ_Ipid_t          0x20005924   Data         224  chassis_control.o(.bss)
    M3508_motor                              0x20005a04   Data          84  chassis_control.o(.bss)
    RUD_Param                                0x20005a58   Data         112  chassis_control.o(.bss)
    RUN_totalAngle                           0x20005ac8   Data          16  chassis_control.o(.bss)
    RUN_speed                                0x20005ad8   Data          16  chassis_control.o(.bss)
    DRIVE_speed                              0x20005ae8   Data          16  chassis_control.o(.bss)
    cal_speed                                0x20005af8   Data          16  chassis_control.o(.bss)
    M6020_OUT                                0x20005b08   Data         240  chassis_control.o(.bss)
    M6020_IN                                 0x20005bf8   Data         240  chassis_control.o(.bss)
    Follow_OUT_pid                           0x20005ce8   Data          60  chassis_control.o(.bss)
    Follow_IN_pid                            0x20005d24   Data          56  chassis_control.o(.bss)
    tempV                                    0x20005d5c   Data          12  chassis_control.o(.bss)
    CHAS_Power                               0x20005d68   Data          20  chassis_power.o(.bss)
    FrameCounter                             0x20005d7c   Data          30  devices_monitor.o(.bss)
    __initial_sp                             0x200061a0   Data           0  startup_stm32f427xx.o(STACK)



==============================================================================

Memory Map of the image

  Image Entry point : 0x080001ad

  Load Region LR_IROM1 (Base: 0x08000000, Size: 0x0000bd88, Max: 0x00200000, ABSOLUTE, COMPRESSED[0x0000bb94])

    Execution Region ER_IROM1 (Exec base: 0x08000000, Load base: 0x08000000, Size: 0x0000baf8, Max: 0x00200000, ABSOLUTE)

    Exec Addr    Load Addr    Size         Type   Attr      Idx    E Section Name        Object

    0x08000000   0x08000000   0x000001ac   Data   RO            3    RESET               startup_stm32f427xx.o
    0x080001ac   0x080001ac   0x00000000   Code   RO         7060  * .ARM.Collect$$$$00000000  mc_w.l(entry.o)
    0x080001ac   0x080001ac   0x00000004   Code   RO         7387    .ARM.Collect$$$$00000001  mc_w.l(entry2.o)
    0x080001b0   0x080001b0   0x00000004   Code   RO         7390    .ARM.Collect$$$$00000004  mc_w.l(entry5.o)
    0x080001b4   0x080001b4   0x00000000   Code   RO         7392    .ARM.Collect$$$$00000008  mc_w.l(entry7b.o)
    0x080001b4   0x080001b4   0x00000000   Code   RO         7394    .ARM.Collect$$$$0000000A  mc_w.l(entry8b.o)
    0x080001b4   0x080001b4   0x00000008   Code   RO         7395    .ARM.Collect$$$$0000000B  mc_w.l(entry9a.o)
    0x080001bc   0x080001bc   0x00000004   Code   RO         7402    .ARM.Collect$$$$0000000E  mc_w.l(entry12b.o)
    0x080001c0   0x080001c0   0x00000000   Code   RO         7397    .ARM.Collect$$$$0000000F  mc_w.l(entry10a.o)
    0x080001c0   0x080001c0   0x00000000   Code   RO         7399    .ARM.Collect$$$$00000011  mc_w.l(entry11a.o)
    0x080001c0   0x080001c0   0x00000004   Code   RO         7388    .ARM.Collect$$$$00002712  mc_w.l(entry2.o)
    0x080001c4   0x080001c4   0x000000be   Code   RO         4825    .emb_text           port.o
    0x08000282   0x08000282   0x00000002   PAD
    0x08000284   0x08000284   0x00000024   Code   RO            4    .text               startup_stm32f427xx.o
    0x080002a8   0x080002a8   0x00000078   Code   RO         6825    .text               arm_cortexM4lf_math.lib(arm_cos_f32.o)
    0x08000320   0x08000320   0x00000094   Code   RO         6875    .text               arm_cortexM4lf_math.lib(arm_sin_f32.o)
    0x080003b4   0x080003b4   0x00000062   Code   RO         7063    .text               mc_w.l(uldiv.o)
    0x08000416   0x08000416   0x00000024   Code   RO         7065    .text               mc_w.l(memcpya.o)
    0x0800043a   0x0800043a   0x00000024   Code   RO         7069    .text               mc_w.l(memseta.o)
    0x0800045e   0x0800045e   0x00000018   Code   RO         7071    .text               mc_w.l(strcat.o)
    0x08000476   0x08000476   0x00000012   Code   RO         7073    .text               mc_w.l(strcpy.o)
    0x08000488   0x08000488   0x0000014e   Code   RO         7338    .text               mf_w.l(dadd.o)
    0x080005d6   0x080005d6   0x000000e4   Code   RO         7340    .text               mf_w.l(dmul.o)
    0x080006ba   0x080006ba   0x0000003e   Code   RO         7344    .text               mf_w.l(dfixi.o)
    0x080006f8   0x080006f8   0x00000026   Code   RO         7346    .text               mf_w.l(f2d.o)
    0x0800071e   0x0800071e   0x00000002   PAD
    0x08000720   0x08000720   0x00000030   Code   RO         7348    .text               mf_w.l(cdcmple.o)
    0x08000750   0x08000750   0x00000030   Code   RO         7350    .text               mf_w.l(cdrcmple.o)
    0x08000780   0x08000780   0x00000038   Code   RO         7352    .text               mf_w.l(d2f.o)
    0x080007b8   0x080007b8   0x0000002c   Code   RO         7406    .text               mc_w.l(uidiv.o)
    0x080007e4   0x080007e4   0x0000001e   Code   RO         7408    .text               mc_w.l(llshl.o)
    0x08000802   0x08000802   0x00000020   Code   RO         7410    .text               mc_w.l(llushr.o)
    0x08000822   0x08000822   0x00000024   Code   RO         7412    .text               mc_w.l(llsshr.o)
    0x08000846   0x08000846   0x00000000   Code   RO         7421    .text               mc_w.l(iusefp.o)
    0x08000846   0x08000846   0x0000006e   Code   RO         7422    .text               mf_w.l(fepilogue.o)
    0x080008b4   0x080008b4   0x000000ba   Code   RO         7424    .text               mf_w.l(depilogue.o)
    0x0800096e   0x0800096e   0x000000de   Code   RO         7426    .text               mf_w.l(ddiv.o)
    0x08000a4c   0x08000a4c   0x0000002e   Code   RO         7428    .text               mf_w.l(dscalb.o)
    0x08000a7a   0x08000a7a   0x000000a2   Code   RO         7430    .text               mf_w.l(dsqrt.o)
    0x08000b1c   0x08000b1c   0x00000022   Code   RO         7432    .text               mf_w.l(dflti.o)
    0x08000b3e   0x08000b3e   0x00000002   PAD
    0x08000b40   0x08000b40   0x00000024   Code   RO         7436    .text               mc_w.l(init.o)
    0x08000b64   0x08000b64   0x00000056   Code   RO         7450    .text               mc_w.l(__dczerorl2.o)
    0x08000bba   0x08000bba   0x0000000a   Code   RO          385    i.All_Init          freertos.o
    0x08000bc4   0x08000bc4   0x00000084   Code   RO         6434    i.AngleLimit        chassis_control.o
    0x08000c48   0x08000c48   0x00000030   Code   RO         5626    i.Append_CRC16_Check_Sum  rm_judgesystem.o
    0x08000c78   0x08000c78   0x00000024   Code   RO         5627    i.Append_CRC8_Check_Sum  rm_judgesystem.o
    0x08000c9c   0x08000c9c   0x00000004   Code   RO          584    i.BusFault_Handler  stm32f4xx_it.o
    0x08000ca0   0x08000ca0   0x0000001c   Code   RO          585    i.CAN1_RX0_IRQHandler  stm32f4xx_it.o
    0x08000cbc   0x08000cbc   0x0000001c   Code   RO          586    i.CAN2_RX0_IRQHandler  stm32f4xx_it.o
    0x08000cd8   0x08000cd8   0x0000002a   Code   RO         5057    i.CAN_FILTER_Init   can_control.o
    0x08000d02   0x08000d02   0x00000002   PAD
    0x08000d04   0x08000d04   0x00000038   Code   RO         5058    i.CAN_IT_Init       can_control.o
    0x08000d3c   0x08000d3c   0x00000034   Code   RO         5059    i.CAN_Senddata      can_control.o
    0x08000d70   0x08000d70   0x00000034   Code   RO         5060    i.CAN_Sup_senddata  can_control.o
    0x08000da4   0x08000da4   0x00000058   Code   RO         5061    i.CAN_senddata      can_control.o
    0x08000dfc   0x08000dfc   0x00000058   Code   RO         5062    i.CAN_senddata_6020  can_control.o
    0x08000e54   0x08000e54   0x00000010   Code   RO         6435    i.CHAS_Get_Power    chassis_control.o
    0x08000e64   0x08000e64   0x0000000c   Code   RO         6436    i.CHAS_Get_PowerBuffer  chassis_control.o
    0x08000e70   0x08000e70   0x0000000c   Code   RO         6437    i.CHAS_Max_Get_Power  chassis_control.o
    0x08000e7c   0x08000e7c   0x000000e0   Code   RO         6678    i.CHAS_Power_Limit  chassis_power.o
    0x08000f5c   0x08000f5c   0x00000088   Code   RO         6679    i.CHAS_Power_Limit_Calc  chassis_power.o
    0x08000fe4   0x08000fe4   0x0000000c   Code   RO         5630    i.CapEnergy_Show    rm_judgesystem.o
    0x08000ff0   0x08000ff0   0x00000130   Code   RO         5631    i.Cap_Energy        rm_judgesystem.o
    0x08001120   0x08001120   0x00000154   Code   RO         5632    i.Cap_EnergyUpdata  rm_judgesystem.o
    0x08001274   0x08001274   0x00000134   Code   RO         5633    i.Capacitance_Value  rm_judgesystem.o
    0x080013a8   0x080013a8   0x00000340   Code   RO         5634    i.Car_DistanceFrame  rm_judgesystem.o
    0x080016e8   0x080016e8   0x000001bc   Code   RO         6438    i.Chassis_Drv_Slow  chassis_control.o
    0x080018a4   0x080018a4   0x0000013c   Code   RO         6439    i.Chassis_PID_Init  chassis_control.o
    0x080019e0   0x080019e0   0x00000104   Code   RO         6440    i.Chassis_control   chassis_control.o
    0x08001ae4   0x08001ae4   0x00000024   Code   RO         5635    i.Check_Judge       rm_judgesystem.o
    0x08001b08   0x08001b08   0x00000018   Code   RO         6441    i.Constrain         chassis_control.o
    0x08001b20   0x08001b20   0x00000088   Code   RO          386    i.DBG               freertos.o
    0x08001ba8   0x08001ba8   0x00000010   Code   RO          587    i.DMA1_Stream1_IRQHandler  stm32f4xx_it.o
    0x08001bb8   0x08001bb8   0x00000010   Code   RO          588    i.DMA1_Stream3_IRQHandler  stm32f4xx_it.o
    0x08001bc8   0x08001bc8   0x00000034   Code   RO         1547    i.DMA_CalcBaseAndBitshift  stm32f4xx_hal_dma.o
    0x08001bfc   0x08001bfc   0x000000aa   Code   RO         1548    i.DMA_CheckFifoParam  stm32f4xx_hal_dma.o
    0x08001ca6   0x08001ca6   0x0000002c   Code   RO         1549    i.DMA_SetConfig     stm32f4xx_hal_dma.o
    0x08001cd2   0x08001cd2   0x00000002   PAD
    0x08001cd4   0x08001cd4   0x00000098   Code   RO         5593    i.DataScope_Data_Generate  debug_datascope.o
    0x08001d6c   0x08001d6c   0x000000a8   Code   RO         5594    i.DataScope_Get_Channel_Data  debug_datascope.o
    0x08001e14   0x08001e14   0x00000002   Code   RO          589    i.DebugMon_Handler  stm32f4xx_it.o
    0x08001e16   0x08001e16   0x00000002   PAD
    0x08001e18   0x08001e18   0x00000030   Code   RO         6785    i.DevicesGet_State  devices_monitor.o
    0x08001e48   0x08001e48   0x00000014   Code   RO         6786    i.DevicesUpdate     devices_monitor.o
    0x08001e5c   0x08001e5c   0x00000054   Code   RO         6787    i.Devices_Detec     devices_monitor.o
    0x08001eb0   0x08001eb0   0x00000002   Code   RO           13    i.Error_Handler     main.o
    0x08001eb2   0x08001eb2   0x00000002   PAD
    0x08001eb4   0x08001eb4   0x0000032c   Code   RO         5647    i.Ex_CrossHair      rm_judgesystem.o
    0x080021e0   0x080021e0   0x0000001c   Code   RO         5595    i.Float2Byte        debug_datascope.o
    0x080021fc   0x080021fc   0x000000ce   Code   RO         5334    i.Follow_IN_PID     pid.o
    0x080022ca   0x080022ca   0x00000002   PAD
    0x080022cc   0x080022cc   0x000000f0   Code   RO         5335    i.Follow_OUT_PID    pid.o
    0x080023bc   0x080023bc   0x0000000e   Code   RO         6788    i.Frame_Detec       devices_monitor.o
    0x080023ca   0x080023ca   0x00000002   PAD
    0x080023cc   0x080023cc   0x00000034   Code   RO         5648    i.Get_CRC16_Check_Sum  rm_judgesystem.o
    0x08002400   0x08002400   0x00000024   Code   RO         5649    i.Get_CRC8_Check_Sum  rm_judgesystem.o
    0x08002424   0x08002424   0x0000000c   Code   RO         6291    i.Get_Cell          dev_supercapacitor.o
    0x08002430   0x08002430   0x0000000c   Code   RO         6580    i.Get_CoolingLimit  robot_control.o
    0x0800243c   0x0800243c   0x0000000c   Code   RO         6581    i.Get_CoolingRate   robot_control.o
    0x08002448   0x08002448   0x0000000c   Code   RO         6582    i.Get_GunHeat       robot_control.o
    0x08002454   0x08002454   0x00000008   Code   RO         5651    i.Green_ShowOn      rm_judgesystem.o
    0x0800245c   0x0800245c   0x00000156   Code   RO          754    i.HAL_CAN_AddTxMessage  stm32f4xx_hal_can.o
    0x080025b2   0x080025b2   0x00000002   PAD
    0x080025b4   0x080025b4   0x00000124   Code   RO          755    i.HAL_CAN_ConfigFilter  stm32f4xx_hal_can.o
    0x080026d8   0x080026d8   0x00000002   Code   RO          758    i.HAL_CAN_ErrorCallback  stm32f4xx_hal_can.o
    0x080026da   0x080026da   0x0000017a   Code   RO          761    i.HAL_CAN_GetRxMessage  stm32f4xx_hal_can.o
    0x08002854   0x08002854   0x0000024e   Code   RO          765    i.HAL_CAN_IRQHandler  stm32f4xx_hal_can.o
    0x08002aa2   0x08002aa2   0x00000174   Code   RO          766    i.HAL_CAN_Init      stm32f4xx_hal_can.o
    0x08002c16   0x08002c16   0x00000002   PAD
    0x08002c18   0x08002c18   0x00000164   Code   RO          455    i.HAL_CAN_MspInit   can.o
    0x08002d7c   0x08002d7c   0x00000002   Code   RO          773    i.HAL_CAN_RxFifo0FullCallback  stm32f4xx_hal_can.o
    0x08002d7e   0x08002d7e   0x00000002   Code   RO          774    i.HAL_CAN_RxFifo0MsgPendingCallback  stm32f4xx_hal_can.o
    0x08002d80   0x08002d80   0x00000120   Code   RO         5063    i.HAL_CAN_RxFifo0MsgPendingCallback1  can_control.o
    0x08002ea0   0x08002ea0   0x000000c8   Code   RO         5064    i.HAL_CAN_RxFifo0MsgPendingCallback2  can_control.o
    0x08002f68   0x08002f68   0x00000002   Code   RO          775    i.HAL_CAN_RxFifo1FullCallback  stm32f4xx_hal_can.o
    0x08002f6a   0x08002f6a   0x00000002   Code   RO          776    i.HAL_CAN_RxFifo1MsgPendingCallback  stm32f4xx_hal_can.o
    0x08002f6c   0x08002f6c   0x00000002   Code   RO          777    i.HAL_CAN_SleepCallback  stm32f4xx_hal_can.o
    0x08002f6e   0x08002f6e   0x0000005e   Code   RO          778    i.HAL_CAN_Start     stm32f4xx_hal_can.o
    0x08002fcc   0x08002fcc   0x00000002   Code   RO          780    i.HAL_CAN_TxMailbox0AbortCallback  stm32f4xx_hal_can.o
    0x08002fce   0x08002fce   0x00000002   Code   RO          781    i.HAL_CAN_TxMailbox0CompleteCallback  stm32f4xx_hal_can.o
    0x08002fd0   0x08002fd0   0x00000002   Code   RO          782    i.HAL_CAN_TxMailbox1AbortCallback  stm32f4xx_hal_can.o
    0x08002fd2   0x08002fd2   0x00000002   Code   RO          783    i.HAL_CAN_TxMailbox1CompleteCallback  stm32f4xx_hal_can.o
    0x08002fd4   0x08002fd4   0x00000002   Code   RO          784    i.HAL_CAN_TxMailbox2AbortCallback  stm32f4xx_hal_can.o
    0x08002fd6   0x08002fd6   0x00000002   Code   RO          785    i.HAL_CAN_TxMailbox2CompleteCallback  stm32f4xx_hal_can.o
    0x08002fd8   0x08002fd8   0x00000002   Code   RO          787    i.HAL_CAN_WakeUpFromRxMsgCallback  stm32f4xx_hal_can.o
    0x08002fda   0x08002fda   0x00000028   Code   RO         1551    i.HAL_DMA_Abort_IT  stm32f4xx_hal_dma.o
    0x08003002   0x08003002   0x00000002   PAD
    0x08003004   0x08003004   0x00000240   Code   RO         1555    i.HAL_DMA_IRQHandler  stm32f4xx_hal_dma.o
    0x08003244   0x08003244   0x000000ec   Code   RO         1556    i.HAL_DMA_Init      stm32f4xx_hal_dma.o
    0x08003330   0x08003330   0x00000066   Code   RO         1559    i.HAL_DMA_Start     stm32f4xx_hal_dma.o
    0x08003396   0x08003396   0x00000002   PAD
    0x08003398   0x08003398   0x0000021c   Code   RO         1443    i.HAL_GPIO_Init     stm32f4xx_hal_gpio.o
    0x080035b4   0x080035b4   0x0000000c   Code   RO         2000    i.HAL_GetTick       stm32f4xx_hal.o
    0x080035c0   0x080035c0   0x00000018   Code   RO         2006    i.HAL_IncTick       stm32f4xx_hal.o
    0x080035d8   0x080035d8   0x0000003c   Code   RO         2007    i.HAL_Init          stm32f4xx_hal.o
    0x08003614   0x08003614   0x0000008c   Code   RO          713    i.HAL_InitTick      stm32f4xx_hal_timebase_tim.o
    0x080036a0   0x080036a0   0x00000048   Code   RO          689    i.HAL_MspInit       stm32f4xx_hal_msp.o
    0x080036e8   0x080036e8   0x00000020   Code   RO         1850    i.HAL_NVIC_EnableIRQ  stm32f4xx_hal_cortex.o
    0x08003708   0x08003708   0x0000007c   Code   RO         1856    i.HAL_NVIC_SetPriority  stm32f4xx_hal_cortex.o
    0x08003784   0x08003784   0x00000028   Code   RO         1857    i.HAL_NVIC_SetPriorityGrouping  stm32f4xx_hal_cortex.o
    0x080037ac   0x080037ac   0x00000044   Code   RO         1858    i.HAL_NVIC_SystemReset  stm32f4xx_hal_cortex.o
    0x080037f0   0x080037f0   0x00000184   Code   RO          987    i.HAL_RCC_ClockConfig  stm32f4xx_hal_rcc.o
    0x08003974   0x08003974   0x00000044   Code   RO          991    i.HAL_RCC_GetClockConfig  stm32f4xx_hal_rcc.o
    0x080039b8   0x080039b8   0x0000000c   Code   RO          992    i.HAL_RCC_GetHCLKFreq  stm32f4xx_hal_rcc.o
    0x080039c4   0x080039c4   0x00000020   Code   RO          994    i.HAL_RCC_GetPCLK1Freq  stm32f4xx_hal_rcc.o
    0x080039e4   0x080039e4   0x00000020   Code   RO          995    i.HAL_RCC_GetPCLK2Freq  stm32f4xx_hal_rcc.o
    0x08003a04   0x08003a04   0x000000b0   Code   RO          996    i.HAL_RCC_GetSysClockFreq  stm32f4xx_hal_rcc.o
    0x08003ab4   0x08003ab4   0x00000488   Code   RO          999    i.HAL_RCC_OscConfig  stm32f4xx_hal_rcc.o
    0x08003f3c   0x08003f3c   0x00000002   Code   RO         2943    i.HAL_TIMEx_BreakCallback  stm32f4xx_hal_tim_ex.o
    0x08003f3e   0x08003f3e   0x00000002   Code   RO         2944    i.HAL_TIMEx_CommutCallback  stm32f4xx_hal_tim_ex.o
    0x08003f40   0x08003f40   0x00000034   Code   RO         2257    i.HAL_TIM_Base_Init  stm32f4xx_hal_tim.o
    0x08003f74   0x08003f74   0x00000002   Code   RO         2259    i.HAL_TIM_Base_MspInit  stm32f4xx_hal_tim.o
    0x08003f76   0x08003f76   0x0000002a   Code   RO         2262    i.HAL_TIM_Base_Start_IT  stm32f4xx_hal_tim.o
    0x08003fa0   0x08003fa0   0x00000002   Code   RO         2286    i.HAL_TIM_IC_CaptureCallback  stm32f4xx_hal_tim.o
    0x08003fa2   0x08003fa2   0x00000196   Code   RO         2300    i.HAL_TIM_IRQHandler  stm32f4xx_hal_tim.o
    0x08004138   0x08004138   0x00000002   Code   RO         2303    i.HAL_TIM_OC_DelayElapsedCallback  stm32f4xx_hal_tim.o
    0x0800413a   0x0800413a   0x00000002   Code   RO         2330    i.HAL_TIM_PWM_PulseFinishedCallback  stm32f4xx_hal_tim.o
    0x0800413c   0x0800413c   0x00000018   Code   RO           14    i.HAL_TIM_PeriodElapsedCallback  main.o
    0x08004154   0x08004154   0x00000002   Code   RO         2343    i.HAL_TIM_TriggerCallback  stm32f4xx_hal_tim.o
    0x08004156   0x08004156   0x00000002   Code   RO         3215    i.HAL_UART_ErrorCallback  stm32f4xx_hal_uart.o
    0x08004158   0x08004158   0x00000154   Code   RO         3218    i.HAL_UART_IRQHandler  stm32f4xx_hal_uart.o
    0x080042ac   0x080042ac   0x00000072   Code   RO         3219    i.HAL_UART_Init     stm32f4xx_hal_uart.o
    0x0800431e   0x0800431e   0x00000002   PAD
    0x08004320   0x08004320   0x00000210   Code   RO          531    i.HAL_UART_MspInit  usart.o
    0x08004530   0x08004530   0x00000002   Code   RO         3225    i.HAL_UART_RxCpltCallback  stm32f4xx_hal_uart.o
    0x08004532   0x08004532   0x000000d8   Code   RO         3227    i.HAL_UART_Transmit  stm32f4xx_hal_uart.o
    0x0800460a   0x0800460a   0x00000002   Code   RO         3230    i.HAL_UART_TxCpltCallback  stm32f4xx_hal_uart.o
    0x0800460c   0x0800460c   0x00000004   Code   RO          590    i.HardFault_Handler  stm32f4xx_it.o
    0x08004610   0x08004610   0x00000050   Code   RO         5341    i.IncrementPID_Reset  pid.o
    0x08004660   0x08004660   0x00000048   Code   RO         5342    i.IncrementalPID_paraReset  pid.o
    0x080046a8   0x080046a8   0x00000070   Code   RO         5652    i.JudgeSystem_Handler  rm_judgesystem.o
    0x08004718   0x08004718   0x00000044   Code   RO         5653    i.JudgeSystem_USART_Receive_DMA  rm_judgesystem.o
    0x0800475c   0x0800475c   0x00000440   Code   RO         5654    i.Judge_GetMessage  rm_judgesystem.o
    0x08004b9c   0x08004b9c   0x0000013c   Code   RO         5662    i.LEDGreen_Mean     rm_judgesystem.o
    0x08004cd8   0x08004cd8   0x000000e4   Code   RO         5664    i.LEDGreen_MeanUpdate  rm_judgesystem.o
    0x08004dbc   0x08004dbc   0x00000140   Code   RO         5665    i.LEDOrange_Mean    rm_judgesystem.o
    0x08004efc   0x08004efc   0x00000164   Code   RO         5667    i.LEDOrange_MeanUpdate  rm_judgesystem.o
    0x08005060   0x08005060   0x00000002   Code   RO         5670    i.LEDPink_MeanUpdate  rm_judgesystem.o
    0x08005062   0x08005062   0x00000002   PAD
    0x08005064   0x08005064   0x0000013c   Code   RO         5671    i.LEDPurple_Mean    rm_judgesystem.o
    0x080051a0   0x080051a0   0x00000160   Code   RO         5673    i.LEDPurple_MeanUpdate  rm_judgesystem.o
    0x08005300   0x08005300   0x00000138   Code   RO         5676    i.LEDYellow_Mean    rm_judgesystem.o
    0x08005438   0x08005438   0x00000168   Code   RO         5678    i.LEDYellow_MeanUpdate  rm_judgesystem.o
    0x080055a0   0x080055a0   0x00000044   Code   RO          456    i.MX_CAN1_Init      can.o
    0x080055e4   0x080055e4   0x00000044   Code   RO          457    i.MX_CAN2_Init      can.o
    0x08005628   0x08005628   0x00000048   Code   RO          503    i.MX_DMA_Init       dma.o
    0x08005670   0x08005670   0x000000d0   Code   RO          387    i.MX_FREERTOS_Init  freertos.o
    0x08005740   0x08005740   0x000000c0   Code   RO          265    i.MX_GPIO_Init      gpio.o
    0x08005800   0x08005800   0x00000038   Code   RO          532    i.MX_UART8_Init     usart.o
    0x08005838   0x08005838   0x00000038   Code   RO          533    i.MX_USART3_UART_Init  usart.o
    0x08005870   0x08005870   0x00000038   Code   RO          534    i.MX_USART6_UART_Init  usart.o
    0x080058a8   0x080058a8   0x00000004   Code   RO          591    i.MemManage_Handler  stm32f4xx_it.o
    0x080058ac   0x080058ac   0x00000002   Code   RO          592    i.NMI_Handler       stm32f4xx_it.o
    0x080058ae   0x080058ae   0x00000008   Code   RO         5680    i.Orange_ShowOn     rm_judgesystem.o
    0x080058b6   0x080058b6   0x00000002   Code   RO         5682    i.Pink_ShowOn       rm_judgesystem.o
    0x080058b8   0x080058b8   0x00000050   Code   RO         5346    i.PositionPID_Reset  pid.o
    0x08005908   0x08005908   0x00000048   Code   RO         5347    i.PositionPID_paraReset  pid.o
    0x08005950   0x08005950   0x00000014   Code   RO         6386    i.PowerMeter_Get_Power_Val  power_meter.o
    0x08005964   0x08005964   0x00000018   Code   RO         6387    i.PowerMeter_Get_Shunt_Current  power_meter.o
    0x0800597c   0x0800597c   0x00000018   Code   RO         6388    i.PowerMeter_Get_voltageVal  power_meter.o
    0x08005994   0x08005994   0x00000010   Code   RO         6389    i.Power_Update      power_meter.o
    0x080059a4   0x080059a4   0x000003b4   Code   RO         6443    i.Process           chassis_control.o
    0x08005d58   0x08005d58   0x00000008   Code   RO         5684    i.Purple_ShowOn     rm_judgesystem.o
    0x08005d60   0x08005d60   0x00000284   Code   RO         6445    i.RUDTargetAngle_Calc  chassis_control.o
    0x08005fe4   0x08005fe4   0x000000ba   Code   RO         5349    i.RUD_IN_PID        pid.o
    0x0800609e   0x0800609e   0x000000ba   Code   RO         5350    i.RUD_OUT_PID       pid.o
    0x08006158   0x08006158   0x00000090   Code   RO         6583    i.RefereeMsg_Send   robot_control.o
    0x080061e8   0x080061e8   0x0000001e   Code   RO         4905    i.RobotControl      task_robotcontr.o
    0x08006206   0x08006206   0x00000010   Code   RO         5065    i.RobotReset        can_control.o
    0x08006216   0x08006216   0x00000002   PAD
    0x08006218   0x08006218   0x00000098   Code   RO         6585    i.Robot_control     robot_control.o
    0x080062b0   0x080062b0   0x000006fc   Code   RO         6446    i.RudAngle_Calc     chassis_control.o
    0x080069ac   0x080069ac   0x0000065c   Code   RO         6447    i.Rudder_Solve      chassis_control.o
    0x08007008   0x08007008   0x0000012c   Code   RO         6448    i.Set_MaxSpeed      chassis_control.o
    0x08007134   0x08007134   0x00000020   Code   RO         6449    i.Set_RudMaxOut     chassis_control.o
    0x08007154   0x08007154   0x000000b4   Code   RO         6586    i.ShootFreq_Calc    robot_control.o
    0x08007208   0x08007208   0x00000114   Code   RO         5711    i.ShootLv_Init      rm_judgesystem.o
    0x0800731c   0x0800731c   0x00000118   Code   RO         5712    i.ShootLv_Updata    rm_judgesystem.o
    0x08007434   0x08007434   0x0000000c   Code   RO         5713    i.ShootLv_show      rm_judgesystem.o
    0x08007440   0x08007440   0x0000000c   Code   RO         5714    i.Show_CrossHair    rm_judgesystem.o
    0x0800744c   0x0800744c   0x0000012c   Code   RO         5715    i.Show_ShootLevel   rm_judgesystem.o
    0x08007578   0x08007578   0x00000340   Code   RO         5716    i.Standard_CrossHair  rm_judgesystem.o
    0x080078b8   0x080078b8   0x0000000a   Code   RO          388    i.StartDefaultTask  freertos.o
    0x080078c2   0x080078c2   0x00000002   PAD
    0x080078c4   0x080078c4   0x0000000c   Code   RO         6292    i.SupCap_ChargeControl  dev_supercapacitor.o
    0x080078d0   0x080078d0   0x000001c0   Code   RO         6294    i.SupCap_Control    dev_supercapacitor.o
    0x08007a90   0x08007a90   0x00000014   Code   RO         6295    i.SupCap_Get_Usable  dev_supercapacitor.o
    0x08007aa4   0x08007aa4   0x00000014   Code   RO         6296    i.SupCap_Get_UseSup  dev_supercapacitor.o
    0x08007ab8   0x08007ab8   0x00000014   Code   RO         6297    i.SupCap_Main_Switch  dev_supercapacitor.o
    0x08007acc   0x08007acc   0x00000020   Code   RO         6298    i.SupCap_Send_Msg   dev_supercapacitor.o
    0x08007aec   0x08007aec   0x0000000c   Code   RO         6299    i.SupCap_SupplySwitch  dev_supercapacitor.o
    0x08007af8   0x08007af8   0x00000010   Code   RO         6300    i.SupCap_Update     dev_supercapacitor.o
    0x08007b08   0x08007b08   0x00000034   Code   RO         4826    i.SysTick_Handler   port.o
    0x08007b3c   0x08007b3c   0x000000b4   Code   RO           15    i.SystemClock_Config  main.o
    0x08007bf0   0x08007bf0   0x0000001c   Code   RO         3526    i.SystemInit        system_stm32f4xx.o
    0x08007c0c   0x08007c0c   0x00000010   Code   RO          593    i.TIM1_UP_TIM10_IRQHandler  stm32f4xx_it.o
    0x08007c1c   0x08007c1c   0x000000d8   Code   RO         2345    i.TIM_Base_SetConfig  stm32f4xx_hal_tim.o
    0x08007cf4   0x08007cf4   0x00000024   Code   RO         4993    i.Task_CAN_Send     task_can_send.o
    0x08007d18   0x08007d18   0x00000040   Code   RO         4970    i.Task_DevicesMonitor  task_monitor.o
    0x08007d58   0x08007d58   0x0000001a   Code   RO         4949    i.Task_UserDefined_UI  task_referee.o
    0x08007d72   0x08007d72   0x00000002   PAD
    0x08007d74   0x08007d74   0x00000050   Code   RO         6450    i.Turn_InferiorArc  chassis_control.o
    0x08007dc4   0x08007dc4   0x00000014   Code   RO         3232    i.UART_DMAAbortOnError  stm32f4xx_hal_uart.o
    0x08007dd8   0x08007dd8   0x00000020   Code   RO         3242    i.UART_EndRxTransfer  stm32f4xx_hal_uart.o
    0x08007df8   0x08007df8   0x00000020   Code   RO         3243    i.UART_EndTransmit_IT  stm32f4xx_hal_uart.o
    0x08007e18   0x08007e18   0x000000a6   Code   RO         3245    i.UART_Receive_IT   stm32f4xx_hal_uart.o
    0x08007ebe   0x08007ebe   0x00000002   PAD
    0x08007ec0   0x08007ec0   0x000003e8   Code   RO         3246    i.UART_SetConfig    stm32f4xx_hal_uart.o
    0x080082a8   0x080082a8   0x00000068   Code   RO         3247    i.UART_Transmit_IT  stm32f4xx_hal_uart.o
    0x08008310   0x08008310   0x0000006c   Code   RO         3248    i.UART_WaitOnFlagUntilTimeout  stm32f4xx_hal_uart.o
    0x0800837c   0x0800837c   0x00000050   Code   RO          594    i.USART3_IRQHandler  stm32f4xx_it.o
    0x080083cc   0x080083cc   0x00000044   Code   RO         5718    i.USART_Receive_DMA_NO_IT  rm_judgesystem.o
    0x08008410   0x08008410   0x00000004   Code   RO          595    i.UsageFault_Handler  stm32f4xx_it.o
    0x08008414   0x08008414   0x00000064   Code   RO         6647    i.UserDefined_UI    rmclient_ui.o
    0x08008478   0x08008478   0x00000040   Code   RO         5723    i.Verify_CRC16_Check_Sum  rm_judgesystem.o
    0x080084b8   0x080084b8   0x0000008c   Code   RO         5066    i.WriteMsgFromGimbal  can_control.o
    0x08008544   0x08008544   0x00000008   Code   RO         5728    i.Yellow_ShowOn     rm_judgesystem.o
    0x0800854c   0x0800854c   0x00000028   Code   RO         7124    i.__0sprintf$1      mc_w.l(printf1.o)
    0x08008574   0x08008574   0x00000030   Code   RO         7371    i.__ARM_fpclassify  m_wm.l(fpclassify.o)
    0x080085a4   0x080085a4   0x00000010   Code   RO         1863    i.__NVIC_GetPriorityGrouping  stm32f4xx_hal_cortex.o
    0x080085b4   0x080085b4   0x00000028   Code   RO         1864    i.__NVIC_SetPriority  stm32f4xx_hal_cortex.o
    0x080085dc   0x080085dc   0x00000004   PAD
    0x080085e0   0x080085e0   0x000002d8   Code   RO         6978    i.__hardfp_atan     m_wm.l(atan.o)
    0x080088b8   0x080088b8   0x00000200   Code   RO         6992    i.__hardfp_atan2    m_wm.l(atan2.o)
    0x08008ab8   0x08008ab8   0x00000014   Code   RO         7016    i.__hardfp_fabs     m_wm.l(fabs.o)
    0x08008acc   0x08008acc   0x00000004   PAD
    0x08008ad0   0x08008ad0   0x00000c50   Code   RO         7022    i.__hardfp_pow      m_wm.l(pow.o)
    0x08009720   0x08009720   0x0000007a   Code   RO         7048    i.__hardfp_sqrt     m_wm.l(sqrt_full.o)
    0x0800979a   0x0800979a   0x000000f8   Code   RO         7373    i.__kernel_poly     m_wm.l(poly.o)
    0x08009892   0x08009892   0x00000006   PAD
    0x08009898   0x08009898   0x00000030   Code   RO         7357    i.__mathlib_dbl_divzero  m_wm.l(dunder.o)
    0x080098c8   0x080098c8   0x00000014   Code   RO         7358    i.__mathlib_dbl_infnan  m_wm.l(dunder.o)
    0x080098dc   0x080098dc   0x00000014   Code   RO         7359    i.__mathlib_dbl_infnan2  m_wm.l(dunder.o)
    0x080098f0   0x080098f0   0x00000020   Code   RO         7360    i.__mathlib_dbl_invalid  m_wm.l(dunder.o)
    0x08009910   0x08009910   0x00000020   Code   RO         7361    i.__mathlib_dbl_overflow  m_wm.l(dunder.o)
    0x08009930   0x08009930   0x00000020   Code   RO         7363    i.__mathlib_dbl_underflow  m_wm.l(dunder.o)
    0x08009950   0x08009950   0x0000000e   Code   RO         7444    i.__scatterload_copy  mc_w.l(handlers.o)
    0x0800995e   0x0800995e   0x00000002   Code   RO         7445    i.__scatterload_null  mc_w.l(handlers.o)
    0x08009960   0x08009960   0x0000000e   Code   RO         7446    i.__scatterload_zeroinit  mc_w.l(handlers.o)
    0x0800996e   0x0800996e   0x00000002   PAD
    0x08009970   0x08009970   0x0000000c   Code   RO         7416    i.__set_errno       mc_w.l(errno.o)
    0x0800997c   0x0800997c   0x00000154   Code   RO         7129    i._printf_core      mc_w.l(printf1.o)
    0x08009ad0   0x08009ad0   0x0000000a   Code   RO         7131    i._sputc            mc_w.l(printf1.o)
    0x08009ada   0x08009ada   0x0000002e   Code   RO         5361    i.abs_limit         pid.o
    0x08009b08   0x08009b08   0x00000010   Code   RO         6980    i.atan              m_wm.l(atan.o)
    0x08009b18   0x08009b18   0x00000040   Code   RO         5729    i.determine_ID      rm_judgesystem.o
    0x08009b58   0x08009b58   0x00000018   Code   RO         7018    i.fabs              m_wm.l(fabs.o)
    0x08009b70   0x08009b70   0x00000090   Code   RO         5067    i.get_moto_measure_3508  can_control.o
    0x08009c00   0x08009c00   0x00000090   Code   RO         5068    i.get_moto_measure_6020  can_control.o
    0x08009c90   0x08009c90   0x00000020   Code   RO         5730    i.int_into_char     rm_judgesystem.o
    0x08009cb0   0x08009cb0   0x00000020   Code   RO         5731    i.is_red_or_blue    rm_judgesystem.o
    0x08009cd0   0x08009cd0   0x00000054   Code   RO           16    i.main              main.o
    0x08009d24   0x08009d24   0x0000000e   Code   RO         4394    i.makeFreeRtosPriority  cmsis_os.o
    0x08009d32   0x08009d32   0x00000018   Code   RO         4396    i.osDelay           cmsis_os.o
    0x08009d4a   0x08009d4a   0x0000000a   Code   RO         4399    i.osKernelStart     cmsis_os.o
    0x08009d54   0x08009d54   0x0000005e   Code   RO         4433    i.osThreadCreate    cmsis_os.o
    0x08009db2   0x08009db2   0x00000002   PAD
    0x08009db4   0x08009db4   0x00000098   Code   RO         4068    i.prvAddCurrentTaskToDelayedList  tasks.o
    0x08009e4c   0x08009e4c   0x000000b4   Code   RO         4069    i.prvAddNewTaskToReadyList  tasks.o
    0x08009f00   0x08009f00   0x00000048   Code   RO         4070    i.prvCheckTasksWaitingTermination  tasks.o
    0x08009f48   0x08009f48   0x00000050   Code   RO         4071    i.prvDeleteTCB      tasks.o
    0x08009f98   0x08009f98   0x0000007c   Code   RO         4764    i.prvHeapInit       heap_4.o
    0x0800a014   0x0800a014   0x00000028   Code   RO         4072    i.prvIdleTask       tasks.o
    0x0800a03c   0x0800a03c   0x000000b4   Code   RO         4073    i.prvInitialiseNewTask  tasks.o
    0x0800a0f0   0x0800a0f0   0x00000068   Code   RO         4074    i.prvInitialiseTaskLists  tasks.o
    0x0800a158   0x0800a158   0x00000068   Code   RO         4765    i.prvInsertBlockIntoFreeList  heap_4.o
    0x0800a1c0   0x0800a1c0   0x00000034   Code   RO         4075    i.prvResetNextTaskUnblockTime  tasks.o
    0x0800a1f4   0x0800a1f4   0x00000040   Code   RO         4827    i.prvTaskExitError  port.o
    0x0800a234   0x0800a234   0x0000013c   Code   RO         4766    i.pvPortMalloc      heap_4.o
    0x0800a370   0x0800a370   0x0000002c   Code   RO         4828    i.pxPortInitialiseStack  port.o
    0x0800a39c   0x0800a39c   0x0000006e   Code   RO         7050    i.sqrt              m_wm.l(sqrt_full.o)
    0x0800a40a   0x0800a40a   0x00000028   Code   RO         3694    i.uxListRemove      list.o
    0x0800a432   0x0800a432   0x00000002   PAD
    0x0800a434   0x0800a434   0x00000018   Code   RO          389    i.vApplicationGetIdleTaskMemory  freertos.o
    0x0800a44c   0x0800a44c   0x0000001a   Code   RO         3695    i.vListInitialise   list.o
    0x0800a466   0x0800a466   0x00000006   Code   RO         3696    i.vListInitialiseItem  list.o
    0x0800a46c   0x0800a46c   0x00000034   Code   RO         3697    i.vListInsert       list.o
    0x0800a4a0   0x0800a4a0   0x00000018   Code   RO         3698    i.vListInsertEnd    list.o
    0x0800a4b8   0x0800a4b8   0x00000054   Code   RO         4830    i.vPortEnterCritical  port.o
    0x0800a50c   0x0800a50c   0x0000003c   Code   RO         4831    i.vPortExitCritical  port.o
    0x0800a548   0x0800a548   0x00000094   Code   RO         4767    i.vPortFree         heap_4.o
    0x0800a5dc   0x0800a5dc   0x00000028   Code   RO         4832    i.vPortSetupTimerInterrupt  port.o
    0x0800a604   0x0800a604   0x0000005c   Code   RO         4083    i.vTaskDelay        tasks.o
    0x0800a660   0x0800a660   0x000000d4   Code   RO         4084    i.vTaskDelayUntil   tasks.o
    0x0800a734   0x0800a734   0x000000b0   Code   RO         4097    i.vTaskStartScheduler  tasks.o
    0x0800a7e4   0x0800a7e4   0x00000010   Code   RO         4099    i.vTaskSuspendAll   tasks.o
    0x0800a7f4   0x0800a7f4   0x0000008c   Code   RO         4100    i.vTaskSwitchContext  tasks.o
    0x0800a880   0x0800a880   0x00000168   Code   RO         4834    i.xPortStartScheduler  port.o
    0x0800a9e8   0x0800a9e8   0x00000064   Code   RO         4102    i.xTaskCreate       tasks.o
    0x0800aa4c   0x0800aa4c   0x000000ba   Code   RO         4103    i.xTaskCreateStatic  tasks.o
    0x0800ab06   0x0800ab06   0x00000002   PAD
    0x0800ab08   0x0800ab08   0x0000000c   Code   RO         4108    i.xTaskGetTickCount  tasks.o
    0x0800ab14   0x0800ab14   0x00000148   Code   RO         4110    i.xTaskIncrementTick  tasks.o
    0x0800ac5c   0x0800ac5c   0x00000104   Code   RO         4116    i.xTaskResumeAll    tasks.o
    0x0800ad60   0x0800ad60   0x000000c4   Data   RO          391    .constdata          freertos.o
    0x0800ae24   0x0800ae24   0x00000008   Data   RO         1562    .constdata          stm32f4xx_hal_dma.o
    0x0800ae2c   0x0800ae2c   0x00000018   Data   RO         3527    .constdata          system_stm32f4xx.o
    0x0800ae44   0x0800ae44   0x00000302   Data   RO         5733    .constdata          rm_judgesystem.o
    0x0800b146   0x0800b146   0x00000002   PAD
    0x0800b148   0x0800b148   0x00000804   Data   RO         6955    .constdata          arm_cortexM4lf_math.lib(arm_common_tables.o)
    0x0800b94c   0x0800b94c   0x00000004   PAD
    0x0800b950   0x0800b950   0x00000098   Data   RO         6981    .constdata          m_wm.l(atan.o)
    0x0800b9e8   0x0800b9e8   0x00000088   Data   RO         7025    .constdata          m_wm.l(pow.o)
    0x0800ba70   0x0800ba70   0x00000008   Data   RO         7375    .constdata          m_wm.l(qnan.o)
    0x0800ba78   0x0800ba78   0x0000005e   Data   RO          392    .conststring        freertos.o
    0x0800bad6   0x0800bad6   0x00000002   PAD
    0x0800bad8   0x0800bad8   0x00000020   Data   RO         7442    Region$$Table       anon$$obj.o


    Execution Region RW_IRAM2 (Exec base: 0x10000000, Load base: 0x0800bb94, Size: 0x00000000, Max: 0x00010000, ABSOLUTE)

    **** No section assigned to this execution region ****


    Execution Region RW_IRAM1 (Exec base: 0x20000000, Load base: 0x0800baf8, Size: 0x000061a0, Max: 0x00030000, ABSOLUTE, COMPRESSED[0x0000009c])

    Exec Addr    Load Addr    Size         Type   Attr      Idx    E Section Name        Object

    0x20000000   COMPRESSED   0x0000001e   Data   RW          393    .data               freertos.o
    0x2000001e   COMPRESSED   0x00000002   PAD
    0x20000020   COMPRESSED   0x00000004   Data   RW          459    .data               can.o
    0x20000024   COMPRESSED   0x00000009   Data   RW         2014    .data               stm32f4xx_hal.o
    0x2000002d   COMPRESSED   0x00000003   PAD
    0x20000030   COMPRESSED   0x00000004   Data   RW         3528    .data               system_stm32f4xx.o
    0x20000034   COMPRESSED   0x0000003c   Data   RW         4119    .data               tasks.o
    0x20000070   COMPRESSED   0x00000018   Data   RW         4772    .data               heap_4.o
    0x20000088   COMPRESSED   0x0000000c   Data   RW         4835    .data               port.o
    0x20000094   COMPRESSED   0x00000002   Data   RW         4971    .data               task_monitor.o
    0x20000096   COMPRESSED   0x00000008   Data   RW         4994    .data               task_can_send.o
    0x2000009e   COMPRESSED   0x00000002   PAD
    0x200000a0   COMPRESSED   0x00000020   Data   RW         5070    .data               can_control.o
    0x200000c0   COMPRESSED   0x0000008a   Data   RW         5734    .data               rm_judgesystem.o
    0x2000014a   COMPRESSED   0x00000002   PAD
    0x2000014c   COMPRESSED   0x0000001c   Data   RW         6301    .data               dev_supercapacitor.o
    0x20000168   COMPRESSED   0x00000008   Data   RW         6390    .data               power_meter.o
    0x20000170   COMPRESSED   0x00000090   Data   RW         6452    .data               chassis_control.o
    0x20000200   COMPRESSED   0x00000014   Data   RW         6588    .data               robot_control.o
    0x20000214   COMPRESSED   0x0000004a   Data   RW         6648    .data               rmclient_ui.o
    0x2000025e   COMPRESSED   0x00000002   PAD
    0x20000260   COMPRESSED   0x00000008   Data   RW         6681    .data               chassis_power.o
    0x20000268   COMPRESSED   0x00000024   Data   RW         6790    .data               devices_monitor.o
    0x2000028c   COMPRESSED   0x00000004   Data   RW         7417    .data               mc_w.l(errno.o)
    0x20000290        -       0x00000254   Zero   RW          390    .bss                freertos.o
    0x200004e4        -       0x00000050   Zero   RW          458    .bss                can.o
    0x20000534        -       0x00000180   Zero   RW          535    .bss                usart.o
    0x200006b4        -       0x00000040   Zero   RW          716    .bss                stm32f4xx_hal_timebase_tim.o
    0x200006f4        -       0x000000f0   Zero   RW         4118    .bss                tasks.o
    0x200007e4        -       0x00003c00   Zero   RW         4771    .bss                heap_4.o
    0x200043e4        -       0x00000278   Zero   RW         5069    .bss                can_control.o
    0x2000465c        -       0x00000178   Zero   RW         5565    .bss                m6020_motor.o
    0x200047d4        -       0x0000002a   Zero   RW         5596    .bss                debug_datascope.o
    0x200047fe   COMPRESSED   0x00000002   PAD
    0x20004800        -       0x00000f17   Zero   RW         5732    .bss                rm_judgesystem.o
    0x20005717   COMPRESSED   0x00000001   PAD
    0x20005718        -       0x00000650   Zero   RW         6451    .bss                chassis_control.o
    0x20005d68        -       0x00000014   Zero   RW         6680    .bss                chassis_power.o
    0x20005d7c        -       0x0000001e   Zero   RW         6789    .bss                devices_monitor.o
    0x20005d9a   COMPRESSED   0x00000006   PAD
    0x20005da0        -       0x00000400   Zero   RW            1    STACK               startup_stm32f427xx.o


==============================================================================

Image component sizes


      Code (inc. data)   RO Data    RW Data    ZI Data      Debug   Object Name

       492         46          0          4         80       2710   can.o
      1310        140          0         32        632     628476   can_control.o
      6636        500          0        144       1616      17671   chassis_control.o
       360         32          0          8         20       2896   chassis_power.o
       142          0          0          0          0      25847   cmsis_os.o
         0          0          0          0          0       7568   croutine.o
       348         34          0          0         42       2986   debug_datascope.o
       592         80          0         28          0       7408   dev_supercapacitor.o
       166         22          0         36         30       4563   devices_monitor.o
        72          4          0          0          0        882   dma.o
         0          0          0          0          0      18460   event_groups.o
       388         66        290         30        596       4687   freertos.o
       192          6          0          0          0     742463   gpio.o
       692         62          0         24      15360       7711   heap_4.o
       148          0          0          0          0       3898   list.o
         0          0          0          0        376       3043   m6020_motor.o
       290         30          0          0          0     765704   main.o
      1168         28          0          0          0       6928   pid.o
       894         78          0         12          0      11752   port.o
        84         20          0          8          0       3489   power_meter.o
      8652       1066        770        138       3863      52438   rm_judgesystem.o
       100         18          0         74          0       2495   rmclient_ui.o
       512         64          0         20          0       6192   robot_control.o
        36          8        428          0       1024        888   startup_stm32f427xx.o
        96         20          0          9          0       8562   stm32f4xx_hal.o
      2094          6          0          0          0      15236   stm32f4xx_hal_can.o
       320         30          0          0          0      34709   stm32f4xx_hal_cortex.o
      1220         16          8          0          0       6575   stm32f4xx_hal_dma.o
       540         54          0          0          0       1780   stm32f4xx_hal_gpio.o
        72          4          0          0          0        966   stm32f4xx_hal_msp.o
      1868         94          0          0          0       6709   stm32f4xx_hal_rcc.o
       726         46          0          0          0       6874   stm32f4xx_hal_tim.o
         4          0          0          0          0       1733   stm32f4xx_hal_tim_ex.o
       140         18          0          0         64       1631   stm32f4xx_hal_timebase_tim.o
      2138         12          0          0          0      10575   stm32f4xx_hal_uart.o
       204         36          0          0          0       7154   stm32f4xx_it.o
         0          0          0          0          0        392   stream_buffer.o
        28          4         24          4          0       1319   system_stm32f4xx.o
        36          4          0          8          0       3504   task_can_send.o
        64          6          0          2          0       1146   task_monitor.o
        26          0          0          0          0       1078   task_referee.o
        30          0          0          0          0       1119   task_robotcontr.o
      2382        288          0         60        240      23411   tasks.o
         0          0          0          0          0       2544   timers.o
       696         72          0          0        384       3524   usart.o

    ----------------------------------------------------------------------
     36002       3018       1556        652      24336    2471696   Object Totals
         0          0         32          0          0          0   (incl. Generated)
        44          4          4         11          9          0   (incl. Padding)

    ----------------------------------------------------------------------

      Code (inc. data)   RO Data    RW Data    ZI Data      Debug   Library Member Name

         0          0       2052          0          0       4704   arm_common_tables.o
       120         12          0          0          0      17170   arm_cos_f32.o
       148         18          0          0          0        814   arm_sin_f32.o
       744        106        152          0          0        352   atan.o
       512         64          0          0          0        208   atan2.o
       184         44          0          0          0        744   dunder.o
        44          0          0          0          0        248   fabs.o
        48          0          0          0          0        124   fpclassify.o
       248          0          0          0          0        152   poly.o
      3152        296        136          0          0        352   pow.o
         0          0          8          0          0          0   qnan.o
       232          0          0          0          0        296   sqrt_full.o
        86          0          0          0          0          0   __dczerorl2.o
         0          0          0          0          0          0   entry.o
         0          0          0          0          0          0   entry10a.o
         0          0          0          0          0          0   entry11a.o
         4          0          0          0          0          0   entry12b.o
         8          4          0          0          0          0   entry2.o
         4          0          0          0          0          0   entry5.o
         0          0          0          0          0          0   entry7b.o
         0          0          0          0          0          0   entry8b.o
         8          4          0          0          0          0   entry9a.o
        12          6          0          4          0         68   errno.o
        30          0          0          0          0          0   handlers.o
        36          8          0          0          0         68   init.o
         0          0          0          0          0          0   iusefp.o
        30          0          0          0          0         68   llshl.o
        36          0          0          0          0         68   llsshr.o
        32          0          0          0          0         68   llushr.o
        36          0          0          0          0         68   memcpya.o
        36          0          0          0          0        108   memseta.o
       390         10          0          0          0        252   printf1.o
        24          0          0          0          0         68   strcat.o
        18          0          0          0          0         68   strcpy.o
        44          0          0          0          0         80   uidiv.o
        98          0          0          0          0         92   uldiv.o
        48          0          0          0          0         68   cdcmple.o
        48          0          0          0          0         68   cdrcmple.o
        56          0          0          0          0         88   d2f.o
       334          0          0          0          0        148   dadd.o
       222          0          0          0          0        100   ddiv.o
       186          0          0          0          0        176   depilogue.o
        62          0          0          0          0         80   dfixi.o
        34          0          0          0          0         76   dflti.o
       228          0          0          0          0         96   dmul.o
        46          0          0          0          0         80   dscalb.o
       162          0          0          0          0        100   dsqrt.o
        38          0          0          0          0         68   f2d.o
       110          0          0          0          0        168   fepilogue.o

    ----------------------------------------------------------------------
      7954        572       2352          4          0      27556   Library Totals
        16          0          4          0          0          0   (incl. Padding)

    ----------------------------------------------------------------------

      Code (inc. data)   RO Data    RW Data    ZI Data      Debug   Library Name

       268         30       2052          0          0      22688   arm_cortexM4lf_math.lib
      5164        510        296          0          0       2476   m_wm.l
       932         32          0          4          0       1076   mc_w.l
      1574          0          0          0          0       1316   mf_w.l

    ----------------------------------------------------------------------
      7954        572       2352          4          0      27556   Library Totals

    ----------------------------------------------------------------------

==============================================================================


      Code (inc. data)   RO Data    RW Data    ZI Data      Debug   

     43956       3590       3908        656      24336    2473288   Grand Totals
     43956       3590       3908        156      24336    2473288   ELF Image Totals (compressed)
     43956       3590       3908        156          0          0   ROM Totals

==============================================================================

    Total RO  Size (Code + RO Data)                47864 (  46.74kB)
    Total RW  Size (RW Data + ZI Data)             24992 (  24.41kB)
    Total ROM Size (Code + RO Data + RW Data)      48020 (  46.89kB)

==============================================================================

