<html>
<body>
<pre>
<h1>礦ision Build Log</h1>
<h2>Tool Versions:</h2>
IDE-Version: μVision V5.34.0.0
Copyright (C) 2021 ARM Ltd and ARM Germany GmbH. All rights reserved.
License Information: keyi keyi, axs, LIC=YA39H-WKMFH-PC7J8-3Z79J-85HIX-B3TUN
 
Tool Versions:
Toolchain:       MDK-ARM Plus  Version: 5.34.0.0
Toolchain Path:  C:\Keil_v5\ARM\ARMCC\Bin
C Compiler:      Armcc.exe V5.06 update 7 (build 960)
Assembler:       Armasm.exe V5.06 update 7 (build 960)
Linker/Locator:  ArmLink.exe V5.06 update 7 (build 960)
Library Manager: ArmAr.exe V5.06 update 7 (build 960)
Hex Converter:   FromElf.exe V5.06 update 7 (build 960)
CPU DLL:         SARMCM3.DLL V5.34.0.0
Dialog DLL:      DCM.DLL V1.17.3.0
Target DLL:      CMSIS_AGDI.dll V1.32.13.0
Dialog DLL:      TCM.DLL V1.48.0.0
 
<h2>Project:</h2>
D:\新建文件夹\Seasky_INA226-main (2)\software\MDK-ARM\沧海，&横流.uvprojx
Project File Date:  12/04/2022

<h2>Output:</h2>
*** Using Compiler 'V5.06 update 7 (build 960)', folder: 'C:\Keil_v5\ARM\ARMCC\Bin'
Build target 'template'
assembling startup_stm32f10x_md.s...
compiling core_cm3.c...
compiling bsp_crc8.c...
compiling bsp_crc16.c...
compiling bsp_protocol.c...
..\algorithm\Protocol\bsp_protocol.h(41): warning:  #1-D: last line of file ends without a newline
  #endif
..\algorithm\Protocol\bsp_protocol.c(157): warning:  #1-D: last line of file ends without a newline
  }
..\algorithm\Protocol\bsp_protocol.c: 2 warnings, 0 errors
compiling heap_4.c...
compiling croutine.c...
compiling list.c...
compiling event_groups.c...
compiling timers.c...
compiling ina226_task.c...
..\algorithm\Protocol\bsp_protocol.h(41): warning:  #1-D: last line of file ends without a newline
  #endif
..\application\ina226_task.c(132): warning:  #1-D: last line of file ends without a newline
  }
..\application\ina226_task.c(114): warning:  #177-D: variable "tx_len"  was declared but never referenced
  	static uint16_t tx_len;
..\application\ina226_task.c: 3 warnings, 0 errors
compiling stream_buffer.c...
compiling queue.c...
compiling port.c...
compiling tasks.c...
compiling misc.c...
compiling stm32f10x_bkp.c...
compiling stm32f10x_crc.c...
compiling stm32f10x_adc.c...
compiling stm32f10x_cec.c...
compiling stm32f10x_can.c...
compiling stm32f10x_dac.c...
compiling stm32f10x_exti.c...
compiling stm32f10x_dbgmcu.c...
compiling stm32f10x_dma.c...
compiling stm32f10x_flash.c...
compiling stm32f10x_fsmc.c...
compiling stm32f10x_gpio.c...
compiling stm32f10x_iwdg.c...
compiling stm32f10x_i2c.c...
compiling stm32f10x_pwr.c...
compiling stm32f10x_rtc.c...
compiling stm32f10x_rcc.c...
compiling stm32f10x_spi.c...
compiling stm32f10x_sdio.c...
compiling stm32f10x_usart.c...
compiling stm32f10x_tim.c...
compiling stm32f10x_wwdg.c...
compiling delay.c...
compiling stm32f10x_it.c...
compiling system_stm32f10x.c...
compiling main.c...
..\algorithm\Protocol\bsp_protocol.h(41): warning:  #1-D: last line of file ends without a newline
  #endif
..\user\src\main.c: 1 warning, 0 errors
compiling start_task.c...
..\algorithm\Protocol\bsp_protocol.h(41): warning:  #1-D: last line of file ends without a newline
  #endif
..\user\src\start_task.c: 1 warning, 0 errors
compiling sys.c...
compiling bsp_led.c...
compiling bsp_usart.c...
..\algorithm\Protocol\bsp_protocol.h(41): warning:  #1-D: last line of file ends without a newline
  #endif
..\groundwork\USART\bsp_usart.c: 1 warning, 0 errors
compiling bsp_iic.c...
compiling bsp_ina226.c...
compiling bsp_can.c...
..\algorithm\Protocol\bsp_protocol.h(41): warning:  #1-D: last line of file ends without a newline
  #endif
..\groundwork\CAN\bsp_can.c: 1 warning, 0 errors
linking...
Program Size: Code=12924 RO-data=268 RW-data=232 ZI-data=14864  
FromELF: creating hex file...
"..\hex\沧海，&横流.axf" - 0 Error(s), 9 Warning(s).

<h2>Software Packages used:</h2>

Package Vendor: Keil
                http://www.keil.com/pack/Keil.STM32F1xx_DFP.2.4.0.pack
                Keil.STM32F1xx_DFP.2.4.0
                STMicroelectronics STM32F1 Series Device Support, Drivers and Examples

<h2>Collection of Component include folders:</h2>
  C:\Users\keyi\AppData\Local\Arm\Packs\Keil\STM32F1xx_DFP\2.4.0\Device\Include

<h2>Collection of Component Files used:</h2>
Build Time Elapsed:  00:00:02
</pre>
</body>
</html>
